Loading  HuggingFaceTB/SmolVLM2-500M-Video-Instruct weights ...
`torch_dtype` is deprecated! Use `dtype` instead!

Reducing the number of VLM layers to 16 ...



clean_s1000/clean:   0%|          | 1/1747 [00:01<50:34,  1.74s/it]
       clean_s1000 on clean       masked 0.04841 ± 0.00088   reported 0.04755   (50 eps, 27947 frames)
{
 "policy": "clean_s1000",
 "dataset": "clean",
 "norm_from": "clean_s1000",
 "n_episodes": 50,
 "n_frames": 27947,
 "masked": 0.048411693423986435,
 "masked_se": 0.0008770720451138914,
 "masked_ci": [
  0.04672282934188843,
  0.05012430623173714
 ],
 "reported": 0.04754886660853512
}
Loading  HuggingFaceTB/SmolVLM2-500M-Video-Instruct weights ...
`torch_dtype` is deprecated! Use `dtype` instead!

Reducing the number of VLM layers to 16 ...



clean_s2000/clean:   0%|          | 1/1747 [00:02<58:50,  2.02s/it]
       clean_s2000 on clean       masked 0.04823 ± 0.00086   reported 0.04738   (50 eps, 27947 frames)
{
 "policy": "clean_s2000",
 "dataset": "clean",
 "norm_from": "clean_s2000",
 "n_episodes": 50,
 "n_frames": 27947,
 "masked": 0.04823208972811699,
 "masked_se": 0.0008603373426012695,
 "masked_ci": [
  0.04656798392534256,
  0.049905188381671906
 ],
 "reported": 0.04738235519091739
}
Loading  HuggingFaceTB/SmolVLM2-500M-Video-Instruct weights ...
`torch_dtype` is deprecated! Use `dtype` instead!

Reducing the number of VLM layers to 16 ...



Fetching 6 files: 100%|██████████| 6/6 [00:05<00:00,  1.05s/it]

randomized_s1000/randomized:   0%|          | 1/1981 [00:01<47:34,  1.44s/it]
  randomized_s1000 on randomized  masked 0.03700 ± 0.00069   reported 0.03654   (50 eps, 31682 frames)
{
 "policy": "randomized_s1000",
 "dataset": "randomized",
 "norm_from": "randomized_s1000",
 "n_episodes": 50,
 "n_frames": 31682,
 "masked": 0.03699879348278046,
 "masked_se": 0.000685717910528183,
 "masked_ci": [
  0.03565468639135361,
  0.038344599306583405
 ],
 "reported": 0.03653747156435853
}
Loading  HuggingFaceTB/SmolVLM2-500M-Video-Instruct weights ...
`torch_dtype` is deprecated! Use `dtype` instead!

Reducing the number of VLM layers to 16 ...



randomized_s2000/randomized:   0%|          | 1/1981 [00:02<1:16:13,  2.31s/it]
randomized_s2000/randomized:   0%|          | 2/1981 [00:02<35:48,  1.09s/it]  
  randomized_s2000 on randomized  masked 0.03683 ± 0.00070   reported 0.03637   (50 eps, 31682 frames)
{
 "policy": "randomized_s2000",
 "dataset": "randomized",
 "norm_from": "randomized_s2000",
 "n_episodes": 50,
 "n_frames": 31682,
 "masked": 0.03683023527264595,
 "masked_se": 0.0006955458084121346,
 "masked_ci": [
  0.035453975200653076,
  0.03820605203509331
 ],
 "reported": 0.03636962518848914
}
Loading  HuggingFaceTB/SmolVLM2-500M-Video-Instruct weights ...
`torch_dtype` is deprecated! Use `dtype` instead!

Reducing the number of VLM layers to 16 ...



Fetching 3 files:  67%|██████▋   | 2/3 [00:03<00:02,  2.10s/it]
Fetching 3 files: 100%|██████████| 3/3 [00:05<00:00,  2.13s/it]
Fetching 3 files: 100%|██████████| 3/3 [00:05<00:00,  1.99s/it]

recovery_s1000/recovery:   0%|          | 1/2011 [00:01<1:01:26,  1.83s/it]
    recovery_s1000 on recovery    masked 0.05419 ± 0.00107   reported 0.05367   (50 eps, 32170 frames)
{
 "policy": "recovery_s1000",
 "dataset": "recovery",
 "norm_from": "recovery_s1000",
 "n_episodes": 50,
 "n_frames": 32170,
 "masked": 0.054192084819078445,
 "masked_se": 0.001067332224920392,
 "masked_ci": [
  0.052151717245578766,
  0.056420620530843735
 ],
 "reported": 0.05366917105222116
}
Loading  HuggingFaceTB/SmolVLM2-500M-Video-Instruct weights ...
`torch_dtype` is deprecated! Use `dtype` instead!

Reducing the number of VLM layers to 16 ...



recovery_s2000/recovery:   0%|          | 1/2011 [00:01<52:08,  1.56s/it]
    recovery_s2000 on recovery    masked 0.05380 ± 0.00105   reported 0.05328   (50 eps, 32170 frames)
{
 "policy": "recovery_s2000",
 "dataset": "recovery",
 "norm_from": "recovery_s2000",
 "n_episodes": 50,
 "n_frames": 32170,
 "masked": 0.053798187524080276,
 "masked_se": 0.0010516702895984054,
 "masked_ci": [
  0.051812753081321716,
  0.05601603910326958
 ],
 "reported": 0.05327611292316778
}
Loading  HuggingFaceTB/SmolVLM2-500M-Video-Instruct weights ...
`torch_dtype` is deprecated! Use `dtype` instead!

Reducing the number of VLM layers to 16 ...



Fetching 3 files:  67%|██████▋   | 2/3 [00:02<00:01,  1.46s/it]
Fetching 3 files: 100%|██████████| 3/3 [00:05<00:00,  1.95s/it]
Fetching 3 files: 100%|██████████| 3/3 [00:05<00:00,  1.75s/it]

color_s1000/color:   0%|          | 1/1553 [00:01<36:11,  1.40s/it]
       color_s1000 on color       masked 0.05159 ± 0.00082   reported 0.05099   (50 eps, 24847 frames)
{
 "policy": "color_s1000",
 "dataset": "color",
 "norm_from": "color_s1000",
 "n_episodes": 50,
 "n_frames": 24847,
 "masked": 0.051594603806734085,
 "masked_se": 0.0008202834287658334,
 "masked_ci": [
  0.05007418990135193,
  0.05322623997926712
 ],
 "reported": 0.05098876254624872
}
Loading  HuggingFaceTB/SmolVLM2-500M-Video-Instruct weights ...
`torch_dtype` is deprecated! Use `dtype` instead!

Reducing the number of VLM layers to 16 ...



color_s2000/color:   0%|          | 1/1553 [00:01<43:27,  1.68s/it]
       color_s2000 on color       masked 0.05151 ± 0.00081   reported 0.05089   (50 eps, 24847 frames)
{
 "policy": "color_s2000",
 "dataset": "color",
 "norm_from": "color_s2000",
 "n_episodes": 50,
 "n_frames": 24847,
 "masked": 0.051511991769075394,
 "masked_se": 0.0008094652439467609,
 "masked_ci": [
  0.0499764047563076,
  0.05311892554163933
 ],
 "reported": 0.05089354478027432
}
Loading  HuggingFaceTB/SmolVLM2-500M-Video-Instruct weights ...
`torch_dtype` is deprecated! Use `dtype` instead!

Reducing the number of VLM layers to 16 ...



Fetching 4 files:  25%|██▌       | 1/4 [00:01<00:03,  1.10s/it]
Fetching 4 files:  75%|███████▌  | 3/4 [00:03<00:01,  1.07s/it]
Fetching 4 files: 100%|██████████| 4/4 [00:07<00:00,  2.22s/it]
Fetching 4 files: 100%|██████████| 4/4 [00:07<00:00,  1.77s/it]

color_slowpace/slowpace:   0%|          | 1/2157 [00:01<58:55,  1.64s/it]
    color_slowpace on slowpace    masked 0.04703 ± 0.00095   reported 0.04668   (50 eps, 34511 frames)
{
 "policy": "color_slowpace",
 "dataset": "slowpace",
 "norm_from": "color_slowpace",
 "n_episodes": 50,
 "n_frames": 34511,
 "masked": 0.04703075438737869,
 "masked_se": 0.0009454890387132764,
 "masked_ci": [
  0.045144084841012955,
  0.04885157570242882
 ],
 "reported": 0.04667772312670259
}
Loading  HuggingFaceTB/SmolVLM2-500M-Video-Instruct weights ...
`torch_dtype` is deprecated! Use `dtype` instead!

Reducing the number of VLM layers to 16 ...



Fetching 3 files:  33%|███▎      | 1/3 [00:01<00:03,  1.57s/it]
Fetching 3 files:  67%|██████▋   | 2/3 [00:04<00:02,  2.24s/it]
Fetching 3 files: 100%|██████████| 3/3 [00:09<00:00,  3.70s/it]
Fetching 3 files: 100%|██████████| 3/3 [00:09<00:00,  3.24s/it]

density/density:   0%|          | 1/1647 [00:01<40:51,  1.49s/it]
           density on density     masked 0.05705 ± 0.00091   reported 0.05615   (50 eps, 26349 frames)
{
 "policy": "density",
 "dataset": "density",
 "norm_from": "density",
 "n_episodes": 50,
 "n_frames": 26349,
 "masked": 0.05705053359270096,
 "masked_se": 0.0009059160365723073,
 "masked_ci": [
  0.05530335754156113,
  0.05885971337556839
 ],
 "reported": 0.056147865594855635
}
