
Loading  HuggingFaceTB/SmolVLM2-500M-Video-Instruct weights ...
`torch_dtype` is deprecated! Use `dtype` instead!

Loading weights:   0%|          | 1/489 [00:01<10:12,  1.25s/it]
Reducing the number of VLM layers to 16 ...
Loading  HuggingFaceTB/SmolVLM2-500M-Video-Instruct weights ...

Reducing the number of VLM layers to 16 ...
Loading  HuggingFaceTB/SmolVLM2-500M-Video-Instruct weights ...

Reducing the number of VLM layers to 16 ...
Loading  HuggingFaceTB/SmolVLM2-500M-Video-Instruct weights ...

Reducing the number of VLM layers to 16 ...
Loading  HuggingFaceTB/SmolVLM2-500M-Video-Instruct weights ...

Reducing the number of VLM layers to 16 ...
Loading  HuggingFaceTB/SmolVLM2-500M-Video-Instruct weights ...

Reducing the number of VLM layers to 16 ...
Loading  HuggingFaceTB/SmolVLM2-500M-Video-Instruct weights ...

Reducing the number of VLM layers to 16 ...
Loading  HuggingFaceTB/SmolVLM2-500M-Video-Instruct weights ...

Reducing the number of VLM layers to 16 ...
Loading  HuggingFaceTB/SmolVLM2-500M-Video-Instruct weights ...

Reducing the number of VLM layers to 16 ...
Loading  HuggingFaceTB/SmolVLM2-500M-Video-Instruct weights ...

Reducing the number of VLM layers to 16 ...
             policy budget  max_diff_vs_pool  max_diff_vs_subset
     density5_s1000      5      8.482658e-07            1.553388
     density5_s2000      5      8.482658e-07            1.553388
    density10_s1000     10      8.482658e-07            1.037208
    density10_s2000     10      8.482658e-07            1.037208
    density25_s1000     25      8.482658e-07            0.669886
    density25_s2000     25      8.482658e-07            0.669886
    density50_s1000     50      8.482658e-07            0.261490
    density50_s2000     50      8.482658e-07            0.261490
density25_fixedstep     25      8.482658e-07            0.669886
density50_fixedstep     50      8.482658e-07            0.261490

wrote analysis/out_loss/norm_stats_check.csv
