=== control color_s2000 on clean Wed Sep 23 03:17:24 UTC 2026
Loading  HuggingFaceTB/SmolVLM2-500M-Video-Instruct weights ...
`torch_dtype` is deprecated! Use `dtype` instead!

Reducing the number of VLM layers to 16 ...

  preprocessor steps: ['RenameObservationsProcessorStep', 'AddBatchDimensionProcessorStep', 'NewLineTaskProcessorStep', 'TokenizerProcessorStep', 'DeviceProcessorStep', 'NormalizerProcessorStep']



Traceback (most recent call last):
  File "/workspace/so101-vla-data-study/tools/deterministic_loss.py", line 298, in <module>
    main()
  File "/workspace/so101-vla-data-study/tools/deterministic_loss.py", line 293, in main
    r = score(args.policy, args.dataset, args.device, args.episodes, args.norm_from)
        ^^^^^^^^^^^^^^^^^^^^^^^^^^^^^^^^^^^^^^^^^^^^^^^^^^^^^^^^^^^^^^^^^^^^^^^^^^^^
  File "/workspace/so101-vla-data-study/tools/deterministic_loss.py", line 178, in score
    per_sample, loss_dict = policy.forward(
                            ^^^^^^^^^^^^^^^
  File "/workspace/venv/lib/python3.12/site-packages/lerobot/policies/smolvla/modeling_smolvla.py", line 375, in forward
    images, img_masks = self.prepare_images(batch)
                        ^^^^^^^^^^^^^^^^^^^^^^^^^^
  File "/workspace/venv/lib/python3.12/site-packages/lerobot/policies/smolvla/modeling_smolvla.py", line 425, in prepare_images
    raise ValueError(
ValueError: All image features are missing from the batch. At least one expected. (batch: dict_keys(['action', 'next.reward', 'next.done', 'next.truncated', 'info', 'action_is_pad', 'task', 'index', 'task_index', 'episode_index', 'timestamp', 'observation.images.overhead', 'observation.images.wrist', 'observation.state', 'observation.language.tokens', 'observation.language.attention_mask'])) (image_features:{'observation.images.camera1': PolicyFeature(type=<FeatureType.VISUAL: 'VISUAL'>, shape=(3, 256, 256)), 'observation.images.camera2': PolicyFeature(type=<FeatureType.VISUAL: 'VISUAL'>, shape=(3, 256, 256)), 'observation.images.camera3': PolicyFeature(type=<FeatureType.VISUAL: 'VISUAL'>, shape=(3, 256, 256))})
=== control clean_s1000 on density Wed Sep 23 03:19:02 UTC 2026
Loading  HuggingFaceTB/SmolVLM2-500M-Video-Instruct weights ...
`torch_dtype` is deprecated! Use `dtype` instead!

Reducing the number of VLM layers to 16 ...

  preprocessor steps: ['RenameObservationsProcessorStep', 'AddBatchDimensionProcessorStep', 'NewLineTaskProcessorStep', 'TokenizerProcessorStep', 'DeviceProcessorStep', 'NormalizerProcessorStep']



Traceback (most recent call last):
  File "/workspace/so101-vla-data-study/tools/deterministic_loss.py", line 298, in <module>
    main()
  File "/workspace/so101-vla-data-study/tools/deterministic_loss.py", line 293, in main
    r = score(args.policy, args.dataset, args.device, args.episodes, args.norm_from)
        ^^^^^^^^^^^^^^^^^^^^^^^^^^^^^^^^^^^^^^^^^^^^^^^^^^^^^^^^^^^^^^^^^^^^^^^^^^^^
  File "/workspace/so101-vla-data-study/tools/deterministic_loss.py", line 178, in score
    per_sample, loss_dict = policy.forward(
                            ^^^^^^^^^^^^^^^
  File "/workspace/venv/lib/python3.12/site-packages/lerobot/policies/smolvla/modeling_smolvla.py", line 375, in forward
    images, img_masks = self.prepare_images(batch)
                        ^^^^^^^^^^^^^^^^^^^^^^^^^^
  File "/workspace/venv/lib/python3.12/site-packages/lerobot/policies/smolvla/modeling_smolvla.py", line 425, in prepare_images
    raise ValueError(
ValueError: All image features are missing from the batch. At least one expected. (batch: dict_keys(['action', 'next.reward', 'next.done', 'next.truncated', 'info', 'action_is_pad', 'task', 'index', 'task_index', 'episode_index', 'timestamp', 'observation.images.overhead', 'observation.images.wrist', 'observation.state', 'observation.language.tokens', 'observation.language.attention_mask'])) (image_features:{'observation.images.camera1': PolicyFeature(type=<FeatureType.VISUAL: 'VISUAL'>, shape=(3, 256, 256)), 'observation.images.camera2': PolicyFeature(type=<FeatureType.VISUAL: 'VISUAL'>, shape=(3, 256, 256)), 'observation.images.camera3': PolicyFeature(type=<FeatureType.VISUAL: 'VISUAL'>, shape=(3, 256, 256))})
=== control randomized_s1000 on density Wed Sep 23 03:20:08 UTC 2026
Loading  HuggingFaceTB/SmolVLM2-500M-Video-Instruct weights ...
`torch_dtype` is deprecated! Use `dtype` instead!

Reducing the number of VLM layers to 16 ...

  preprocessor steps: ['RenameObservationsProcessorStep', 'AddBatchDimensionProcessorStep', 'NewLineTaskProcessorStep', 'TokenizerProcessorStep', 'DeviceProcessorStep', 'NormalizerProcessorStep']



Traceback (most recent call last):
  File "/workspace/so101-vla-data-study/tools/deterministic_loss.py", line 298, in <module>
    main()
  File "/workspace/so101-vla-data-study/tools/deterministic_loss.py", line 293, in main
    r = score(args.policy, args.dataset, args.device, args.episodes, args.norm_from)
        ^^^^^^^^^^^^^^^^^^^^^^^^^^^^^^^^^^^^^^^^^^^^^^^^^^^^^^^^^^^^^^^^^^^^^^^^^^^^
  File "/workspace/so101-vla-data-study/tools/deterministic_loss.py", line 178, in score
    per_sample, loss_dict = policy.forward(
                            ^^^^^^^^^^^^^^^
  File "/workspace/venv/lib/python3.12/site-packages/lerobot/policies/smolvla/modeling_smolvla.py", line 375, in forward
    images, img_masks = self.prepare_images(batch)
                        ^^^^^^^^^^^^^^^^^^^^^^^^^^
  File "/workspace/venv/lib/python3.12/site-packages/lerobot/policies/smolvla/modeling_smolvla.py", line 425, in prepare_images
    raise ValueError(
ValueError: All image features are missing from the batch. At least one expected. (batch: dict_keys(['action', 'next.reward', 'next.done', 'next.truncated', 'info', 'action_is_pad', 'task', 'index', 'task_index', 'episode_index', 'timestamp', 'observation.images.overhead', 'observation.images.wrist', 'observation.state', 'observation.language.tokens', 'observation.language.attention_mask'])) (image_features:{'observation.images.camera1': PolicyFeature(type=<FeatureType.VISUAL: 'VISUAL'>, shape=(3, 256, 256)), 'observation.images.camera2': PolicyFeature(type=<FeatureType.VISUAL: 'VISUAL'>, shape=(3, 256, 256)), 'observation.images.camera3': PolicyFeature(type=<FeatureType.VISUAL: 'VISUAL'>, shape=(3, 256, 256))})
=== held-out Wed Sep 23 03:21:15 UTC 2026
20 held-out demonstrations

Loading  HuggingFaceTB/SmolVLM2-500M-Video-Instruct weights ...
`torch_dtype` is deprecated! Use `dtype` instead!

Reducing the number of VLM layers to 16 ...
  preprocessor steps: ['RenameObservationsProcessorStep', 'AddBatchDimensionProcessorStep', 'NewLineTaskProcessorStep', 'TokenizerProcessorStep', 'DeviceProcessorStep', 'NormalizerProcessorStep']



Fetching 6 files:  50%|█████     | 3/6 [00:04<00:04,  1.57s/it]
Fetching 6 files:  67%|██████▋   | 4/6 [00:04<00:02,  1.12s/it]

density5_s1000/pool:   0%|          | 1/734 [00:05<1:02:36,  5.13s/it]
density5_s1000/pool:   0%|          | 2/734 [00:05<27:19,  2.24s/it]  
density5_s1000/pool:   0%|          | 3/734 [00:05<15:57,  1.31s/it]
    density5_s1000 on pool        masked 0.20001 ± 0.01073   reported 0.19880   (20 eps, 11739 frames)
Loading  HuggingFaceTB/SmolVLM2-500M-Video-Instruct weights ...

Reducing the number of VLM layers to 16 ...
  preprocessor steps: ['RenameObservationsProcessorStep', 'AddBatchDimensionProcessorStep', 'NewLineTaskProcessorStep', 'TokenizerProcessorStep', 'DeviceProcessorStep', 'NormalizerProcessorStep']



density5_s2000/pool:   0%|          | 1/734 [00:02<28:47,  2.36s/it]
density5_s2000/pool:   0%|          | 2/734 [00:02<16:00,  1.31s/it]
    density5_s2000 on pool        masked 0.20167 ± 0.01117   reported 0.20046   (20 eps, 11739 frames)
Loading  HuggingFaceTB/SmolVLM2-500M-Video-Instruct weights ...

Reducing the number of VLM layers to 16 ...
  preprocessor steps: ['RenameObservationsProcessorStep', 'AddBatchDimensionProcessorStep', 'NewLineTaskProcessorStep', 'TokenizerProcessorStep', 'DeviceProcessorStep', 'NormalizerProcessorStep']



density10_s1000/pool:   0%|          | 1/734 [00:02<34:55,  2.86s/it]
density10_s1000/pool:   0%|          | 2/734 [00:03<15:47,  1.29s/it]
   density10_s1000 on pool        masked 0.16915 ± 0.00696   reported 0.16802   (20 eps, 11739 frames)
Loading  HuggingFaceTB/SmolVLM2-500M-Video-Instruct weights ...

Reducing the number of VLM layers to 16 ...
  preprocessor steps: ['RenameObservationsProcessorStep', 'AddBatchDimensionProcessorStep', 'NewLineTaskProcessorStep', 'TokenizerProcessorStep', 'DeviceProcessorStep', 'NormalizerProcessorStep']



density10_s2000/pool:   0%|          | 1/734 [00:03<40:25,  3.31s/it]
density10_s2000/pool:   0%|          | 2/734 [00:03<18:02,  1.48s/it]
   density10_s2000 on pool        masked 0.17161 ± 0.00718   reported 0.17047   (20 eps, 11739 frames)
Loading  HuggingFaceTB/SmolVLM2-500M-Video-Instruct weights ...

Reducing the number of VLM layers to 16 ...
  preprocessor steps: ['RenameObservationsProcessorStep', 'AddBatchDimensionProcessorStep', 'NewLineTaskProcessorStep', 'TokenizerProcessorStep', 'DeviceProcessorStep', 'NormalizerProcessorStep']



density25_s1000/pool:   0%|          | 1/734 [00:02<28:22,  2.32s/it]
density25_s1000/pool:   0%|          | 2/734 [00:02<15:12,  1.25s/it]
   density25_s1000 on pool        masked 0.14517 ± 0.00649   reported 0.14421   (20 eps, 11739 frames)
Loading  HuggingFaceTB/SmolVLM2-500M-Video-Instruct weights ...

Reducing the number of VLM layers to 16 ...
  preprocessor steps: ['RenameObservationsProcessorStep', 'AddBatchDimensionProcessorStep', 'NewLineTaskProcessorStep', 'TokenizerProcessorStep', 'DeviceProcessorStep', 'NormalizerProcessorStep']



density25_s2000/pool:   0%|          | 1/734 [00:02<34:05,  2.79s/it]
density25_s2000/pool:   0%|          | 2/734 [00:02<15:28,  1.27s/it]
   density25_s2000 on pool        masked 0.14541 ± 0.00650   reported 0.14445   (20 eps, 11739 frames)
Loading  HuggingFaceTB/SmolVLM2-500M-Video-Instruct weights ...

Reducing the number of VLM layers to 16 ...
  preprocessor steps: ['RenameObservationsProcessorStep', 'AddBatchDimensionProcessorStep', 'NewLineTaskProcessorStep', 'TokenizerProcessorStep', 'DeviceProcessorStep', 'NormalizerProcessorStep']



density50_s1000/pool:   0%|          | 1/734 [00:02<31:26,  2.57s/it]
density50_s1000/pool:   0%|          | 2/734 [00:02<15:16,  1.25s/it]
   density50_s1000 on pool        masked 0.13034 ± 0.00651   reported 0.12948   (20 eps, 11739 frames)
Loading  HuggingFaceTB/SmolVLM2-500M-Video-Instruct weights ...

Reducing the number of VLM layers to 16 ...
  preprocessor steps: ['RenameObservationsProcessorStep', 'AddBatchDimensionProcessorStep', 'NewLineTaskProcessorStep', 'TokenizerProcessorStep', 'DeviceProcessorStep', 'NormalizerProcessorStep']



density50_s2000/pool:   0%|          | 1/734 [00:03<43:14,  3.54s/it]
density50_s2000/pool:   0%|          | 2/734 [00:04<24:49,  2.03s/it]
density50_s2000/pool:   0%|          | 3/734 [00:04<14:35,  1.20s/it]
   density50_s2000 on pool        masked 0.12957 ± 0.00651   reported 0.12871   (20 eps, 11739 frames)
Loading  HuggingFaceTB/SmolVLM2-500M-Video-Instruct weights ...

Reducing the number of VLM layers to 16 ...
  preprocessor steps: ['RenameObservationsProcessorStep', 'AddBatchDimensionProcessorStep', 'NewLineTaskProcessorStep', 'TokenizerProcessorStep', 'DeviceProcessorStep', 'NormalizerProcessorStep']



density25_fixedstep/pool:   0%|          | 1/734 [00:03<38:17,  3.13s/it]
density25_fixedstep/pool:   0%|          | 2/734 [00:03<17:09,  1.41s/it]
density25_fixedstep on pool        masked 0.10760 ± 0.00378   reported 0.10660   (20 eps, 11739 frames)
Loading  HuggingFaceTB/SmolVLM2-500M-Video-Instruct weights ...

Reducing the number of VLM layers to 16 ...
  preprocessor steps: ['RenameObservationsProcessorStep', 'AddBatchDimensionProcessorStep', 'NewLineTaskProcessorStep', 'TokenizerProcessorStep', 'DeviceProcessorStep', 'NormalizerProcessorStep']



density50_fixedstep/pool:   0%|          | 1/734 [00:06<1:14:45,  6.12s/it]
density50_fixedstep/pool:   0%|          | 2/734 [00:06<32:16,  2.65s/it]  
density50_fixedstep/pool:   0%|          | 3/734 [00:06<18:40,  1.53s/it]
density50_fixedstep/pool:   1%|          | 4/734 [00:06<12:17,  1.01s/it]
density50_fixedstep on pool        masked 0.10271 ± 0.00353   reported 0.10176   (20 eps, 11739 frames)

wrote analysis/out_loss/held_out.json
=== sharpness rho 0.05 Wed Sep 23 03:50:41 UTC 2026
Loading  HuggingFaceTB/SmolVLM2-500M-Video-Instruct weights ...
`torch_dtype` is deprecated! Use `dtype` instead!

Reducing the number of VLM layers to 16 ...



clean_s1000/clean:   0%|          | 1/361 [00:05<35:36,  5.93s/it]
clean_s1000/clean:   1%|          | 2/361 [00:06<15:21,  2.57s/it]
clean_s1000/clean:   1%|          | 3/361 [00:06<08:54,  1.49s/it]



clean_s1000/clean:   0%|          | 1/361 [00:02<14:52,  2.48s/it]
clean_s1000/clean:   1%|          | 2/361 [00:02<07:45,  1.30s/it]
  clean_s1000 dir 0: 0.05290 / 0.05002 = 1.058



clean_s1000/clean:   0%|          | 1/361 [00:02<14:16,  2.38s/it]
clean_s1000/clean:   1%|          | 2/361 [00:02<07:06,  1.19s/it]
  clean_s1000 dir 1: 0.05201 / 0.05002 = 1.040



clean_s1000/clean:   0%|          | 1/361 [00:02<17:00,  2.84s/it]
clean_s1000/clean:   1%|          | 2/361 [00:03<07:41,  1.29s/it]
  clean_s1000 dir 2: 0.05114 / 0.05002 = 1.022



clean_s1000/clean:   0%|          | 1/361 [00:02<14:31,  2.42s/it]
clean_s1000/clean:   1%|          | 2/361 [00:02<07:45,  1.30s/it]
  clean_s1000 dir 3: 0.05237 / 0.05002 = 1.047



clean_s1000/clean:   0%|          | 1/361 [00:02<16:17,  2.71s/it]
clean_s1000/clean:   1%|          | 2/361 [00:02<07:26,  1.24s/it]
  clean_s1000 dir 4: 0.05194 / 0.05002 = 1.038

     policy dataset  n_episodes  ref_loss  mean_ratio  sd_ratio
clean_s1000   clean          10      0.05      1.0411    0.0115

wrote analysis/out_loss/sharpness_rho0.05.json
=== sharpness rho 0.1 Wed Sep 23 04:00:04 UTC 2026
Loading  HuggingFaceTB/SmolVLM2-500M-Video-Instruct weights ...
`torch_dtype` is deprecated! Use `dtype` instead!

Loading weights:   0%|          | 1/489 [00:01<08:13,  1.01s/it]
Reducing the number of VLM layers to 16 ...



clean_s1000/clean:   0%|          | 1/361 [00:05<32:23,  5.40s/it]
clean_s1000/clean:   1%|          | 2/361 [00:05<14:05,  2.35s/it]
clean_s1000/clean:   1%|          | 3/361 [00:05<08:10,  1.37s/it]



clean_s1000/clean:   0%|          | 1/361 [00:02<14:11,  2.37s/it]
clean_s1000/clean:   1%|          | 2/361 [00:02<07:20,  1.23s/it]
  clean_s1000 dir 0: 0.06110 / 0.05002 = 1.222



clean_s1000/clean:   0%|          | 1/361 [00:02<14:54,  2.49s/it]
clean_s1000/clean:   1%|          | 2/361 [00:03<08:16,  1.38s/it]
  clean_s1000 dir 1: 0.05801 / 0.05002 = 1.160



clean_s1000/clean:   0%|          | 1/361 [00:02<17:17,  2.88s/it]
clean_s1000/clean:   1%|          | 2/361 [00:03<07:48,  1.30s/it]
  clean_s1000 dir 2: 0.05484 / 0.05002 = 1.097



clean_s1000/clean:   0%|          | 1/361 [00:02<16:17,  2.71s/it]
clean_s1000/clean:   1%|          | 2/361 [00:02<07:27,  1.25s/it]
  clean_s1000 dir 3: 0.05953 / 0.05002 = 1.190



clean_s1000/clean:   0%|          | 1/361 [00:02<14:28,  2.41s/it]
clean_s1000/clean:   1%|          | 2/361 [00:02<07:49,  1.31s/it]
  clean_s1000 dir 4: 0.05799 / 0.05002 = 1.159

     policy dataset  n_episodes  ref_loss  mean_ratio  sd_ratio
clean_s1000   clean          10      0.05      1.1655    0.0414

wrote analysis/out_loss/sharpness_rho0.1.json
=== sweep matrix Wed Sep 23 04:09:26 UTC 2026
Loading  HuggingFaceTB/SmolVLM2-500M-Video-Instruct weights ...
`torch_dtype` is deprecated! Use `dtype` instead!

Reducing the number of VLM layers to 16 ...
  preprocessor steps: ['RenameObservationsProcessorStep', 'AddBatchDimensionProcessorStep', 'NewLineTaskProcessorStep', 'TokenizerProcessorStep', 'DeviceProcessorStep', 'NormalizerProcessorStep']



density5_s1000/clean:   0%|          | 1/1747 [00:05<2:40:26,  5.51s/it]
density5_s1000/clean:   0%|          | 2/1747 [00:05<1:09:46,  2.40s/it]
density5_s1000/clean:   0%|          | 3/1747 [00:05<40:37,  1.40s/it]  
    density5_s1000 on clean       masked 0.36466 ± 0.01255   reported 0.36291   (50 eps, 27947 frames)
Loading  HuggingFaceTB/SmolVLM2-500M-Video-Instruct weights ...

Reducing the number of VLM layers to 16 ...
  preprocessor steps: ['RenameObservationsProcessorStep', 'AddBatchDimensionProcessorStep', 'NewLineTaskProcessorStep', 'TokenizerProcessorStep', 'DeviceProcessorStep', 'NormalizerProcessorStep']



density5_s1000/randomized:   0%|          | 1/1981 [00:02<1:32:36,  2.81s/it]
density5_s1000/randomized:   0%|          | 2/1981 [00:03<44:13,  1.34s/it]  
    density5_s1000 on randomized  masked 0.37625 ± 0.02860   reported 0.37511   (50 eps, 31682 frames)
Loading  HuggingFaceTB/SmolVLM2-500M-Video-Instruct weights ...

Reducing the number of VLM layers to 16 ...
  preprocessor steps: ['RenameObservationsProcessorStep', 'AddBatchDimensionProcessorStep', 'NewLineTaskProcessorStep', 'TokenizerProcessorStep', 'DeviceProcessorStep', 'NormalizerProcessorStep']



density5_s1000/recovery:   0%|          | 1/2011 [00:02<1:37:23,  2.91s/it]
density5_s1000/recovery:   0%|          | 2/2011 [00:03<44:02,  1.32s/it]  
    density5_s1000 on recovery    masked 0.40462 ± 0.05447   reported 0.40318   (50 eps, 32170 frames)
Loading  HuggingFaceTB/SmolVLM2-500M-Video-Instruct weights ...

Loading weights:   0%|          | 1/489 [00:01<08:36,  1.06s/it]
Reducing the number of VLM layers to 16 ...
  preprocessor steps: ['RenameObservationsProcessorStep', 'AddBatchDimensionProcessorStep', 'NewLineTaskProcessorStep', 'TokenizerProcessorStep', 'DeviceProcessorStep', 'NormalizerProcessorStep']



density5_s1000/color:   0%|          | 1/1553 [00:02<1:11:03,  2.75s/it]
density5_s1000/color:   0%|          | 2/1553 [00:03<35:32,  1.37s/it]  
    density5_s1000 on color       masked 0.27358 ± 0.01164   reported 0.27211   (50 eps, 24847 frames)
Loading  HuggingFaceTB/SmolVLM2-500M-Video-Instruct weights ...

Reducing the number of VLM layers to 16 ...
  preprocessor steps: ['RenameObservationsProcessorStep', 'AddBatchDimensionProcessorStep', 'NewLineTaskProcessorStep', 'TokenizerProcessorStep', 'DeviceProcessorStep', 'NormalizerProcessorStep']



density5_s1000/slowpace:   0%|          | 1/2157 [00:03<1:50:30,  3.08s/it]
density5_s1000/slowpace:   0%|          | 2/2157 [00:03<49:51,  1.39s/it]  
    density5_s1000 on slowpace    masked 0.27778 ± 0.00908   reported 0.27695   (50 eps, 34511 frames)
Loading  HuggingFaceTB/SmolVLM2-500M-Video-Instruct weights ...

Reducing the number of VLM layers to 16 ...
  preprocessor steps: ['RenameObservationsProcessorStep', 'AddBatchDimensionProcessorStep', 'NewLineTaskProcessorStep', 'TokenizerProcessorStep', 'DeviceProcessorStep', 'NormalizerProcessorStep']



density5_s1000/density:   0%|          | 1/1647 [00:03<1:23:01,  3.03s/it]
density5_s1000/density:   0%|          | 2/1647 [00:03<37:21,  1.36s/it]  
    density5_s1000 on density     masked 0.20562 ± 0.00697   reported 0.20366   (50 eps, 26349 frames)
Loading  HuggingFaceTB/SmolVLM2-500M-Video-Instruct weights ...

Reducing the number of VLM layers to 16 ...
  preprocessor steps: ['RenameObservationsProcessorStep', 'AddBatchDimensionProcessorStep', 'NewLineTaskProcessorStep', 'TokenizerProcessorStep', 'DeviceProcessorStep', 'NormalizerProcessorStep']



density5_s2000/clean:   0%|          | 1/1747 [00:02<1:09:47,  2.40s/it]
density5_s2000/clean:   0%|          | 2/1747 [00:02<34:00,  1.17s/it]  
    density5_s2000 on clean       masked 0.37385 ± 0.01266   reported 0.37194   (50 eps, 27947 frames)
Loading  HuggingFaceTB/SmolVLM2-500M-Video-Instruct weights ...

Reducing the number of VLM layers to 16 ...
  preprocessor steps: ['RenameObservationsProcessorStep', 'AddBatchDimensionProcessorStep', 'NewLineTaskProcessorStep', 'TokenizerProcessorStep', 'DeviceProcessorStep', 'NormalizerProcessorStep']



density5_s2000/randomized:   0%|          | 1/1981 [00:02<1:36:38,  2.93s/it]
density5_s2000/randomized:   0%|          | 2/1981 [00:03<50:06,  1.52s/it]  
    density5_s2000 on randomized  masked 0.37864 ± 0.02885   reported 0.37750   (50 eps, 31682 frames)
Loading  HuggingFaceTB/SmolVLM2-500M-Video-Instruct weights ...

Reducing the number of VLM layers to 16 ...
  preprocessor steps: ['RenameObservationsProcessorStep', 'AddBatchDimensionProcessorStep', 'NewLineTaskProcessorStep', 'TokenizerProcessorStep', 'DeviceProcessorStep', 'NormalizerProcessorStep']



density5_s2000/recovery:   0%|          | 1/2011 [00:02<1:34:07,  2.81s/it]
density5_s2000/recovery:   0%|          | 2/2011 [00:03<47:03,  1.41s/it]  
    density5_s2000 on recovery    masked 0.40787 ± 0.05582   reported 0.40651   (50 eps, 32170 frames)
Loading  HuggingFaceTB/SmolVLM2-500M-Video-Instruct weights ...

Reducing the number of VLM layers to 16 ...
  preprocessor steps: ['RenameObservationsProcessorStep', 'AddBatchDimensionProcessorStep', 'NewLineTaskProcessorStep', 'TokenizerProcessorStep', 'DeviceProcessorStep', 'NormalizerProcessorStep']



density5_s2000/color:   0%|          | 1/1553 [00:03<1:33:29,  3.61s/it]
density5_s2000/color:   0%|          | 2/1553 [00:03<41:35,  1.61s/it]  
    density5_s2000 on color       masked 0.26955 ± 0.01153   reported 0.26820   (50 eps, 24847 frames)
Loading  HuggingFaceTB/SmolVLM2-500M-Video-Instruct weights ...

Reducing the number of VLM layers to 16 ...
  preprocessor steps: ['RenameObservationsProcessorStep', 'AddBatchDimensionProcessorStep', 'NewLineTaskProcessorStep', 'TokenizerProcessorStep', 'DeviceProcessorStep', 'NormalizerProcessorStep']



density5_s2000/slowpace:   0%|          | 1/2157 [00:03<2:03:07,  3.43s/it]
density5_s2000/slowpace:   0%|          | 2/2157 [00:03<54:58,  1.53s/it]  
    density5_s2000 on slowpace    masked 0.28084 ± 0.00940   reported 0.28000   (50 eps, 34511 frames)
Loading  HuggingFaceTB/SmolVLM2-500M-Video-Instruct weights ...

Reducing the number of VLM layers to 16 ...
  preprocessor steps: ['RenameObservationsProcessorStep', 'AddBatchDimensionProcessorStep', 'NewLineTaskProcessorStep', 'TokenizerProcessorStep', 'DeviceProcessorStep', 'NormalizerProcessorStep']



density5_s2000/density:   0%|          | 1/1647 [00:02<1:12:57,  2.66s/it]
density5_s2000/density:   0%|          | 2/1647 [00:02<33:51,  1.24s/it]  
    density5_s2000 on density     masked 0.20639 ± 0.00716   reported 0.20454   (50 eps, 26349 frames)
Loading  HuggingFaceTB/SmolVLM2-500M-Video-Instruct weights ...

Reducing the number of VLM layers to 16 ...
  preprocessor steps: ['RenameObservationsProcessorStep', 'AddBatchDimensionProcessorStep', 'NewLineTaskProcessorStep', 'TokenizerProcessorStep', 'DeviceProcessorStep', 'NormalizerProcessorStep']



density10_s1000/clean:   0%|          | 1/1747 [00:02<1:17:01,  2.65s/it]
density10_s1000/clean:   0%|          | 2/1747 [00:02<36:38,  1.26s/it]  
   density10_s1000 on clean       masked 0.28785 ± 0.00903   reported 0.28627   (50 eps, 27947 frames)
Loading  HuggingFaceTB/SmolVLM2-500M-Video-Instruct weights ...

Reducing the number of VLM layers to 16 ...
  preprocessor steps: ['RenameObservationsProcessorStep', 'AddBatchDimensionProcessorStep', 'NewLineTaskProcessorStep', 'TokenizerProcessorStep', 'DeviceProcessorStep', 'NormalizerProcessorStep']



density10_s1000/randomized:   0%|          | 1/1981 [00:03<2:11:08,  3.97s/it]
density10_s1000/randomized:   0%|          | 2/1981 [00:04<57:50,  1.75s/it]  
density10_s1000/randomized:   0%|          | 3/1981 [00:04<34:29,  1.05s/it]
   density10_s1000 on randomized  masked 0.36011 ± 0.02764   reported 0.35905   (50 eps, 31682 frames)
Loading  HuggingFaceTB/SmolVLM2-500M-Video-Instruct weights ...

Reducing the number of VLM layers to 16 ...
  preprocessor steps: ['RenameObservationsProcessorStep', 'AddBatchDimensionProcessorStep', 'NewLineTaskProcessorStep', 'TokenizerProcessorStep', 'DeviceProcessorStep', 'NormalizerProcessorStep']



density10_s1000/recovery:   0%|          | 1/2011 [00:05<2:49:54,  5.07s/it]
density10_s1000/recovery:   0%|          | 2/2011 [00:05<1:21:08,  2.42s/it]
density10_s1000/recovery:   0%|          | 3/2011 [00:05<47:10,  1.41s/it]  
   density10_s1000 on recovery    masked 0.37728 ± 0.05964   reported 0.37598   (50 eps, 32170 frames)
Loading  HuggingFaceTB/SmolVLM2-500M-Video-Instruct weights ...

Reducing the number of VLM layers to 16 ...
  preprocessor steps: ['RenameObservationsProcessorStep', 'AddBatchDimensionProcessorStep', 'NewLineTaskProcessorStep', 'TokenizerProcessorStep', 'DeviceProcessorStep', 'NormalizerProcessorStep']



density10_s1000/color:   0%|          | 1/1553 [00:03<1:17:46,  3.01s/it]
density10_s1000/color:   0%|          | 2/1553 [00:03<35:03,  1.36s/it]  
   density10_s1000 on color       masked 0.24195 ± 0.00918   reported 0.24071   (50 eps, 24847 frames)
Loading  HuggingFaceTB/SmolVLM2-500M-Video-Instruct weights ...

Reducing the number of VLM layers to 16 ...
  preprocessor steps: ['RenameObservationsProcessorStep', 'AddBatchDimensionProcessorStep', 'NewLineTaskProcessorStep', 'TokenizerProcessorStep', 'DeviceProcessorStep', 'NormalizerProcessorStep']



density10_s1000/slowpace:   0%|          | 1/2157 [00:03<1:52:51,  3.14s/it]
density10_s1000/slowpace:   0%|          | 2/2157 [00:03<51:15,  1.43s/it]  
   density10_s1000 on slowpace    masked 0.23409 ± 0.00707   reported 0.23339   (50 eps, 34511 frames)
Loading  HuggingFaceTB/SmolVLM2-500M-Video-Instruct weights ...

Reducing the number of VLM layers to 16 ...
  preprocessor steps: ['RenameObservationsProcessorStep', 'AddBatchDimensionProcessorStep', 'NewLineTaskProcessorStep', 'TokenizerProcessorStep', 'DeviceProcessorStep', 'NormalizerProcessorStep']



density10_s1000/density:   0%|          | 1/1647 [00:03<1:40:41,  3.67s/it]
density10_s1000/density:   0%|          | 2/1647 [00:03<44:43,  1.63s/it]  
   density10_s1000 on density     masked 0.18162 ± 0.00604   reported 0.17976   (50 eps, 26349 frames)
Loading  HuggingFaceTB/SmolVLM2-500M-Video-Instruct weights ...

Reducing the number of VLM layers to 16 ...
  preprocessor steps: ['RenameObservationsProcessorStep', 'AddBatchDimensionProcessorStep', 'NewLineTaskProcessorStep', 'TokenizerProcessorStep', 'DeviceProcessorStep', 'NormalizerProcessorStep']



density10_s2000/clean:   0%|          | 1/1747 [00:04<2:04:41,  4.29s/it]
density10_s2000/clean:   0%|          | 2/1747 [00:04<1:02:15,  2.14s/it]
density10_s2000/clean:   0%|          | 3/1747 [00:05<36:29,  1.26s/it]  
   density10_s2000 on clean       masked 0.29686 ± 0.00940   reported 0.29530   (50 eps, 27947 frames)
Loading  HuggingFaceTB/SmolVLM2-500M-Video-Instruct weights ...

Reducing the number of VLM layers to 16 ...
  preprocessor steps: ['RenameObservationsProcessorStep', 'AddBatchDimensionProcessorStep', 'NewLineTaskProcessorStep', 'TokenizerProcessorStep', 'DeviceProcessorStep', 'NormalizerProcessorStep']



density10_s2000/randomized:   0%|          | 1/1981 [00:05<3:00:26,  5.47s/it]
density10_s2000/randomized:   0%|          | 2/1981 [00:06<1:29:58,  2.73s/it]
density10_s2000/randomized:   0%|          | 3/1981 [00:06<51:54,  1.57s/it]  
density10_s2000/randomized:   0%|          | 4/1981 [00:06<34:09,  1.04s/it]
   density10_s2000 on randomized  masked 0.36307 ± 0.02814   reported 0.36203   (50 eps, 31682 frames)
Loading  HuggingFaceTB/SmolVLM2-500M-Video-Instruct weights ...

Loading weights:   0%|          | 1/489 [00:01<08:57,  1.10s/it]
Reducing the number of VLM layers to 16 ...
  preprocessor steps: ['RenameObservationsProcessorStep', 'AddBatchDimensionProcessorStep', 'NewLineTaskProcessorStep', 'TokenizerProcessorStep', 'DeviceProcessorStep', 'NormalizerProcessorStep']



density10_s2000/recovery:   0%|          | 1/2011 [00:05<2:51:32,  5.12s/it]
density10_s2000/recovery:   0%|          | 2/2011 [00:05<1:14:34,  2.23s/it]
density10_s2000/recovery:   0%|          | 3/2011 [00:05<43:51,  1.31s/it]  
   density10_s2000 on recovery    masked 0.37348 ± 0.05845   reported 0.37207   (50 eps, 32170 frames)
Loading  HuggingFaceTB/SmolVLM2-500M-Video-Instruct weights ...

Reducing the number of VLM layers to 16 ...
  preprocessor steps: ['RenameObservationsProcessorStep', 'AddBatchDimensionProcessorStep', 'NewLineTaskProcessorStep', 'TokenizerProcessorStep', 'DeviceProcessorStep', 'NormalizerProcessorStep']



density10_s2000/color:   0%|          | 1/1553 [00:04<1:51:39,  4.32s/it]
density10_s2000/color:   0%|          | 2/1553 [00:04<53:01,  2.05s/it]  
density10_s2000/color:   0%|          | 3/1553 [00:04<31:12,  1.21s/it]
   density10_s2000 on color       masked 0.23997 ± 0.00901   reported 0.23875   (50 eps, 24847 frames)
Loading  HuggingFaceTB/SmolVLM2-500M-Video-Instruct weights ...

Loading weights:   0%|          | 1/489 [00:01<08:35,  1.06s/it]
Reducing the number of VLM layers to 16 ...
  preprocessor steps: ['RenameObservationsProcessorStep', 'AddBatchDimensionProcessorStep', 'NewLineTaskProcessorStep', 'TokenizerProcessorStep', 'DeviceProcessorStep', 'NormalizerProcessorStep']



density10_s2000/slowpace:   0%|          | 1/2157 [00:04<2:43:57,  4.56s/it]
density10_s2000/slowpace:   0%|          | 2/2157 [00:04<1:12:01,  2.01s/it]
density10_s2000/slowpace:   0%|          | 3/2157 [00:04<42:36,  1.19s/it]  
   density10_s2000 on slowpace    masked 0.23539 ± 0.00728   reported 0.23465   (50 eps, 34511 frames)
Loading  HuggingFaceTB/SmolVLM2-500M-Video-Instruct weights ...

Reducing the number of VLM layers to 16 ...
  preprocessor steps: ['RenameObservationsProcessorStep', 'AddBatchDimensionProcessorStep', 'NewLineTaskProcessorStep', 'TokenizerProcessorStep', 'DeviceProcessorStep', 'NormalizerProcessorStep']



density10_s2000/density:   0%|          | 1/1647 [00:05<2:32:04,  5.54s/it]
density10_s2000/density:   0%|          | 2/1647 [00:06<1:19:17,  2.89s/it]
density10_s2000/density:   0%|          | 3/1647 [00:06<45:43,  1.67s/it]  
density10_s2000/density:   0%|          | 4/1647 [00:07<30:01,  1.10s/it]
   density10_s2000 on density     masked 0.18402 ± 0.00592   reported 0.18201   (50 eps, 26349 frames)
Loading  HuggingFaceTB/SmolVLM2-500M-Video-Instruct weights ...

Loading weights:   0%|          | 1/489 [00:01<08:29,  1.04s/it]
Reducing the number of VLM layers to 16 ...
  preprocessor steps: ['RenameObservationsProcessorStep', 'AddBatchDimensionProcessorStep', 'NewLineTaskProcessorStep', 'TokenizerProcessorStep', 'DeviceProcessorStep', 'NormalizerProcessorStep']



density25_s1000/clean:   0%|          | 1/1747 [00:03<1:52:12,  3.86s/it]
density25_s1000/clean:   0%|          | 2/1747 [00:04<49:37,  1.71s/it]  
density25_s1000/clean:   0%|          | 3/1747 [00:04<29:47,  1.02s/it]
   density25_s1000 on clean       masked 0.29819 ± 0.00963   reported 0.29632   (50 eps, 27947 frames)
Loading  HuggingFaceTB/SmolVLM2-500M-Video-Instruct weights ...

Reducing the number of VLM layers to 16 ...
  preprocessor steps: ['RenameObservationsProcessorStep', 'AddBatchDimensionProcessorStep', 'NewLineTaskProcessorStep', 'TokenizerProcessorStep', 'DeviceProcessorStep', 'NormalizerProcessorStep']



density25_s1000/randomized:   0%|          | 1/1981 [00:04<2:41:09,  4.88s/it]
density25_s1000/randomized:   0%|          | 2/1981 [00:05<1:10:12,  2.13s/it]
density25_s1000/randomized:   0%|          | 3/1981 [00:05<41:14,  1.25s/it]  
   density25_s1000 on randomized  masked 0.33731 ± 0.02684   reported 0.33623   (50 eps, 31682 frames)
Loading  HuggingFaceTB/SmolVLM2-500M-Video-Instruct weights ...

Reducing the number of VLM layers to 16 ...
  preprocessor steps: ['RenameObservationsProcessorStep', 'AddBatchDimensionProcessorStep', 'NewLineTaskProcessorStep', 'TokenizerProcessorStep', 'DeviceProcessorStep', 'NormalizerProcessorStep']



density25_s1000/recovery:   0%|          | 1/2011 [00:03<1:53:37,  3.39s/it]
density25_s1000/recovery:   0%|          | 2/2011 [00:03<50:43,  1.51s/it]  
   density25_s1000 on recovery    masked 0.33731 ± 0.05446   reported 0.33623   (50 eps, 32170 frames)
Loading  HuggingFaceTB/SmolVLM2-500M-Video-Instruct weights ...

Reducing the number of VLM layers to 16 ...
  preprocessor steps: ['RenameObservationsProcessorStep', 'AddBatchDimensionProcessorStep', 'NewLineTaskProcessorStep', 'TokenizerProcessorStep', 'DeviceProcessorStep', 'NormalizerProcessorStep']



density25_s1000/color:   0%|          | 1/1553 [00:04<1:45:56,  4.10s/it]
density25_s1000/color:   0%|          | 2/1553 [00:04<47:49,  1.85s/it]  
density25_s1000/color:   0%|          | 3/1553 [00:04<28:29,  1.10s/it]
   density25_s1000 on color       masked 0.22127 ± 0.00883   reported 0.22027   (50 eps, 24847 frames)
Loading  HuggingFaceTB/SmolVLM2-500M-Video-Instruct weights ...

Loading weights:   0%|          | 1/489 [00:01<12:22,  1.52s/it]
Reducing the number of VLM layers to 16 ...
  preprocessor steps: ['RenameObservationsProcessorStep', 'AddBatchDimensionProcessorStep', 'NewLineTaskProcessorStep', 'TokenizerProcessorStep', 'DeviceProcessorStep', 'NormalizerProcessorStep']



density25_s1000/slowpace:   0%|          | 1/2157 [00:05<3:27:49,  5.78s/it]
density25_s1000/slowpace:   0%|          | 2/2157 [00:06<1:31:54,  2.56s/it]
density25_s1000/slowpace:   0%|          | 3/2157 [00:06<53:28,  1.49s/it]  
   density25_s1000 on slowpace    masked 0.22327 ± 0.00808   reported 0.22259   (50 eps, 34511 frames)
Loading  HuggingFaceTB/SmolVLM2-500M-Video-Instruct weights ...

Loading weights:   0%|          | 1/489 [00:01<08:55,  1.10s/it]
Reducing the number of VLM layers to 16 ...
  preprocessor steps: ['RenameObservationsProcessorStep', 'AddBatchDimensionProcessorStep', 'NewLineTaskProcessorStep', 'TokenizerProcessorStep', 'DeviceProcessorStep', 'NormalizerProcessorStep']



density25_s1000/density:   0%|          | 1/1647 [00:03<1:32:08,  3.36s/it]
density25_s1000/density:   0%|          | 2/1647 [00:03<47:34,  1.74s/it]  
density25_s1000/density:   0%|          | 3/1647 [00:04<28:21,  1.04s/it]
   density25_s1000 on density     masked 0.17829 ± 0.00573   reported 0.17671   (50 eps, 26349 frames)
Loading  HuggingFaceTB/SmolVLM2-500M-Video-Instruct weights ...

Loading weights:   0%|          | 1/489 [00:01<09:01,  1.11s/it]
Reducing the number of VLM layers to 16 ...
  preprocessor steps: ['RenameObservationsProcessorStep', 'AddBatchDimensionProcessorStep', 'NewLineTaskProcessorStep', 'TokenizerProcessorStep', 'DeviceProcessorStep', 'NormalizerProcessorStep']



density25_s2000/clean:   0%|          | 1/1747 [00:03<1:31:30,  3.14s/it]
density25_s2000/clean:   0%|          | 2/1747 [00:03<41:17,  1.42s/it]  
   density25_s2000 on clean       masked 0.28857 ± 0.00941   reported 0.28690   (50 eps, 27947 frames)
Loading  HuggingFaceTB/SmolVLM2-500M-Video-Instruct weights ...

Reducing the number of VLM layers to 16 ...
  preprocessor steps: ['RenameObservationsProcessorStep', 'AddBatchDimensionProcessorStep', 'NewLineTaskProcessorStep', 'TokenizerProcessorStep', 'DeviceProcessorStep', 'NormalizerProcessorStep']



density25_s2000/randomized:   0%|          | 1/1981 [00:04<2:18:04,  4.18s/it]
density25_s2000/randomized:   0%|          | 2/1981 [00:04<1:09:10,  2.10s/it]
density25_s2000/randomized:   0%|          | 3/1981 [00:05<40:35,  1.23s/it]  
   density25_s2000 on randomized  masked 0.32824 ± 0.02558   reported 0.32722   (50 eps, 31682 frames)
Loading  HuggingFaceTB/SmolVLM2-500M-Video-Instruct weights ...

Loading weights:   0%|          | 1/489 [00:01<09:41,  1.19s/it]
Reducing the number of VLM layers to 16 ...
  preprocessor steps: ['RenameObservationsProcessorStep', 'AddBatchDimensionProcessorStep', 'NewLineTaskProcessorStep', 'TokenizerProcessorStep', 'DeviceProcessorStep', 'NormalizerProcessorStep']



density25_s2000/recovery:   0%|          | 1/2011 [00:03<2:13:29,  3.98s/it]
density25_s2000/recovery:   0%|          | 2/2011 [00:04<1:11:54,  2.15s/it]
density25_s2000/recovery:   0%|          | 3/2011 [00:05<42:09,  1.26s/it]  
   density25_s2000 on recovery    masked 0.33915 ± 0.05309   reported 0.33807   (50 eps, 32170 frames)
Loading  HuggingFaceTB/SmolVLM2-500M-Video-Instruct weights ...

Reducing the number of VLM layers to 16 ...
  preprocessor steps: ['RenameObservationsProcessorStep', 'AddBatchDimensionProcessorStep', 'NewLineTaskProcessorStep', 'TokenizerProcessorStep', 'DeviceProcessorStep', 'NormalizerProcessorStep']



density25_s2000/color:   0%|          | 1/1553 [00:03<1:30:28,  3.50s/it]
density25_s2000/color:   0%|          | 2/1553 [00:03<40:16,  1.56s/it]  
   density25_s2000 on color       masked 0.22473 ± 0.00896   reported 0.22365   (50 eps, 24847 frames)
Loading  HuggingFaceTB/SmolVLM2-500M-Video-Instruct weights ...

Loading weights:   0%|          | 1/489 [00:01<08:29,  1.04s/it]
Reducing the number of VLM layers to 16 ...
  preprocessor steps: ['RenameObservationsProcessorStep', 'AddBatchDimensionProcessorStep', 'NewLineTaskProcessorStep', 'TokenizerProcessorStep', 'DeviceProcessorStep', 'NormalizerProcessorStep']



density25_s2000/slowpace:   0%|          | 1/2157 [00:03<1:59:18,  3.32s/it]
density25_s2000/slowpace:   0%|          | 2/2157 [00:03<55:38,  1.55s/it]  
   density25_s2000 on slowpace    masked 0.21784 ± 0.00730   reported 0.21722   (50 eps, 34511 frames)
Loading  HuggingFaceTB/SmolVLM2-500M-Video-Instruct weights ...

Reducing the number of VLM layers to 16 ...
  preprocessor steps: ['RenameObservationsProcessorStep', 'AddBatchDimensionProcessorStep', 'NewLineTaskProcessorStep', 'TokenizerProcessorStep', 'DeviceProcessorStep', 'NormalizerProcessorStep']



density25_s2000/density:   0%|          | 1/1647 [00:03<1:23:23,  3.04s/it]
density25_s2000/density:   0%|          | 2/1647 [00:03<46:46,  1.71s/it]  
density25_s2000/density:   0%|          | 3/1647 [00:04<27:58,  1.02s/it]
   density25_s2000 on density     masked 0.17647 ± 0.00550   reported 0.17477   (50 eps, 26349 frames)
Loading  HuggingFaceTB/SmolVLM2-500M-Video-Instruct weights ...

Loading weights:   0%|          | 1/489 [00:01<09:52,  1.21s/it]
Reducing the number of VLM layers to 16 ...
  preprocessor steps: ['RenameObservationsProcessorStep', 'AddBatchDimensionProcessorStep', 'NewLineTaskProcessorStep', 'TokenizerProcessorStep', 'DeviceProcessorStep', 'NormalizerProcessorStep']



density50_s1000/clean:   0%|          | 1/1747 [00:04<2:16:02,  4.67s/it]
density50_s1000/clean:   0%|          | 2/1747 [00:05<1:10:54,  2.44s/it]
density50_s1000/clean:   0%|          | 3/1747 [00:05<41:11,  1.42s/it]  
   density50_s1000 on clean       masked 0.27738 ± 0.00720   reported 0.27576   (50 eps, 27947 frames)
Loading  HuggingFaceTB/SmolVLM2-500M-Video-Instruct weights ...

Loading weights:   0%|          | 1/489 [00:01<08:24,  1.03s/it]
Reducing the number of VLM layers to 16 ...
  preprocessor steps: ['RenameObservationsProcessorStep', 'AddBatchDimensionProcessorStep', 'NewLineTaskProcessorStep', 'TokenizerProcessorStep', 'DeviceProcessorStep', 'NormalizerProcessorStep']



density50_s1000/randomized:   0%|          | 1/1981 [00:05<2:45:59,  5.03s/it]
density50_s1000/randomized:   0%|          | 2/1981 [00:05<1:12:26,  2.20s/it]
density50_s1000/randomized:   0%|          | 3/1981 [00:05<42:41,  1.30s/it]  
   density50_s1000 on randomized  masked 0.31131 ± 0.02501   reported 0.31034   (50 eps, 31682 frames)
Loading  HuggingFaceTB/SmolVLM2-500M-Video-Instruct weights ...

Reducing the number of VLM layers to 16 ...
  preprocessor steps: ['RenameObservationsProcessorStep', 'AddBatchDimensionProcessorStep', 'NewLineTaskProcessorStep', 'TokenizerProcessorStep', 'DeviceProcessorStep', 'NormalizerProcessorStep']



density50_s1000/recovery:   0%|          | 1/2011 [00:03<1:55:15,  3.44s/it]
density50_s1000/recovery:   0%|          | 2/2011 [00:03<51:41,  1.54s/it]  
   density50_s1000 on recovery    masked 0.32746 ± 0.05497   reported 0.32649   (50 eps, 32170 frames)
Loading  HuggingFaceTB/SmolVLM2-500M-Video-Instruct weights ...

Loading weights:   0%|          | 1/489 [00:01<08:25,  1.04s/it]
Reducing the number of VLM layers to 16 ...
  preprocessor steps: ['RenameObservationsProcessorStep', 'AddBatchDimensionProcessorStep', 'NewLineTaskProcessorStep', 'TokenizerProcessorStep', 'DeviceProcessorStep', 'NormalizerProcessorStep']



density50_s1000/color:   0%|          | 1/1553 [00:02<1:16:33,  2.96s/it]
density50_s1000/color:   0%|          | 2/1553 [00:03<37:01,  1.43s/it]  
   density50_s1000 on color       masked 0.20622 ± 0.00873   reported 0.20532   (50 eps, 24847 frames)
Loading  HuggingFaceTB/SmolVLM2-500M-Video-Instruct weights ...

Reducing the number of VLM layers to 16 ...
  preprocessor steps: ['RenameObservationsProcessorStep', 'AddBatchDimensionProcessorStep', 'NewLineTaskProcessorStep', 'TokenizerProcessorStep', 'DeviceProcessorStep', 'NormalizerProcessorStep']



density50_s1000/slowpace:   0%|          | 1/2157 [00:03<2:01:44,  3.39s/it]
density50_s1000/slowpace:   0%|          | 2/2157 [00:03<54:20,  1.51s/it]  
   density50_s1000 on slowpace    masked 0.20365 ± 0.00800   reported 0.20300   (50 eps, 34511 frames)
Loading  HuggingFaceTB/SmolVLM2-500M-Video-Instruct weights ...

Reducing the number of VLM layers to 16 ...
  preprocessor steps: ['RenameObservationsProcessorStep', 'AddBatchDimensionProcessorStep', 'NewLineTaskProcessorStep', 'TokenizerProcessorStep', 'DeviceProcessorStep', 'NormalizerProcessorStep']



density50_s1000/density:   0%|          | 1/1647 [00:02<1:17:21,  2.82s/it]
density50_s1000/density:   0%|          | 2/1647 [00:03<36:17,  1.32s/it]  
   density50_s1000 on density     masked 0.16028 ± 0.00541   reported 0.15895   (50 eps, 26349 frames)
Loading  HuggingFaceTB/SmolVLM2-500M-Video-Instruct weights ...

Reducing the number of VLM layers to 16 ...
  preprocessor steps: ['RenameObservationsProcessorStep', 'AddBatchDimensionProcessorStep', 'NewLineTaskProcessorStep', 'TokenizerProcessorStep', 'DeviceProcessorStep', 'NormalizerProcessorStep']



density50_s2000/clean:   0%|          | 1/1747 [00:02<1:13:49,  2.54s/it]
density50_s2000/clean:   0%|          | 2/1747 [00:03<44:59,  1.55s/it]  
   density50_s2000 on clean       masked 0.27173 ± 0.00725   reported 0.27016   (50 eps, 27947 frames)
Loading  HuggingFaceTB/SmolVLM2-500M-Video-Instruct weights ...

Reducing the number of VLM layers to 16 ...
  preprocessor steps: ['RenameObservationsProcessorStep', 'AddBatchDimensionProcessorStep', 'NewLineTaskProcessorStep', 'TokenizerProcessorStep', 'DeviceProcessorStep', 'NormalizerProcessorStep']



density50_s2000/randomized:   0%|          | 1/1981 [00:03<1:46:19,  3.22s/it]
density50_s2000/randomized:   0%|          | 2/1981 [00:03<47:42,  1.45s/it]  
   density50_s2000 on randomized  masked 0.31187 ± 0.02426   reported 0.31089   (50 eps, 31682 frames)
Loading  HuggingFaceTB/SmolVLM2-500M-Video-Instruct weights ...

Reducing the number of VLM layers to 16 ...
  preprocessor steps: ['RenameObservationsProcessorStep', 'AddBatchDimensionProcessorStep', 'NewLineTaskProcessorStep', 'TokenizerProcessorStep', 'DeviceProcessorStep', 'NormalizerProcessorStep']



density50_s2000/recovery:   0%|          | 1/2011 [00:03<1:52:00,  3.34s/it]
density50_s2000/recovery:   0%|          | 2/2011 [00:03<55:40,  1.66s/it]  
   density50_s2000 on recovery    masked 0.32063 ± 0.05203   reported 0.31960   (50 eps, 32170 frames)
Loading  HuggingFaceTB/SmolVLM2-500M-Video-Instruct weights ...

Reducing the number of VLM layers to 16 ...
  preprocessor steps: ['RenameObservationsProcessorStep', 'AddBatchDimensionProcessorStep', 'NewLineTaskProcessorStep', 'TokenizerProcessorStep', 'DeviceProcessorStep', 'NormalizerProcessorStep']



density50_s2000/color:   0%|          | 1/1553 [00:03<1:19:50,  3.09s/it]
density50_s2000/color:   0%|          | 2/1553 [00:03<40:06,  1.55s/it]  
   density50_s2000 on color       masked 0.20628 ± 0.00857   reported 0.20533   (50 eps, 24847 frames)
Loading  HuggingFaceTB/SmolVLM2-500M-Video-Instruct weights ...

Loading weights:   0%|          | 1/489 [00:01<08:09,  1.00s/it]
Reducing the number of VLM layers to 16 ...
  preprocessor steps: ['RenameObservationsProcessorStep', 'AddBatchDimensionProcessorStep', 'NewLineTaskProcessorStep', 'TokenizerProcessorStep', 'DeviceProcessorStep', 'NormalizerProcessorStep']



density50_s2000/slowpace:   0%|          | 1/2157 [00:03<1:51:59,  3.12s/it]
density50_s2000/slowpace:   0%|          | 2/2157 [00:03<57:11,  1.59s/it]  
   density50_s2000 on slowpace    masked 0.20290 ± 0.00710   reported 0.20225   (50 eps, 34511 frames)
Loading  HuggingFaceTB/SmolVLM2-500M-Video-Instruct weights ...

Reducing the number of VLM layers to 16 ...
  preprocessor steps: ['RenameObservationsProcessorStep', 'AddBatchDimensionProcessorStep', 'NewLineTaskProcessorStep', 'TokenizerProcessorStep', 'DeviceProcessorStep', 'NormalizerProcessorStep']



density50_s2000/density:   0%|          | 1/1647 [00:03<1:33:58,  3.43s/it]
density50_s2000/density:   0%|          | 2/1647 [00:03<41:55,  1.53s/it]  
   density50_s2000 on density     masked 0.15915 ± 0.00551   reported 0.15758   (50 eps, 26349 frames)
Loading  HuggingFaceTB/SmolVLM2-500M-Video-Instruct weights ...

Reducing the number of VLM layers to 16 ...
  preprocessor steps: ['RenameObservationsProcessorStep', 'AddBatchDimensionProcessorStep', 'NewLineTaskProcessorStep', 'TokenizerProcessorStep', 'DeviceProcessorStep', 'NormalizerProcessorStep']



density25_fixedstep/clean:   0%|          | 1/1747 [00:03<1:32:55,  3.19s/it]
density25_fixedstep/clean:   0%|          | 2/1747 [00:03<48:17,  1.66s/it]  
density25_fixedstep on clean       masked 0.16461 ± 0.00351   reported 0.16313   (50 eps, 27947 frames)
Loading  HuggingFaceTB/SmolVLM2-500M-Video-Instruct weights ...

Loading weights:   0%|          | 1/489 [00:01<08:57,  1.10s/it]
Reducing the number of VLM layers to 16 ...
  preprocessor steps: ['RenameObservationsProcessorStep', 'AddBatchDimensionProcessorStep', 'NewLineTaskProcessorStep', 'TokenizerProcessorStep', 'DeviceProcessorStep', 'NormalizerProcessorStep']



density25_fixedstep/randomized:   0%|          | 1/1981 [00:02<1:38:57,  3.00s/it]
density25_fixedstep/randomized:   0%|          | 2/1981 [00:03<44:41,  1.35s/it]  
density25_fixedstep on randomized  masked 0.18355 ± 0.00964   reported 0.18263   (50 eps, 31682 frames)
Loading  HuggingFaceTB/SmolVLM2-500M-Video-Instruct weights ...

Reducing the number of VLM layers to 16 ...
  preprocessor steps: ['RenameObservationsProcessorStep', 'AddBatchDimensionProcessorStep', 'NewLineTaskProcessorStep', 'TokenizerProcessorStep', 'DeviceProcessorStep', 'NormalizerProcessorStep']



density25_fixedstep/recovery:   0%|          | 1/2011 [00:05<3:04:44,  5.51s/it]
density25_fixedstep/recovery:   0%|          | 2/2011 [00:05<1:20:02,  2.39s/it]
density25_fixedstep/recovery:   0%|          | 3/2011 [00:05<46:38,  1.39s/it]  
density25_fixedstep on recovery    masked 0.20434 ± 0.01967   reported 0.20325   (50 eps, 32170 frames)
Loading  HuggingFaceTB/SmolVLM2-500M-Video-Instruct weights ...

Loading weights:   0%|          | 1/489 [00:01<08:43,  1.07s/it]
Reducing the number of VLM layers to 16 ...
  preprocessor steps: ['RenameObservationsProcessorStep', 'AddBatchDimensionProcessorStep', 'NewLineTaskProcessorStep', 'TokenizerProcessorStep', 'DeviceProcessorStep', 'NormalizerProcessorStep']



density25_fixedstep/color:   0%|          | 1/1553 [00:04<1:56:11,  4.49s/it]
density25_fixedstep/color:   0%|          | 2/1553 [00:05<1:02:53,  2.43s/it]
density25_fixedstep/color:   0%|          | 3/1553 [00:05<36:33,  1.41s/it]  
density25_fixedstep on color       masked 0.14968 ± 0.00469   reported 0.14857   (50 eps, 24847 frames)
Loading  HuggingFaceTB/SmolVLM2-500M-Video-Instruct weights ...

Loading weights:   0%|          | 1/489 [00:01<09:13,  1.13s/it]
Reducing the number of VLM layers to 16 ...
  preprocessor steps: ['RenameObservationsProcessorStep', 'AddBatchDimensionProcessorStep', 'NewLineTaskProcessorStep', 'TokenizerProcessorStep', 'DeviceProcessorStep', 'NormalizerProcessorStep']



density25_fixedstep/slowpace:   0%|          | 1/2157 [00:04<2:47:25,  4.66s/it]
density25_fixedstep/slowpace:   0%|          | 2/2157 [00:04<1:13:14,  2.04s/it]
density25_fixedstep/slowpace:   0%|          | 3/2157 [00:05<43:17,  1.21s/it]  
density25_fixedstep on slowpace    masked 0.14876 ± 0.00302   reported 0.14811   (50 eps, 34511 frames)
Loading  HuggingFaceTB/SmolVLM2-500M-Video-Instruct weights ...

Loading weights:   0%|          | 1/489 [00:01<10:59,  1.35s/it]
Reducing the number of VLM layers to 16 ...
  preprocessor steps: ['RenameObservationsProcessorStep', 'AddBatchDimensionProcessorStep', 'NewLineTaskProcessorStep', 'TokenizerProcessorStep', 'DeviceProcessorStep', 'NormalizerProcessorStep']



density25_fixedstep/density:   0%|          | 1/1647 [00:04<2:07:16,  4.64s/it]
density25_fixedstep/density:   0%|          | 2/1647 [00:04<55:38,  2.03s/it]  
density25_fixedstep/density:   0%|          | 3/1647 [00:05<32:54,  1.20s/it]
density25_fixedstep on density     masked 0.11956 ± 0.00276   reported 0.11792   (50 eps, 26349 frames)
Loading  HuggingFaceTB/SmolVLM2-500M-Video-Instruct weights ...

Reducing the number of VLM layers to 16 ...
  preprocessor steps: ['RenameObservationsProcessorStep', 'AddBatchDimensionProcessorStep', 'NewLineTaskProcessorStep', 'TokenizerProcessorStep', 'DeviceProcessorStep', 'NormalizerProcessorStep']



density50_fixedstep/clean:   0%|          | 1/1747 [00:05<2:47:25,  5.75s/it]
density50_fixedstep/clean:   0%|          | 2/1747 [00:06<1:18:15,  2.69s/it]
density50_fixedstep/clean:   0%|          | 3/1747 [00:06<45:11,  1.55s/it]  
density50_fixedstep/clean:   0%|          | 4/1747 [00:06<30:00,  1.03s/it]
density50_fixedstep on clean       masked 0.15376 ± 0.00271   reported 0.15225   (50 eps, 27947 frames)
Loading  HuggingFaceTB/SmolVLM2-500M-Video-Instruct weights ...

Reducing the number of VLM layers to 16 ...
  preprocessor steps: ['RenameObservationsProcessorStep', 'AddBatchDimensionProcessorStep', 'NewLineTaskProcessorStep', 'TokenizerProcessorStep', 'DeviceProcessorStep', 'NormalizerProcessorStep']



density50_fixedstep/randomized:   0%|          | 1/1981 [00:03<1:48:04,  3.28s/it]
density50_fixedstep/randomized:   0%|          | 2/1981 [00:03<48:25,  1.47s/it]  
density50_fixedstep on randomized  masked 0.16220 ± 0.00718   reported 0.16127   (50 eps, 31682 frames)
Loading  HuggingFaceTB/SmolVLM2-500M-Video-Instruct weights ...

Reducing the number of VLM layers to 16 ...
  preprocessor steps: ['RenameObservationsProcessorStep', 'AddBatchDimensionProcessorStep', 'NewLineTaskProcessorStep', 'TokenizerProcessorStep', 'DeviceProcessorStep', 'NormalizerProcessorStep']



density50_fixedstep/recovery:   0%|          | 1/2011 [00:03<1:42:18,  3.05s/it]
density50_fixedstep/recovery:   0%|          | 2/2011 [00:03<48:53,  1.46s/it]  
density50_fixedstep on recovery    masked 0.18525 ± 0.01442   reported 0.18420   (50 eps, 32170 frames)
Loading  HuggingFaceTB/SmolVLM2-500M-Video-Instruct weights ...

Reducing the number of VLM layers to 16 ...
  preprocessor steps: ['RenameObservationsProcessorStep', 'AddBatchDimensionProcessorStep', 'NewLineTaskProcessorStep', 'TokenizerProcessorStep', 'DeviceProcessorStep', 'NormalizerProcessorStep']



density50_fixedstep/color:   0%|          | 1/1553 [00:03<1:17:58,  3.01s/it]
density50_fixedstep/color:   0%|          | 2/1553 [00:03<41:04,  1.59s/it]  
density50_fixedstep on color       masked 0.14161 ± 0.00441   reported 0.14061   (50 eps, 24847 frames)
Loading  HuggingFaceTB/SmolVLM2-500M-Video-Instruct weights ...

Reducing the number of VLM layers to 16 ...
  preprocessor steps: ['RenameObservationsProcessorStep', 'AddBatchDimensionProcessorStep', 'NewLineTaskProcessorStep', 'TokenizerProcessorStep', 'DeviceProcessorStep', 'NormalizerProcessorStep']



density50_fixedstep/slowpace:   0%|          | 1/2157 [00:03<1:56:58,  3.26s/it]
density50_fixedstep/slowpace:   0%|          | 2/2157 [00:03<52:28,  1.46s/it]  
density50_fixedstep on slowpace    masked 0.13383 ± 0.00245   reported 0.13319   (50 eps, 34511 frames)
Loading  HuggingFaceTB/SmolVLM2-500M-Video-Instruct weights ...

Loading weights:   0%|          | 1/489 [00:01<08:39,  1.07s/it]
Reducing the number of VLM layers to 16 ...
  preprocessor steps: ['RenameObservationsProcessorStep', 'AddBatchDimensionProcessorStep', 'NewLineTaskProcessorStep', 'TokenizerProcessorStep', 'DeviceProcessorStep', 'NormalizerProcessorStep']



density50_fixedstep/density:   0%|          | 1/1647 [00:05<2:24:54,  5.28s/it]
density50_fixedstep/density:   0%|          | 2/1647 [00:06<1:13:27,  2.68s/it]
density50_fixedstep/density:   0%|          | 3/1647 [00:06<42:26,  1.55s/it]  
density50_fixedstep/density:   0%|          | 4/1647 [00:06<27:59,  1.02s/it]
density50_fixedstep on density     masked 0.11149 ± 0.00256   reported 0.10997   (50 eps, 26349 frames)

wrote analysis/out_loss/sweep_matrix.json (60 cells)
=== sharpness full Wed Sep 23 10:53:21 UTC 2026
rule picked rho=0.1
Loading  HuggingFaceTB/SmolVLM2-500M-Video-Instruct weights ...
`torch_dtype` is deprecated! Use `dtype` instead!

Loading weights:   0%|          | 1/489 [00:01<08:48,  1.08s/it]
Reducing the number of VLM layers to 16 ...



clean_s1000/clean:   0%|          | 1/361 [00:09<55:17,  9.21s/it]
clean_s1000/clean:   1%|          | 2/361 [00:09<23:29,  3.93s/it]
clean_s1000/clean:   1%|          | 3/361 [00:09<13:17,  2.23s/it]
clean_s1000/clean:   1%|          | 4/361 [00:09<08:29,  1.43s/it]



clean_s1000/clean:   0%|          | 1/361 [00:02<14:00,  2.33s/it]
clean_s1000/clean:   1%|          | 2/361 [00:02<07:44,  1.29s/it]
  clean_s1000 dir 0: 0.06110 / 0.05002 = 1.222



clean_s1000/clean:   0%|          | 1/361 [00:05<30:46,  5.13s/it]
clean_s1000/clean:   1%|          | 2/361 [00:05<14:03,  2.35s/it]
clean_s1000/clean:   1%|          | 3/361 [00:05<08:12,  1.38s/it]
  clean_s1000 dir 1: 0.05801 / 0.05002 = 1.160



clean_s1000/clean:   0%|          | 1/361 [00:05<33:42,  5.62s/it]
clean_s1000/clean:   1%|          | 2/361 [00:05<14:33,  2.43s/it]
clean_s1000/clean:   1%|          | 3/361 [00:06<08:31,  1.43s/it]
  clean_s1000 dir 2: 0.05484 / 0.05002 = 1.097



clean_s1000/clean:   0%|          | 1/361 [00:04<24:03,  4.01s/it]
clean_s1000/clean:   1%|          | 2/361 [00:04<10:35,  1.77s/it]
clean_s1000/clean:   1%|          | 3/361 [00:04<06:21,  1.07s/it]
  clean_s1000 dir 3: 0.05953 / 0.05002 = 1.190



clean_s1000/clean:   0%|          | 1/361 [00:04<28:23,  4.73s/it]
clean_s1000/clean:   1%|          | 2/361 [00:05<15:29,  2.59s/it]
clean_s1000/clean:   1%|          | 3/361 [00:06<08:57,  1.50s/it]
  clean_s1000 dir 4: 0.05799 / 0.05002 = 1.159
Loading  HuggingFaceTB/SmolVLM2-500M-Video-Instruct weights ...

Reducing the number of VLM layers to 16 ...



clean_s2000/clean:   0%|          | 1/361 [00:06<37:20,  6.22s/it]
clean_s2000/clean:   1%|          | 2/361 [00:06<16:04,  2.69s/it]
clean_s2000/clean:   1%|          | 3/361 [00:06<09:19,  1.56s/it]
clean_s2000/clean:   1%|          | 4/361 [00:06<06:06,  1.03s/it]



clean_s2000/clean:   0%|          | 1/361 [00:05<30:23,  5.07s/it]
clean_s2000/clean:   1%|          | 2/361 [00:05<15:26,  2.58s/it]
clean_s2000/clean:   1%|          | 3/361 [00:06<08:54,  1.49s/it]
  clean_s2000 dir 0: 0.05996 / 0.05004 = 1.198



clean_s2000/clean:   0%|          | 1/361 [00:06<40:48,  6.80s/it]
clean_s2000/clean:   1%|          | 2/361 [00:07<20:03,  3.35s/it]
clean_s2000/clean:   1%|          | 3/361 [00:07<11:25,  1.91s/it]
clean_s2000/clean:   1%|          | 4/361 [00:08<07:22,  1.24s/it]
  clean_s2000 dir 1: 0.05817 / 0.05004 = 1.163



clean_s2000/clean:   0%|          | 1/361 [00:04<29:02,  4.84s/it]
clean_s2000/clean:   1%|          | 2/361 [00:05<14:52,  2.49s/it]
clean_s2000/clean:   1%|          | 3/361 [00:05<08:36,  1.44s/it]
  clean_s2000 dir 2: 0.05538 / 0.05004 = 1.107



clean_s2000/clean:   0%|          | 1/361 [00:05<32:33,  5.43s/it]
clean_s2000/clean:   1%|          | 2/361 [00:05<14:05,  2.36s/it]
clean_s2000/clean:   1%|          | 3/361 [00:05<08:15,  1.38s/it]
  clean_s2000 dir 3: 0.05893 / 0.05004 = 1.178



clean_s2000/clean:   0%|          | 1/361 [00:05<32:38,  5.44s/it]
clean_s2000/clean:   1%|          | 2/361 [00:06<16:13,  2.71s/it]
clean_s2000/clean:   1%|          | 3/361 [00:06<09:23,  1.57s/it]
clean_s2000/clean:   1%|          | 4/361 [00:06<06:15,  1.05s/it]
  clean_s2000 dir 4: 0.05730 / 0.05004 = 1.145
Loading  HuggingFaceTB/SmolVLM2-500M-Video-Instruct weights ...

Reducing the number of VLM layers to 16 ...



randomized_s1000/randomized:   0%|          | 1/381 [00:06<38:50,  6.13s/it]
randomized_s1000/randomized:   1%|          | 2/381 [00:07<19:21,  3.07s/it]
randomized_s1000/randomized:   1%|          | 3/381 [00:07<11:06,  1.76s/it]
randomized_s1000/randomized:   1%|          | 4/381 [00:07<07:15,  1.16s/it]



randomized_s1000/randomized:   0%|          | 1/381 [00:04<30:17,  4.78s/it]
randomized_s1000/randomized:   1%|          | 2/381 [00:06<17:11,  2.72s/it]
randomized_s1000/randomized:   1%|          | 3/381 [00:06<09:53,  1.57s/it]
randomized_s1000/randomized:   1%|          | 4/381 [00:06<06:29,  1.03s/it]
  randomized_s1000 dir 0: 0.04969 / 0.03727 = 1.333



randomized_s1000/randomized:   0%|          | 1/381 [00:06<38:46,  6.12s/it]
randomized_s1000/randomized:   1%|          | 2/381 [00:06<16:40,  2.64s/it]
randomized_s1000/randomized:   1%|          | 3/381 [00:06<09:39,  1.53s/it]
randomized_s1000/randomized:   1%|          | 4/381 [00:06<06:20,  1.01s/it]
  randomized_s1000 dir 1: 0.04604 / 0.03727 = 1.235



randomized_s1000/randomized:   0%|          | 1/381 [00:04<29:29,  4.66s/it]
randomized_s1000/randomized:   1%|          | 2/381 [00:05<15:43,  2.49s/it]
randomized_s1000/randomized:   1%|          | 3/381 [00:05<09:05,  1.44s/it]
  randomized_s1000 dir 2: 0.04226 / 0.03727 = 1.134



randomized_s1000/randomized:   0%|          | 1/381 [00:03<24:53,  3.93s/it]
randomized_s1000/randomized:   1%|          | 2/381 [00:05<14:20,  2.27s/it]
randomized_s1000/randomized:   1%|          | 3/381 [00:05<08:20,  1.32s/it]
  randomized_s1000 dir 3: 0.04615 / 0.03727 = 1.238



randomized_s1000/randomized:   0%|          | 1/381 [00:02<15:34,  2.46s/it]
randomized_s1000/randomized:   1%|          | 2/381 [00:03<09:29,  1.50s/it]
  randomized_s1000 dir 4: 0.04455 / 0.03727 = 1.195
Loading  HuggingFaceTB/SmolVLM2-500M-Video-Instruct weights ...

Loading weights:   0%|          | 1/489 [00:01<09:28,  1.17s/it]
Reducing the number of VLM layers to 16 ...



randomized_s2000/randomized:   0%|          | 1/381 [00:05<35:22,  5.59s/it]
randomized_s2000/randomized:   1%|          | 2/381 [00:06<16:33,  2.62s/it]
randomized_s2000/randomized:   1%|          | 3/381 [00:06<09:34,  1.52s/it]
randomized_s2000/randomized:   1%|          | 4/381 [00:06<06:19,  1.01s/it]



randomized_s2000/randomized:   0%|          | 1/381 [00:05<33:48,  5.34s/it]
randomized_s2000/randomized:   1%|          | 2/381 [00:06<18:39,  2.95s/it]
randomized_s2000/randomized:   1%|          | 3/381 [00:06<10:40,  1.70s/it]
randomized_s2000/randomized:   1%|          | 4/381 [00:07<06:57,  1.11s/it]
  randomized_s2000 dir 0: 0.04942 / 0.03707 = 1.333



randomized_s2000/randomized:   0%|          | 1/381 [00:04<29:01,  4.58s/it]
randomized_s2000/randomized:   1%|          | 2/381 [00:05<15:31,  2.46s/it]
randomized_s2000/randomized:   1%|          | 3/381 [00:05<08:59,  1.43s/it]
  randomized_s2000 dir 1: 0.04680 / 0.03707 = 1.262



randomized_s2000/randomized:   0%|          | 1/381 [00:05<36:02,  5.69s/it]
randomized_s2000/randomized:   1%|          | 2/381 [00:05<15:33,  2.46s/it]
randomized_s2000/randomized:   1%|          | 3/381 [00:06<09:02,  1.44s/it]
  randomized_s2000 dir 2: 0.04204 / 0.03707 = 1.134



randomized_s2000/randomized:   0%|          | 1/381 [00:03<22:28,  3.55s/it]
randomized_s2000/randomized:   1%|          | 2/381 [00:04<12:41,  2.01s/it]
randomized_s2000/randomized:   1%|          | 3/381 [00:04<07:27,  1.18s/it]
  randomized_s2000 dir 3: 0.04528 / 0.03707 = 1.221



randomized_s2000/randomized:   0%|          | 1/381 [00:06<44:01,  6.95s/it]
randomized_s2000/randomized:   1%|          | 2/381 [00:07<20:44,  3.28s/it]
randomized_s2000/randomized:   1%|          | 3/381 [00:07<11:50,  1.88s/it]
randomized_s2000/randomized:   1%|          | 4/381 [00:08<07:41,  1.22s/it]
  randomized_s2000 dir 4: 0.04443 / 0.03707 = 1.198
Loading  HuggingFaceTB/SmolVLM2-500M-Video-Instruct weights ...

Loading weights:   0%|          | 1/489 [00:01<15:20,  1.89s/it]
Reducing the number of VLM layers to 16 ...



recovery_s1000/recovery:   0%|          | 1/406 [00:05<37:56,  5.62s/it]
recovery_s1000/recovery:   0%|          | 2/406 [00:05<16:23,  2.43s/it]
recovery_s1000/recovery:   1%|          | 3/406 [00:06<09:32,  1.42s/it]



recovery_s1000/recovery:   0%|          | 1/406 [00:04<29:49,  4.42s/it]
recovery_s1000/recovery:   0%|          | 2/406 [00:04<14:28,  2.15s/it]
recovery_s1000/recovery:   1%|          | 3/406 [00:05<08:27,  1.26s/it]
  recovery_s1000 dir 0: 0.06086 / 0.05008 = 1.215



recovery_s1000/recovery:   0%|          | 1/406 [00:05<34:23,  5.10s/it]
recovery_s1000/recovery:   0%|          | 2/406 [00:05<16:20,  2.43s/it]
recovery_s1000/recovery:   1%|          | 3/406 [00:05<09:27,  1.41s/it]
  recovery_s1000 dir 1: 0.05836 / 0.05008 = 1.165



recovery_s1000/recovery:   0%|          | 1/406 [00:03<23:24,  3.47s/it]
recovery_s1000/recovery:   0%|          | 2/406 [00:04<12:17,  1.83s/it]
recovery_s1000/recovery:   1%|          | 3/406 [00:04<07:16,  1.08s/it]
  recovery_s1000 dir 2: 0.05525 / 0.05008 = 1.103



recovery_s1000/recovery:   0%|          | 1/406 [00:03<22:09,  3.28s/it]
recovery_s1000/recovery:   0%|          | 2/406 [00:04<12:10,  1.81s/it]
recovery_s1000/recovery:   1%|          | 3/406 [00:04<07:13,  1.07s/it]
  recovery_s1000 dir 3: 0.05923 / 0.05008 = 1.183



recovery_s1000/recovery:   0%|          | 1/406 [00:06<40:58,  6.07s/it]
recovery_s1000/recovery:   0%|          | 2/406 [00:06<17:37,  2.62s/it]
recovery_s1000/recovery:   1%|          | 3/406 [00:06<10:12,  1.52s/it]
recovery_s1000/recovery:   1%|          | 4/406 [00:06<06:42,  1.00s/it]
  recovery_s1000 dir 4: 0.05746 / 0.05008 = 1.147
Loading  HuggingFaceTB/SmolVLM2-500M-Video-Instruct weights ...

Reducing the number of VLM layers to 16 ...



recovery_s2000/recovery:   0%|          | 1/406 [00:04<32:04,  4.75s/it]
recovery_s2000/recovery:   0%|          | 2/406 [00:05<16:12,  2.41s/it]
recovery_s2000/recovery:   1%|          | 3/406 [00:05<09:23,  1.40s/it]



recovery_s2000/recovery:   0%|          | 1/406 [00:04<33:28,  4.96s/it]
recovery_s2000/recovery:   0%|          | 2/406 [00:05<17:24,  2.59s/it]
recovery_s2000/recovery:   1%|          | 3/406 [00:06<10:04,  1.50s/it]
  recovery_s2000 dir 0: 0.06130 / 0.04983 = 1.230



recovery_s2000/recovery:   0%|          | 1/406 [00:03<20:18,  3.01s/it]
recovery_s2000/recovery:   0%|          | 2/406 [00:03<09:08,  1.36s/it]
  recovery_s2000 dir 1: 0.05934 / 0.04983 = 1.191



recovery_s2000/recovery:   0%|          | 1/406 [00:03<25:17,  3.75s/it]
recovery_s2000/recovery:   0%|          | 2/406 [00:03<11:11,  1.66s/it]
  recovery_s2000 dir 2: 0.05555 / 0.04983 = 1.115



recovery_s2000/recovery:   0%|          | 1/406 [00:05<35:14,  5.22s/it]
recovery_s2000/recovery:   0%|          | 2/406 [00:05<15:19,  2.28s/it]
recovery_s2000/recovery:   1%|          | 3/406 [00:05<08:57,  1.33s/it]
  recovery_s2000 dir 3: 0.05876 / 0.04983 = 1.179



recovery_s2000/recovery:   0%|          | 1/406 [00:07<47:30,  7.04s/it]
recovery_s2000/recovery:   0%|          | 2/406 [00:07<20:19,  3.02s/it]
recovery_s2000/recovery:   1%|          | 3/406 [00:07<11:43,  1.75s/it]
recovery_s2000/recovery:   1%|          | 4/406 [00:07<07:38,  1.14s/it]
  recovery_s2000 dir 4: 0.05737 / 0.04983 = 1.151
Loading  HuggingFaceTB/SmolVLM2-500M-Video-Instruct weights ...

Loading weights:   0%|          | 1/489 [00:01<12:44,  1.57s/it]
Reducing the number of VLM layers to 16 ...



color_s1000/color:   0%|          | 1/286 [00:06<30:10,  6.35s/it]
color_s1000/color:   1%|          | 2/286 [00:07<14:49,  3.13s/it]
color_s1000/color:   1%|          | 3/286 [00:07<08:29,  1.80s/it]
color_s1000/color:   1%|▏         | 4/286 [00:07<05:32,  1.18s/it]



color_s1000/color:   0%|          | 1/286 [00:06<30:26,  6.41s/it]
color_s1000/color:   1%|          | 2/286 [00:06<13:07,  2.77s/it]
color_s1000/color:   1%|          | 3/286 [00:06<07:38,  1.62s/it]
color_s1000/color:   1%|▏         | 4/286 [00:07<05:01,  1.07s/it]
  color_s1000 dir 0: 0.06395 / 0.05239 = 1.221



color_s1000/color:   0%|          | 1/286 [00:05<27:09,  5.72s/it]
color_s1000/color:   1%|          | 2/286 [00:06<13:11,  2.79s/it]
color_s1000/color:   1%|          | 3/286 [00:06<07:38,  1.62s/it]
color_s1000/color:   1%|▏         | 4/286 [00:06<05:05,  1.08s/it]
  color_s1000 dir 1: 0.06210 / 0.05239 = 1.185



color_s1000/color:   0%|          | 1/286 [00:06<31:17,  6.59s/it]
color_s1000/color:   1%|          | 2/286 [00:06<13:26,  2.84s/it]
color_s1000/color:   1%|          | 3/286 [00:07<07:46,  1.65s/it]
color_s1000/color:   1%|▏         | 4/286 [00:07<05:05,  1.09s/it]
  color_s1000 dir 2: 0.05732 / 0.05239 = 1.094



color_s1000/color:   0%|          | 1/286 [00:07<34:11,  7.20s/it]
color_s1000/color:   1%|          | 2/286 [00:07<14:40,  3.10s/it]
color_s1000/color:   1%|          | 3/286 [00:07<08:31,  1.81s/it]
color_s1000/color:   1%|▏         | 4/286 [00:07<05:32,  1.18s/it]
  color_s1000 dir 3: 0.06157 / 0.05239 = 1.175



color_s1000/color:   0%|          | 1/286 [00:05<24:01,  5.06s/it]
color_s1000/color:   1%|          | 2/286 [00:06<12:31,  2.65s/it]
color_s1000/color:   1%|          | 3/286 [00:06<07:14,  1.54s/it]
color_s1000/color:   1%|▏         | 4/286 [00:06<04:47,  1.02s/it]
  color_s1000 dir 4: 0.06083 / 0.05239 = 1.161
Loading  HuggingFaceTB/SmolVLM2-500M-Video-Instruct weights ...

Loading weights:   0%|          | 1/489 [00:01<15:40,  1.93s/it]
Reducing the number of VLM layers to 16 ...



color_s2000/color:   0%|          | 1/286 [00:06<29:04,  6.12s/it]
color_s2000/color:   1%|          | 2/286 [00:07<15:05,  3.19s/it]
color_s2000/color:   1%|          | 3/286 [00:07<08:37,  1.83s/it]
color_s2000/color:   1%|▏         | 4/286 [00:07<05:35,  1.19s/it]



color_s2000/color:   0%|          | 1/286 [00:05<26:24,  5.56s/it]
color_s2000/color:   1%|          | 2/286 [00:06<13:25,  2.84s/it]
color_s2000/color:   1%|          | 3/286 [00:06<07:43,  1.64s/it]
color_s2000/color:   1%|▏         | 4/286 [00:06<05:05,  1.08s/it]
  color_s2000 dir 0: 0.06432 / 0.05255 = 1.224



color_s2000/color:   0%|          | 1/286 [00:06<33:02,  6.95s/it]
color_s2000/color:   1%|          | 2/286 [00:07<14:09,  2.99s/it]
color_s2000/color:   1%|          | 3/286 [00:07<08:09,  1.73s/it]
color_s2000/color:   1%|▏         | 4/286 [00:07<05:18,  1.13s/it]
  color_s2000 dir 1: 0.06229 / 0.05255 = 1.185



color_s2000/color:   0%|          | 1/286 [00:05<24:25,  5.14s/it]
color_s2000/color:   1%|          | 2/286 [00:06<12:53,  2.72s/it]
color_s2000/color:   1%|          | 3/286 [00:06<07:26,  1.58s/it]
color_s2000/color:   1%|▏         | 4/286 [00:06<04:55,  1.05s/it]
  color_s2000 dir 2: 0.05805 / 0.05255 = 1.105



color_s2000/color:   0%|          | 1/286 [00:05<28:09,  5.93s/it]
color_s2000/color:   1%|          | 2/286 [00:06<13:42,  2.90s/it]
color_s2000/color:   1%|          | 3/286 [00:06<07:53,  1.67s/it]
color_s2000/color:   1%|▏         | 4/286 [00:07<05:12,  1.11s/it]
  color_s2000 dir 3: 0.06217 / 0.05255 = 1.183



color_s2000/color:   0%|          | 1/286 [00:06<31:31,  6.64s/it]
color_s2000/color:   1%|          | 2/286 [00:06<13:34,  2.87s/it]
color_s2000/color:   1%|          | 3/286 [00:07<07:49,  1.66s/it]
color_s2000/color:   1%|▏         | 4/286 [00:07<05:08,  1.09s/it]
  color_s2000 dir 4: 0.06035 / 0.05255 = 1.149
Loading  HuggingFaceTB/SmolVLM2-500M-Video-Instruct weights ...

Reducing the number of VLM layers to 16 ...



color_slowpace/slowpace:   0%|          | 1/392 [00:02<15:57,  2.45s/it]
color_slowpace/slowpace:   1%|          | 2/392 [00:03<09:20,  1.44s/it]



color_slowpace/slowpace:   0%|          | 1/392 [00:03<21:57,  3.37s/it]
color_slowpace/slowpace:   1%|          | 2/392 [00:03<10:51,  1.67s/it]
  color_slowpace dir 0: 0.06349 / 0.05274 = 1.204



color_slowpace/slowpace:   0%|          | 1/392 [00:05<38:43,  5.94s/it]
color_slowpace/slowpace:   1%|          | 2/392 [00:06<16:47,  2.58s/it]
color_slowpace/slowpace:   1%|          | 3/392 [00:06<09:47,  1.51s/it]
color_slowpace/slowpace:   1%|          | 4/392 [00:06<06:28,  1.00s/it]
  color_slowpace dir 1: 0.06149 / 0.05274 = 1.166



color_slowpace/slowpace:   0%|          | 1/392 [00:04<32:10,  4.94s/it]
color_slowpace/slowpace:   1%|          | 2/392 [00:05<16:46,  2.58s/it]
color_slowpace/slowpace:   1%|          | 3/392 [00:06<09:41,  1.49s/it]
  color_slowpace dir 2: 0.05792 / 0.05274 = 1.098



color_slowpace/slowpace:   0%|          | 1/392 [00:06<42:25,  6.51s/it]
color_slowpace/slowpace:   1%|          | 2/392 [00:07<20:02,  3.08s/it]
color_slowpace/slowpace:   1%|          | 3/392 [00:07<11:31,  1.78s/it]
color_slowpace/slowpace:   1%|          | 4/392 [00:07<07:35,  1.17s/it]
  color_slowpace dir 3: 0.06410 / 0.05274 = 1.215



color_slowpace/slowpace:   0%|          | 1/392 [00:03<22:46,  3.50s/it]
color_slowpace/slowpace:   1%|          | 2/392 [00:03<10:06,  1.56s/it]
  color_slowpace dir 4: 0.06104 / 0.05274 = 1.157
Loading  HuggingFaceTB/SmolVLM2-500M-Video-Instruct weights ...

Loading weights:   0%|          | 1/489 [00:02<21:13,  2.61s/it]
Reducing the number of VLM layers to 16 ...



density/density:   0%|          | 1/343 [00:02<16:37,  2.92s/it]
density/density:   1%|          | 2/343 [00:03<08:07,  1.43s/it]



density/density:   0%|          | 1/343 [00:05<28:58,  5.08s/it]
density/density:   1%|          | 2/343 [00:05<12:34,  2.21s/it]
density/density:   1%|          | 3/343 [00:05<07:22,  1.30s/it]
  density dir 0: 0.06385 / 0.05288 = 1.207



density/density:   0%|          | 1/343 [00:05<32:39,  5.73s/it]
density/density:   1%|          | 2/343 [00:06<15:39,  2.76s/it]
density/density:   1%|          | 3/343 [00:06<09:02,  1.60s/it]
density/density:   1%|          | 4/343 [00:06<05:59,  1.06s/it]
  density dir 1: 0.06142 / 0.05288 = 1.161



density/density:   0%|          | 1/343 [00:04<24:30,  4.30s/it]
density/density:   1%|          | 2/343 [00:04<12:06,  2.13s/it]
density/density:   1%|          | 3/343 [00:05<07:04,  1.25s/it]
  density dir 2: 0.05766 / 0.05288 = 1.090



density/density:   0%|          | 1/343 [00:04<28:21,  4.98s/it]
density/density:   1%|          | 2/343 [00:05<15:01,  2.64s/it]
density/density:   1%|          | 3/343 [00:06<08:39,  1.53s/it]
density/density:   1%|          | 4/343 [00:06<05:42,  1.01s/it]
  density dir 3: 0.06234 / 0.05288 = 1.179



density/density:   0%|          | 1/343 [00:06<36:27,  6.40s/it]
density/density:   1%|          | 2/343 [00:07<18:48,  3.31s/it]
density/density:   1%|          | 3/343 [00:07<10:46,  1.90s/it]
density/density:   1%|          | 4/343 [00:08<07:17,  1.29s/it]
  density dir 4: 0.06081 / 0.05288 = 1.150
Loading  HuggingFaceTB/SmolVLM2-500M-Video-Instruct weights ...

Loading weights:   0%|          | 1/489 [00:01<09:37,  1.18s/it]
Reducing the number of VLM layers to 16 ...



density5_s1000/pool:   0%|          | 1/734 [00:05<1:11:17,  5.83s/it]
density5_s1000/pool:   0%|          | 2/734 [00:06<34:43,  2.85s/it]  
density5_s1000/pool:   0%|          | 3/734 [00:06<20:05,  1.65s/it]
density5_s1000/pool:   1%|          | 4/734 [00:07<13:16,  1.09s/it]



density5_s1000/pool:   0%|          | 1/734 [00:04<57:58,  4.75s/it]
density5_s1000/pool:   0%|          | 2/734 [00:04<25:25,  2.08s/it]
density5_s1000/pool:   0%|          | 3/734 [00:05<14:59,  1.23s/it]
  density5_s1000 dir 0: 0.20832 / 0.20001 = 1.042



density5_s1000/pool:   0%|          | 1/734 [00:06<1:18:34,  6.43s/it]
density5_s1000/pool:   0%|          | 2/734 [00:07<37:10,  3.05s/it]  
density5_s1000/pool:   0%|          | 3/734 [00:07<21:19,  1.75s/it]
density5_s1000/pool:   1%|          | 4/734 [00:07<14:04,  1.16s/it]
  density5_s1000 dir 1: 0.20801 / 0.20001 = 1.040



density5_s1000/pool:   0%|          | 1/734 [00:04<54:46,  4.48s/it]
density5_s1000/pool:   0%|          | 2/734 [00:05<30:33,  2.51s/it]
density5_s1000/pool:   0%|          | 3/734 [00:05<17:45,  1.46s/it]
  density5_s1000 dir 2: 0.20388 / 0.20001 = 1.019



density5_s1000/pool:   0%|          | 1/734 [00:06<1:17:50,  6.37s/it]
density5_s1000/pool:   0%|          | 2/734 [00:07<36:48,  3.02s/it]  
density5_s1000/pool:   0%|          | 3/734 [00:07<21:12,  1.74s/it]
density5_s1000/pool:   1%|          | 4/734 [00:07<13:58,  1.15s/it]
  density5_s1000 dir 3: 0.21071 / 0.20001 = 1.053



density5_s1000/pool:   0%|          | 1/734 [00:05<1:01:19,  5.02s/it]
density5_s1000/pool:   0%|          | 2/734 [00:05<26:38,  2.18s/it]  
density5_s1000/pool:   0%|          | 3/734 [00:05<15:36,  1.28s/it]
  density5_s1000 dir 4: 0.20497 / 0.20001 = 1.025
Loading  HuggingFaceTB/SmolVLM2-500M-Video-Instruct weights ...

Reducing the number of VLM layers to 16 ...



density5_s2000/pool:   0%|          | 1/734 [00:03<46:10,  3.78s/it]
density5_s2000/pool:   0%|          | 2/734 [00:04<21:33,  1.77s/it]
density5_s2000/pool:   0%|          | 3/734 [00:04<12:53,  1.06s/it]



density5_s2000/pool:   0%|          | 1/734 [00:04<50:56,  4.17s/it]
density5_s2000/pool:   0%|          | 2/734 [00:05<29:40,  2.43s/it]
density5_s2000/pool:   0%|          | 3/734 [00:05<17:13,  1.41s/it]
  density5_s2000 dir 0: 0.20833 / 0.20167 = 1.033



density5_s2000/pool:   0%|          | 1/734 [00:04<54:27,  4.46s/it]
density5_s2000/pool:   0%|          | 2/734 [00:05<28:32,  2.34s/it]
density5_s2000/pool:   0%|          | 3/734 [00:05<16:40,  1.37s/it]
  density5_s2000 dir 1: 0.20947 / 0.20167 = 1.039



density5_s2000/pool:   0%|          | 1/734 [00:06<1:16:14,  6.24s/it]
density5_s2000/pool:   0%|          | 2/734 [00:06<33:44,  2.77s/it]  
density5_s2000/pool:   0%|          | 3/734 [00:06<19:30,  1.60s/it]
density5_s2000/pool:   1%|          | 4/734 [00:07<12:50,  1.06s/it]
  density5_s2000 dir 2: 0.20525 / 0.20167 = 1.018



density5_s2000/pool:   0%|          | 1/734 [00:03<39:41,  3.25s/it]
density5_s2000/pool:   0%|          | 2/734 [00:04<25:56,  2.13s/it]
density5_s2000/pool:   0%|          | 3/734 [00:04<15:12,  1.25s/it]
  density5_s2000 dir 3: 0.21243 / 0.20167 = 1.053



density5_s2000/pool:   0%|          | 1/734 [00:06<1:14:51,  6.13s/it]
density5_s2000/pool:   0%|          | 2/734 [00:06<32:31,  2.67s/it]  
density5_s2000/pool:   0%|          | 3/734 [00:06<18:54,  1.55s/it]
density5_s2000/pool:   1%|          | 4/734 [00:06<12:29,  1.03s/it]
  density5_s2000 dir 4: 0.20763 / 0.20167 = 1.030
Loading  HuggingFaceTB/SmolVLM2-500M-Video-Instruct weights ...

Loading weights:   0%|          | 1/489 [00:01<08:08,  1.00s/it]
Reducing the number of VLM layers to 16 ...



density10_s1000/pool:   0%|          | 1/734 [00:04<59:42,  4.89s/it]
density10_s1000/pool:   0%|          | 2/734 [00:06<33:24,  2.74s/it]
density10_s1000/pool:   0%|          | 3/734 [00:06<19:20,  1.59s/it]
density10_s1000/pool:   1%|          | 4/734 [00:06<12:50,  1.06s/it]



density10_s1000/pool:   0%|          | 1/734 [00:04<54:04,  4.43s/it]
density10_s1000/pool:   0%|          | 2/734 [00:05<29:49,  2.44s/it]
density10_s1000/pool:   0%|          | 3/734 [00:05<17:18,  1.42s/it]
  density10_s1000 dir 0: 0.17542 / 0.16915 = 1.037



density10_s1000/pool:   0%|          | 1/734 [00:04<59:16,  4.85s/it]
density10_s1000/pool:   0%|          | 2/734 [00:05<30:18,  2.48s/it]
density10_s1000/pool:   0%|          | 3/734 [00:05<17:33,  1.44s/it]
  density10_s1000 dir 1: 0.17897 / 0.16915 = 1.058



density10_s1000/pool:   0%|          | 1/734 [00:05<1:10:01,  5.73s/it]
density10_s1000/pool:   0%|          | 2/734 [00:05<30:12,  2.48s/it]  
density10_s1000/pool:   0%|          | 3/734 [00:06<17:32,  1.44s/it]
  density10_s1000 dir 2: 0.17234 / 0.16915 = 1.019



density10_s1000/pool:   0%|          | 1/734 [00:06<1:22:45,  6.77s/it]
density10_s1000/pool:   0%|          | 2/734 [00:06<35:28,  2.91s/it]  
density10_s1000/pool:   0%|          | 3/734 [00:07<20:24,  1.67s/it]
density10_s1000/pool:   1%|          | 4/734 [00:07<13:18,  1.09s/it]
  density10_s1000 dir 3: 0.17557 / 0.16915 = 1.038



density10_s1000/pool:   0%|          | 1/734 [00:04<59:50,  4.90s/it]
density10_s1000/pool:   0%|          | 2/734 [00:05<26:04,  2.14s/it]
density10_s1000/pool:   0%|          | 3/734 [00:05<15:22,  1.26s/it]
  density10_s1000 dir 4: 0.17689 / 0.16915 = 1.046
Loading  HuggingFaceTB/SmolVLM2-500M-Video-Instruct weights ...

Loading weights:   0%|          | 1/489 [00:01<09:07,  1.12s/it]
Reducing the number of VLM layers to 16 ...



density10_s2000/pool:   0%|          | 1/734 [00:03<38:06,  3.12s/it]
density10_s2000/pool:   0%|          | 2/734 [00:03<20:58,  1.72s/it]
density10_s2000/pool:   0%|          | 3/734 [00:04<12:32,  1.03s/it]



density10_s2000/pool:   0%|          | 1/734 [00:05<1:08:09,  5.58s/it]
density10_s2000/pool:   0%|          | 2/734 [00:05<29:32,  2.42s/it]  
density10_s2000/pool:   0%|          | 3/734 [00:06<17:15,  1.42s/it]
  density10_s2000 dir 0: 0.17865 / 0.17161 = 1.041



density10_s2000/pool:   0%|          | 1/734 [00:04<1:00:31,  4.95s/it]
density10_s2000/pool:   0%|          | 2/734 [00:05<26:23,  2.16s/it]  
density10_s2000/pool:   0%|          | 3/734 [00:05<15:34,  1.28s/it]
  density10_s2000 dir 1: 0.18174 / 0.17161 = 1.059



density10_s2000/pool:   0%|          | 1/734 [00:04<50:58,  4.17s/it]
density10_s2000/pool:   0%|          | 2/734 [00:04<24:29,  2.01s/it]
density10_s2000/pool:   0%|          | 3/734 [00:04<14:23,  1.18s/it]
  density10_s2000 dir 2: 0.17444 / 0.17161 = 1.016



density10_s2000/pool:   0%|          | 1/734 [00:04<55:18,  4.53s/it]
density10_s2000/pool:   0%|          | 2/734 [00:05<28:20,  2.32s/it]
density10_s2000/pool:   0%|          | 3/734 [00:05<16:30,  1.35s/it]
  density10_s2000 dir 3: 0.17786 / 0.17161 = 1.036



density10_s2000/pool:   0%|          | 1/734 [00:05<1:01:18,  5.02s/it]
density10_s2000/pool:   0%|          | 2/734 [00:05<30:55,  2.53s/it]  
density10_s2000/pool:   0%|          | 3/734 [00:06<17:52,  1.47s/it]
  density10_s2000 dir 4: 0.17985 / 0.17161 = 1.048
Loading  HuggingFaceTB/SmolVLM2-500M-Video-Instruct weights ...

Reducing the number of VLM layers to 16 ...



density25_s1000/pool:   0%|          | 1/734 [00:02<28:43,  2.35s/it]
density25_s1000/pool:   0%|          | 2/734 [00:03<17:06,  1.40s/it]



density25_s1000/pool:   0%|          | 1/734 [00:02<33:22,  2.73s/it]
density25_s1000/pool:   0%|          | 2/734 [00:02<15:09,  1.24s/it]
  density25_s1000 dir 0: 0.15035 / 0.14517 = 1.036



density25_s1000/pool:   0%|          | 1/734 [00:02<29:03,  2.38s/it]
density25_s1000/pool:   0%|          | 2/734 [00:02<14:57,  1.23s/it]
  density25_s1000 dir 1: 0.15273 / 0.14517 = 1.052



density25_s1000/pool:   0%|          | 1/734 [00:03<42:27,  3.48s/it]
density25_s1000/pool:   0%|          | 2/734 [00:03<18:53,  1.55s/it]
  density25_s1000 dir 2: 0.14910 / 0.14517 = 1.027



density25_s1000/pool:   0%|          | 1/734 [00:04<59:16,  4.85s/it]
density25_s1000/pool:   0%|          | 2/734 [00:05<32:15,  2.64s/it]
density25_s1000/pool:   0%|          | 3/734 [00:06<18:38,  1.53s/it]
density25_s1000/pool:   1%|          | 4/734 [00:06<12:16,  1.01s/it]
  density25_s1000 dir 3: 0.15244 / 0.14517 = 1.050



density25_s1000/pool:   0%|          | 1/734 [00:05<1:02:43,  5.13s/it]
density25_s1000/pool:   0%|          | 2/734 [00:05<30:43,  2.52s/it]  
density25_s1000/pool:   0%|          | 3/734 [00:06<17:48,  1.46s/it]
  density25_s1000 dir 4: 0.15100 / 0.14517 = 1.040
Loading  HuggingFaceTB/SmolVLM2-500M-Video-Instruct weights ...

Loading weights:   0%|          | 1/489 [00:01<08:44,  1.07s/it]
Reducing the number of VLM layers to 16 ...



density25_s2000/pool:   0%|          | 1/734 [00:06<1:15:35,  6.19s/it]
density25_s2000/pool:   0%|          | 2/734 [00:06<32:32,  2.67s/it]  
density25_s2000/pool:   0%|          | 3/734 [00:06<18:49,  1.55s/it]
density25_s2000/pool:   1%|          | 4/734 [00:06<12:23,  1.02s/it]



density25_s2000/pool:   0%|          | 1/734 [00:04<58:05,  4.76s/it]
density25_s2000/pool:   0%|          | 2/734 [00:05<26:05,  2.14s/it]
density25_s2000/pool:   0%|          | 3/734 [00:05<15:22,  1.26s/it]
  density25_s2000 dir 0: 0.15025 / 0.14541 = 1.033



density25_s2000/pool:   0%|          | 1/734 [00:03<43:09,  3.53s/it]
density25_s2000/pool:   0%|          | 2/734 [00:04<21:24,  1.75s/it]
density25_s2000/pool:   0%|          | 3/734 [00:04<12:44,  1.05s/it]
  density25_s2000 dir 1: 0.15300 / 0.14541 = 1.052



density25_s2000/pool:   0%|          | 1/734 [00:04<55:25,  4.54s/it]
density25_s2000/pool:   0%|          | 2/734 [00:05<27:45,  2.28s/it]
density25_s2000/pool:   0%|          | 3/734 [00:05<16:10,  1.33s/it]
  density25_s2000 dir 2: 0.14906 / 0.14541 = 1.025



density25_s2000/pool:   0%|          | 1/734 [00:05<1:11:01,  5.81s/it]
density25_s2000/pool:   0%|          | 2/734 [00:06<30:38,  2.51s/it]  
density25_s2000/pool:   0%|          | 3/734 [00:06<17:53,  1.47s/it]
  density25_s2000 dir 3: 0.15285 / 0.14541 = 1.051



density25_s2000/pool:   0%|          | 1/734 [00:05<1:07:55,  5.56s/it]
density25_s2000/pool:   0%|          | 2/734 [00:06<32:25,  2.66s/it]  
density25_s2000/pool:   0%|          | 3/734 [00:06<18:48,  1.54s/it]
density25_s2000/pool:   1%|          | 4/734 [00:06<12:30,  1.03s/it]
  density25_s2000 dir 4: 0.15167 / 0.14541 = 1.043
Loading  HuggingFaceTB/SmolVLM2-500M-Video-Instruct weights ...

Loading weights:   0%|          | 1/489 [00:01<08:30,  1.05s/it]
Reducing the number of VLM layers to 16 ...



density50_s1000/pool:   0%|          | 1/734 [00:05<1:11:39,  5.87s/it]
density50_s1000/pool:   0%|          | 2/734 [00:06<34:42,  2.84s/it]  
density50_s1000/pool:   0%|          | 3/734 [00:06<19:57,  1.64s/it]
density50_s1000/pool:   1%|          | 4/734 [00:07<13:08,  1.08s/it]



density50_s1000/pool:   0%|          | 1/734 [00:05<1:01:43,  5.05s/it]
density50_s1000/pool:   0%|          | 2/734 [00:05<26:50,  2.20s/it]  
density50_s1000/pool:   0%|          | 3/734 [00:05<15:44,  1.29s/it]
  density50_s1000 dir 0: 0.13580 / 0.13034 = 1.042



density50_s1000/pool:   0%|          | 1/734 [00:05<1:05:11,  5.34s/it]
density50_s1000/pool:   0%|          | 2/734 [00:06<33:43,  2.76s/it]  
density50_s1000/pool:   0%|          | 3/734 [00:06<19:29,  1.60s/it]
density50_s1000/pool:   1%|          | 4/734 [00:06<12:48,  1.05s/it]
  density50_s1000 dir 1: 0.13544 / 0.13034 = 1.039



density50_s1000/pool:   0%|          | 1/734 [00:04<59:40,  4.89s/it]
density50_s1000/pool:   0%|          | 2/734 [00:05<25:58,  2.13s/it]
density50_s1000/pool:   0%|          | 3/734 [00:05<15:17,  1.26s/it]
  density50_s1000 dir 2: 0.13347 / 0.13034 = 1.024



density50_s1000/pool:   0%|          | 1/734 [00:06<1:14:14,  6.08s/it]
density50_s1000/pool:   0%|          | 2/734 [00:06<32:11,  2.64s/it]  
density50_s1000/pool:   0%|          | 3/734 [00:06<18:38,  1.53s/it]
density50_s1000/pool:   1%|          | 4/734 [00:06<12:18,  1.01s/it]
  density50_s1000 dir 3: 0.13626 / 0.13034 = 1.045



density50_s1000/pool:   0%|          | 1/734 [00:05<1:09:50,  5.72s/it]
density50_s1000/pool:   0%|          | 2/734 [00:06<33:20,  2.73s/it]  
density50_s1000/pool:   0%|          | 3/734 [00:06<19:14,  1.58s/it]
density50_s1000/pool:   1%|          | 4/734 [00:06<12:41,  1.04s/it]
  density50_s1000 dir 4: 0.13719 / 0.13034 = 1.053
Loading  HuggingFaceTB/SmolVLM2-500M-Video-Instruct weights ...

Reducing the number of VLM layers to 16 ...



density50_s2000/pool:   0%|          | 1/734 [00:03<44:41,  3.66s/it]
density50_s2000/pool:   0%|          | 2/734 [00:04<27:43,  2.27s/it]
density50_s2000/pool:   0%|          | 3/734 [00:05<16:11,  1.33s/it]



density50_s2000/pool:   0%|          | 1/734 [00:04<52:20,  4.28s/it]
density50_s2000/pool:   0%|          | 2/734 [00:05<27:53,  2.29s/it]
density50_s2000/pool:   0%|          | 3/734 [00:05<16:18,  1.34s/it]
  density50_s2000 dir 0: 0.13480 / 0.12957 = 1.040



density50_s2000/pool:   0%|          | 1/734 [00:02<30:44,  2.52s/it]
density50_s2000/pool:   0%|          | 2/734 [00:03<18:12,  1.49s/it]
  density50_s2000 dir 1: 0.13404 / 0.12957 = 1.035



density50_s2000/pool:   0%|          | 1/734 [00:03<38:15,  3.13s/it]
density50_s2000/pool:   0%|          | 2/734 [00:03<17:11,  1.41s/it]
  density50_s2000 dir 2: 0.13367 / 0.12957 = 1.032



density50_s2000/pool:   0%|          | 1/734 [00:05<1:05:34,  5.37s/it]
density50_s2000/pool:   0%|          | 2/734 [00:06<32:29,  2.66s/it]  
density50_s2000/pool:   0%|          | 3/734 [00:06<18:45,  1.54s/it]
density50_s2000/pool:   1%|          | 4/734 [00:06<12:22,  1.02s/it]
  density50_s2000 dir 3: 0.13613 / 0.12957 = 1.051



density50_s2000/pool:   0%|          | 1/734 [00:02<30:45,  2.52s/it]
density50_s2000/pool:   0%|          | 2/734 [00:03<18:32,  1.52s/it]
  density50_s2000 dir 4: 0.13699 / 0.12957 = 1.057
Loading  HuggingFaceTB/SmolVLM2-500M-Video-Instruct weights ...

Loading weights:   0%|          | 1/489 [00:01<08:20,  1.03s/it]
Reducing the number of VLM layers to 16 ...



density25_fixedstep/pool:   0%|          | 1/734 [00:02<35:54,  2.94s/it]
density25_fixedstep/pool:   0%|          | 2/734 [00:03<20:56,  1.72s/it]
density25_fixedstep/pool:   0%|          | 3/734 [00:03<12:27,  1.02s/it]



density25_fixedstep/pool:   0%|          | 1/734 [00:02<28:14,  2.31s/it]
density25_fixedstep/pool:   0%|          | 2/734 [00:03<18:41,  1.53s/it]
  density25_fixedstep dir 0: 0.11558 / 0.10760 = 1.074



density25_fixedstep/pool:   0%|          | 1/734 [00:02<30:32,  2.50s/it]
density25_fixedstep/pool:   0%|          | 2/734 [00:03<17:54,  1.47s/it]
  density25_fixedstep dir 1: 0.11366 / 0.10760 = 1.056



density25_fixedstep/pool:   0%|          | 1/734 [00:02<33:50,  2.77s/it]
density25_fixedstep/pool:   0%|          | 2/734 [00:03<20:39,  1.69s/it]
density25_fixedstep/pool:   0%|          | 3/734 [00:03<12:19,  1.01s/it]
  density25_fixedstep dir 2: 0.11153 / 0.10760 = 1.037



density25_fixedstep/pool:   0%|          | 1/734 [00:02<34:21,  2.81s/it]
density25_fixedstep/pool:   0%|          | 2/734 [00:03<18:09,  1.49s/it]
  density25_fixedstep dir 3: 0.11488 / 0.10760 = 1.068



density25_fixedstep/pool:   0%|          | 1/734 [00:02<30:02,  2.46s/it]
density25_fixedstep/pool:   0%|          | 2/734 [00:02<15:53,  1.30s/it]
  density25_fixedstep dir 4: 0.11340 / 0.10760 = 1.054
Loading  HuggingFaceTB/SmolVLM2-500M-Video-Instruct weights ...

Loading weights:   0%|          | 1/489 [00:01<08:35,  1.06s/it]
Reducing the number of VLM layers to 16 ...



density50_fixedstep/pool:   0%|          | 1/734 [00:03<41:15,  3.38s/it]
density50_fixedstep/pool:   0%|          | 2/734 [00:03<18:25,  1.51s/it]



density50_fixedstep/pool:   0%|          | 1/734 [00:02<35:46,  2.93s/it]
density50_fixedstep/pool:   0%|          | 2/734 [00:03<16:09,  1.32s/it]
  density50_fixedstep dir 0: 0.11105 / 0.10271 = 1.081



density50_fixedstep/pool:   0%|          | 1/734 [00:02<35:50,  2.93s/it]
density50_fixedstep/pool:   0%|          | 2/734 [00:03<19:45,  1.62s/it]
  density50_fixedstep dir 1: 0.10883 / 0.10271 = 1.060



density50_fixedstep/pool:   0%|          | 1/734 [00:02<32:10,  2.63s/it]
density50_fixedstep/pool:   0%|          | 2/734 [00:03<20:40,  1.69s/it]
density50_fixedstep/pool:   0%|          | 3/734 [00:03<12:22,  1.02s/it]
  density50_fixedstep dir 2: 0.10677 / 0.10271 = 1.039



density50_fixedstep/pool:   0%|          | 1/734 [00:03<37:56,  3.11s/it]
density50_fixedstep/pool:   0%|          | 2/734 [00:03<17:02,  1.40s/it]
  density50_fixedstep dir 3: 0.10898 / 0.10271 = 1.061



density50_fixedstep/pool:   0%|          | 1/734 [00:02<29:13,  2.39s/it]
density50_fixedstep/pool:   0%|          | 2/734 [00:02<15:09,  1.24s/it]
  density50_fixedstep dir 4: 0.10944 / 0.10271 = 1.065

             policy    dataset  n_episodes  ref_loss  mean_ratio  sd_ratio
        clean_s1000      clean          10    0.0500      1.1655    0.0414
        clean_s2000      clean          10    0.0500      1.1580    0.0311
   randomized_s1000 randomized          10    0.0373      1.2273    0.0651
   randomized_s2000 randomized          10    0.0371      1.2300    0.0663
     recovery_s1000   recovery          10    0.0501      1.1628    0.0372
     recovery_s2000   recovery          10    0.0498      1.1733    0.0387
        color_s1000      color          10    0.0524      1.1673    0.0415
        color_s2000      color          10    0.0525      1.1692    0.0401
     color_slowpace   slowpace          10    0.0527      1.1682    0.0412
            density    density          10    0.0529      1.1575    0.0388
     density5_s1000       pool          20    0.2000      1.0358    0.0123
     density5_s2000       pool          20    0.2017      1.0345    0.0116
    density10_s1000       pool          20    0.1692      1.0395    0.0128
    density10_s2000       pool          20    0.1716      1.0402    0.0141
    density25_s1000       pool          20    0.1452      1.0410    0.0093
    density25_s2000       pool          20    0.1454      1.0409    0.0104
    density50_s1000       pool          20    0.1303      1.0406    0.0094
    density50_s2000       pool          20    0.1296      1.0429    0.0097
density25_fixedstep       pool          20    0.1076      1.0577    0.0129
density50_fixedstep       pool          20    0.1027      1.0613    0.0134

wrote analysis/out_loss/sharpness_rho0.1.json
=== done Wed Sep 23 15:00:57 UTC 2026
