Loading  HuggingFaceTB/SmolVLM2-500M-Video-Instruct weights ...
`torch_dtype` is deprecated! Use `dtype` instead!

Loading weights:   0%|          | 1/489 [00:01<08:13,  1.01s/it]
Reducing the number of VLM layers to 16 ...



clean_s1000/clean:   0%|          | 1/361 [00:05<32:23,  5.40s/it]
clean_s1000/clean:   1%|          | 2/361 [00:05<14:05,  2.35s/it]
clean_s1000/clean:   1%|          | 3/361 [00:05<08:10,  1.37s/it]



clean_s1000/clean:   0%|          | 1/361 [00:02<14:11,  2.37s/it]
clean_s1000/clean:   1%|          | 2/361 [00:02<07:20,  1.23s/it]
  clean_s1000 dir 0: 0.06110 / 0.05002 = 1.222



clean_s1000/clean:   0%|          | 1/361 [00:02<14:54,  2.49s/it]
clean_s1000/clean:   1%|          | 2/361 [00:03<08:16,  1.38s/it]
  clean_s1000 dir 1: 0.05801 / 0.05002 = 1.160



clean_s1000/clean:   0%|          | 1/361 [00:02<17:17,  2.88s/it]
clean_s1000/clean:   1%|          | 2/361 [00:03<07:48,  1.30s/it]
  clean_s1000 dir 2: 0.05484 / 0.05002 = 1.097



clean_s1000/clean:   0%|          | 1/361 [00:02<16:17,  2.71s/it]
clean_s1000/clean:   1%|          | 2/361 [00:02<07:27,  1.25s/it]
  clean_s1000 dir 3: 0.05953 / 0.05002 = 1.190



clean_s1000/clean:   0%|          | 1/361 [00:02<14:28,  2.41s/it]
clean_s1000/clean:   1%|          | 2/361 [00:02<07:49,  1.31s/it]
  clean_s1000 dir 4: 0.05799 / 0.05002 = 1.159

     policy dataset  n_episodes  ref_loss  mean_ratio  sd_ratio
clean_s1000   clean          10      0.05      1.1655    0.0414

wrote analysis/out_loss/sharpness_rho0.1.json
