Loading  HuggingFaceTB/SmolVLM2-500M-Video-Instruct weights ...
`torch_dtype` is deprecated! Use `dtype` instead!

Reducing the number of VLM layers to 16 ...



clean_s1000/clean:   0%|          | 1/361 [00:05<35:36,  5.93s/it]
clean_s1000/clean:   1%|          | 2/361 [00:06<15:21,  2.57s/it]
clean_s1000/clean:   1%|          | 3/361 [00:06<08:54,  1.49s/it]



clean_s1000/clean:   0%|          | 1/361 [00:02<14:52,  2.48s/it]
clean_s1000/clean:   1%|          | 2/361 [00:02<07:45,  1.30s/it]
  clean_s1000 dir 0: 0.05290 / 0.05002 = 1.058



clean_s1000/clean:   0%|          | 1/361 [00:02<14:16,  2.38s/it]
clean_s1000/clean:   1%|          | 2/361 [00:02<07:06,  1.19s/it]
  clean_s1000 dir 1: 0.05201 / 0.05002 = 1.040



clean_s1000/clean:   0%|          | 1/361 [00:02<17:00,  2.84s/it]
clean_s1000/clean:   1%|          | 2/361 [00:03<07:41,  1.29s/it]
  clean_s1000 dir 2: 0.05114 / 0.05002 = 1.022



clean_s1000/clean:   0%|          | 1/361 [00:02<14:31,  2.42s/it]
clean_s1000/clean:   1%|          | 2/361 [00:02<07:45,  1.30s/it]
  clean_s1000 dir 3: 0.05237 / 0.05002 = 1.047



clean_s1000/clean:   0%|          | 1/361 [00:02<16:17,  2.71s/it]
clean_s1000/clean:   1%|          | 2/361 [00:02<07:26,  1.24s/it]
  clean_s1000 dir 4: 0.05194 / 0.05002 = 1.038

     policy dataset  n_episodes  ref_loss  mean_ratio  sd_ratio
clean_s1000   clean          10      0.05      1.0411    0.0115

wrote analysis/out_loss/sharpness_rho0.05.json
