Loading  HuggingFaceTB/SmolVLM2-500M-Video-Instruct weights ...
`torch_dtype` is deprecated! Use `dtype` instead!

Loading weights:   0%|          | 1/489 [00:01<10:40,  1.31s/it]
Reducing the number of VLM layers to 16 ...

  norm_map: {<FeatureType.VISUAL: 'VISUAL'>: <NormalizationMode.IDENTITY: 'IDENTITY'>, <FeatureType.STATE: 'STATE'>: <NormalizationMode.MEAN_STD: 'MEAN_STD'>, <FeatureType.ACTION: 'ACTION'>: <NormalizationMode.MEAN_STD: 'MEAN_STD'>}
  action std, own [16.536 50.752 42.752] | swapped [31.194 56.724 53.818]
  preprocessor steps: ['RenameObservationsProcessorStep', 'AddBatchDimensionProcessorStep', 'NewLineTaskProcessorStep', 'TokenizerProcessorStep', 'DeviceProcessorStep', 'NormalizerProcessorStep']



clean_s1000/pool:   0%|          | 1/734 [00:10<2:10:10, 10.66s/it]
clean_s1000/pool:   0%|          | 2/734 [00:10<55:10,  4.52s/it]  
clean_s1000/pool:   0%|          | 3/734 [00:11<31:08,  2.56s/it]
clean_s1000/pool:   1%|          | 4/734 [00:11<19:49,  1.63s/it]
clean_s1000/pool:   1%|          | 5/734 [00:11<13:36,  1.12s/it]

  norm_map: {<FeatureType.VISUAL: 'VISUAL'>: <NormalizationMode.IDENTITY: 'IDENTITY'>, <FeatureType.STATE: 'STATE'>: <NormalizationMode.MEAN_STD: 'MEAN_STD'>, <FeatureType.ACTION: 'ACTION'>: <NormalizationMode.MEAN_STD: 'MEAN_STD'>}
  action std, own [16.536 50.752 42.752] | swapped [31.194 56.724 53.818]
  preprocessor steps: ['RenameObservationsProcessorStep', 'AddBatchDimensionProcessorStep', 'NewLineTaskProcessorStep', 'TokenizerProcessorStep', 'DeviceProcessorStep', 'NormalizerProcessorStep']



clean_s1000/pool:   0%|          | 1/734 [00:06<1:16:31,  6.26s/it]
clean_s1000/pool:   0%|          | 2/734 [00:07<39:24,  3.23s/it]  
clean_s1000/pool:   0%|          | 3/734 [00:07<22:34,  1.85s/it]
clean_s1000/pool:   1%|          | 4/734 [00:07<14:45,  1.21s/it]
  clean_s1000 dir 0: 0.58648 / 0.58698 = 0.999

  norm_map: {<FeatureType.VISUAL: 'VISUAL'>: <NormalizationMode.IDENTITY: 'IDENTITY'>, <FeatureType.STATE: 'STATE'>: <NormalizationMode.MEAN_STD: 'MEAN_STD'>, <FeatureType.ACTION: 'ACTION'>: <NormalizationMode.MEAN_STD: 'MEAN_STD'>}
  action std, own [16.536 50.752 42.752] | swapped [31.194 56.724 53.818]
  preprocessor steps: ['RenameObservationsProcessorStep', 'AddBatchDimensionProcessorStep', 'NewLineTaskProcessorStep', 'TokenizerProcessorStep', 'DeviceProcessorStep', 'NormalizerProcessorStep']



clean_s1000/pool:   0%|          | 1/734 [00:05<1:06:08,  5.41s/it]
clean_s1000/pool:   0%|          | 2/734 [00:06<36:56,  3.03s/it]  
clean_s1000/pool:   0%|          | 3/734 [00:07<21:20,  1.75s/it]
clean_s1000/pool:   1%|          | 4/734 [00:07<14:05,  1.16s/it]
  clean_s1000 dir 1: 0.57758 / 0.58698 = 0.984

  norm_map: {<FeatureType.VISUAL: 'VISUAL'>: <NormalizationMode.IDENTITY: 'IDENTITY'>, <FeatureType.STATE: 'STATE'>: <NormalizationMode.MEAN_STD: 'MEAN_STD'>, <FeatureType.ACTION: 'ACTION'>: <NormalizationMode.MEAN_STD: 'MEAN_STD'>}
  action std, own [16.536 50.752 42.752] | swapped [31.194 56.724 53.818]
  preprocessor steps: ['RenameObservationsProcessorStep', 'AddBatchDimensionProcessorStep', 'NewLineTaskProcessorStep', 'TokenizerProcessorStep', 'DeviceProcessorStep', 'NormalizerProcessorStep']



clean_s1000/pool:   0%|          | 1/734 [00:02<33:42,  2.76s/it]
clean_s1000/pool:   0%|          | 2/734 [00:03<21:55,  1.80s/it]
clean_s1000/pool:   0%|          | 3/734 [00:04<13:04,  1.07s/it]
  clean_s1000 dir 2: 0.59244 / 0.58698 = 1.009

  norm_map: {<FeatureType.VISUAL: 'VISUAL'>: <NormalizationMode.IDENTITY: 'IDENTITY'>, <FeatureType.STATE: 'STATE'>: <NormalizationMode.MEAN_STD: 'MEAN_STD'>, <FeatureType.ACTION: 'ACTION'>: <NormalizationMode.MEAN_STD: 'MEAN_STD'>}
  action std, own [16.536 50.752 42.752] | swapped [31.194 56.724 53.818]
  preprocessor steps: ['RenameObservationsProcessorStep', 'AddBatchDimensionProcessorStep', 'NewLineTaskProcessorStep', 'TokenizerProcessorStep', 'DeviceProcessorStep', 'NormalizerProcessorStep']



clean_s1000/pool:   0%|          | 1/734 [00:06<1:22:22,  6.74s/it]
clean_s1000/pool:   0%|          | 2/734 [00:07<40:04,  3.28s/it]  
clean_s1000/pool:   0%|          | 3/734 [00:07<22:58,  1.89s/it]
clean_s1000/pool:   1%|          | 4/734 [00:08<14:58,  1.23s/it]
  clean_s1000 dir 3: 0.59160 / 0.58698 = 1.008

  norm_map: {<FeatureType.VISUAL: 'VISUAL'>: <NormalizationMode.IDENTITY: 'IDENTITY'>, <FeatureType.STATE: 'STATE'>: <NormalizationMode.MEAN_STD: 'MEAN_STD'>, <FeatureType.ACTION: 'ACTION'>: <NormalizationMode.MEAN_STD: 'MEAN_STD'>}
  action std, own [16.536 50.752 42.752] | swapped [31.194 56.724 53.818]
  preprocessor steps: ['RenameObservationsProcessorStep', 'AddBatchDimensionProcessorStep', 'NewLineTaskProcessorStep', 'TokenizerProcessorStep', 'DeviceProcessorStep', 'NormalizerProcessorStep']



clean_s1000/pool:   0%|          | 1/734 [00:05<1:02:55,  5.15s/it]
clean_s1000/pool:   0%|          | 2/734 [00:05<27:26,  2.25s/it]  
clean_s1000/pool:   0%|          | 3/734 [00:05<16:04,  1.32s/it]
  clean_s1000 dir 4: 0.60632 / 0.58698 = 1.033
Loading  HuggingFaceTB/SmolVLM2-500M-Video-Instruct weights ...

Loading weights:   0%|          | 1/489 [00:01<09:30,  1.17s/it]
Reducing the number of VLM layers to 16 ...

  norm_map: {<FeatureType.VISUAL: 'VISUAL'>: <NormalizationMode.IDENTITY: 'IDENTITY'>, <FeatureType.STATE: 'STATE'>: <NormalizationMode.MEAN_STD: 'MEAN_STD'>, <FeatureType.ACTION: 'ACTION'>: <NormalizationMode.MEAN_STD: 'MEAN_STD'>}
  action std, own [16.536 50.752 42.752] | swapped [31.194 56.724 53.818]
  preprocessor steps: ['RenameObservationsProcessorStep', 'AddBatchDimensionProcessorStep', 'NewLineTaskProcessorStep', 'TokenizerProcessorStep', 'DeviceProcessorStep', 'NormalizerProcessorStep']



clean_s2000/pool:   0%|          | 1/734 [00:05<1:12:09,  5.91s/it]
clean_s2000/pool:   0%|          | 2/734 [00:06<31:23,  2.57s/it]  
clean_s2000/pool:   0%|          | 3/734 [00:06<18:37,  1.53s/it]
clean_s2000/pool:   1%|          | 4/734 [00:06<12:25,  1.02s/it]

  norm_map: {<FeatureType.VISUAL: 'VISUAL'>: <NormalizationMode.IDENTITY: 'IDENTITY'>, <FeatureType.STATE: 'STATE'>: <NormalizationMode.MEAN_STD: 'MEAN_STD'>, <FeatureType.ACTION: 'ACTION'>: <NormalizationMode.MEAN_STD: 'MEAN_STD'>}
  action std, own [16.536 50.752 42.752] | swapped [31.194 56.724 53.818]
  preprocessor steps: ['RenameObservationsProcessorStep', 'AddBatchDimensionProcessorStep', 'NewLineTaskProcessorStep', 'TokenizerProcessorStep', 'DeviceProcessorStep', 'NormalizerProcessorStep']



clean_s2000/pool:   0%|          | 1/734 [00:06<1:20:52,  6.62s/it]
clean_s2000/pool:   0%|          | 2/734 [00:07<36:47,  3.02s/it]  
clean_s2000/pool:   0%|          | 3/734 [00:07<21:03,  1.73s/it]
clean_s2000/pool:   1%|          | 4/734 [00:07<13:46,  1.13s/it]
  clean_s2000 dir 0: 0.57865 / 0.57946 = 0.999

  norm_map: {<FeatureType.VISUAL: 'VISUAL'>: <NormalizationMode.IDENTITY: 'IDENTITY'>, <FeatureType.STATE: 'STATE'>: <NormalizationMode.MEAN_STD: 'MEAN_STD'>, <FeatureType.ACTION: 'ACTION'>: <NormalizationMode.MEAN_STD: 'MEAN_STD'>}
  action std, own [16.536 50.752 42.752] | swapped [31.194 56.724 53.818]
  preprocessor steps: ['RenameObservationsProcessorStep', 'AddBatchDimensionProcessorStep', 'NewLineTaskProcessorStep', 'TokenizerProcessorStep', 'DeviceProcessorStep', 'NormalizerProcessorStep']



clean_s2000/pool:   0%|          | 1/734 [00:03<44:39,  3.66s/it]
clean_s2000/pool:   0%|          | 2/734 [00:03<19:48,  1.62s/it]
  clean_s2000 dir 1: 0.57011 / 0.57946 = 0.984

  norm_map: {<FeatureType.VISUAL: 'VISUAL'>: <NormalizationMode.IDENTITY: 'IDENTITY'>, <FeatureType.STATE: 'STATE'>: <NormalizationMode.MEAN_STD: 'MEAN_STD'>, <FeatureType.ACTION: 'ACTION'>: <NormalizationMode.MEAN_STD: 'MEAN_STD'>}
  action std, own [16.536 50.752 42.752] | swapped [31.194 56.724 53.818]
  preprocessor steps: ['RenameObservationsProcessorStep', 'AddBatchDimensionProcessorStep', 'NewLineTaskProcessorStep', 'TokenizerProcessorStep', 'DeviceProcessorStep', 'NormalizerProcessorStep']



clean_s2000/pool:   0%|          | 1/734 [00:05<1:09:02,  5.65s/it]
clean_s2000/pool:   0%|          | 2/734 [00:06<35:41,  2.93s/it]  
clean_s2000/pool:   0%|          | 3/734 [00:06<20:32,  1.69s/it]
clean_s2000/pool:   1%|          | 4/734 [00:07<13:42,  1.13s/it]
  clean_s2000 dir 2: 0.58642 / 0.57946 = 1.012

  norm_map: {<FeatureType.VISUAL: 'VISUAL'>: <NormalizationMode.IDENTITY: 'IDENTITY'>, <FeatureType.STATE: 'STATE'>: <NormalizationMode.MEAN_STD: 'MEAN_STD'>, <FeatureType.ACTION: 'ACTION'>: <NormalizationMode.MEAN_STD: 'MEAN_STD'>}
  action std, own [16.536 50.752 42.752] | swapped [31.194 56.724 53.818]
  preprocessor steps: ['RenameObservationsProcessorStep', 'AddBatchDimensionProcessorStep', 'NewLineTaskProcessorStep', 'TokenizerProcessorStep', 'DeviceProcessorStep', 'NormalizerProcessorStep']



clean_s2000/pool:   0%|          | 1/734 [00:08<1:43:37,  8.48s/it]
clean_s2000/pool:   0%|          | 2/734 [00:08<44:11,  3.62s/it]  
clean_s2000/pool:   0%|          | 3/734 [00:08<25:25,  2.09s/it]
clean_s2000/pool:   1%|          | 4/734 [00:09<16:23,  1.35s/it]
  clean_s2000 dir 3: 0.58593 / 0.57946 = 1.011

  norm_map: {<FeatureType.VISUAL: 'VISUAL'>: <NormalizationMode.IDENTITY: 'IDENTITY'>, <FeatureType.STATE: 'STATE'>: <NormalizationMode.MEAN_STD: 'MEAN_STD'>, <FeatureType.ACTION: 'ACTION'>: <NormalizationMode.MEAN_STD: 'MEAN_STD'>}
  action std, own [16.536 50.752 42.752] | swapped [31.194 56.724 53.818]
  preprocessor steps: ['RenameObservationsProcessorStep', 'AddBatchDimensionProcessorStep', 'NewLineTaskProcessorStep', 'TokenizerProcessorStep', 'DeviceProcessorStep', 'NormalizerProcessorStep']



clean_s2000/pool:   0%|          | 1/734 [00:04<49:01,  4.01s/it]
clean_s2000/pool:   0%|          | 2/734 [00:04<25:57,  2.13s/it]
clean_s2000/pool:   0%|          | 3/734 [00:05<15:16,  1.25s/it]
  clean_s2000 dir 4: 0.59878 / 0.57946 = 1.033
Loading  HuggingFaceTB/SmolVLM2-500M-Video-Instruct weights ...

Loading weights:   0%|          | 1/489 [00:01<08:50,  1.09s/it]
Reducing the number of VLM layers to 16 ...

  norm_map: {<FeatureType.VISUAL: 'VISUAL'>: <NormalizationMode.IDENTITY: 'IDENTITY'>, <FeatureType.STATE: 'STATE'>: <NormalizationMode.MEAN_STD: 'MEAN_STD'>, <FeatureType.ACTION: 'ACTION'>: <NormalizationMode.MEAN_STD: 'MEAN_STD'>}
  action std, own [30.004 54.587 50.924] | swapped [31.194 56.724 53.818]
  preprocessor steps: ['RenameObservationsProcessorStep', 'AddBatchDimensionProcessorStep', 'NewLineTaskProcessorStep', 'TokenizerProcessorStep', 'DeviceProcessorStep', 'NormalizerProcessorStep']



randomized_s1000/pool:   0%|          | 1/734 [00:06<1:17:47,  6.37s/it]
randomized_s1000/pool:   0%|          | 2/734 [00:07<39:43,  3.26s/it]  
randomized_s1000/pool:   0%|          | 3/734 [00:07<22:47,  1.87s/it]
randomized_s1000/pool:   1%|          | 4/734 [00:07<14:57,  1.23s/it]

  norm_map: {<FeatureType.VISUAL: 'VISUAL'>: <NormalizationMode.IDENTITY: 'IDENTITY'>, <FeatureType.STATE: 'STATE'>: <NormalizationMode.MEAN_STD: 'MEAN_STD'>, <FeatureType.ACTION: 'ACTION'>: <NormalizationMode.MEAN_STD: 'MEAN_STD'>}
  action std, own [30.004 54.587 50.924] | swapped [31.194 56.724 53.818]
  preprocessor steps: ['RenameObservationsProcessorStep', 'AddBatchDimensionProcessorStep', 'NewLineTaskProcessorStep', 'TokenizerProcessorStep', 'DeviceProcessorStep', 'NormalizerProcessorStep']



randomized_s1000/pool:   0%|          | 1/734 [00:05<1:03:52,  5.23s/it]
randomized_s1000/pool:   0%|          | 2/734 [00:06<33:17,  2.73s/it]  
randomized_s1000/pool:   0%|          | 3/734 [00:06<19:11,  1.58s/it]
randomized_s1000/pool:   1%|          | 4/734 [00:06<12:39,  1.04s/it]
  randomized_s1000 dir 0: 0.37361 / 0.37269 = 1.002

  norm_map: {<FeatureType.VISUAL: 'VISUAL'>: <NormalizationMode.IDENTITY: 'IDENTITY'>, <FeatureType.STATE: 'STATE'>: <NormalizationMode.MEAN_STD: 'MEAN_STD'>, <FeatureType.ACTION: 'ACTION'>: <NormalizationMode.MEAN_STD: 'MEAN_STD'>}
  action std, own [30.004 54.587 50.924] | swapped [31.194 56.724 53.818]
  preprocessor steps: ['RenameObservationsProcessorStep', 'AddBatchDimensionProcessorStep', 'NewLineTaskProcessorStep', 'TokenizerProcessorStep', 'DeviceProcessorStep', 'NormalizerProcessorStep']



randomized_s1000/pool:   0%|          | 1/734 [00:06<1:16:22,  6.25s/it]
randomized_s1000/pool:   0%|          | 2/734 [00:06<34:04,  2.79s/it]  
randomized_s1000/pool:   0%|          | 3/734 [00:06<19:41,  1.62s/it]
randomized_s1000/pool:   1%|          | 4/734 [00:07<13:07,  1.08s/it]
  randomized_s1000 dir 1: 0.37448 / 0.37269 = 1.005

  norm_map: {<FeatureType.VISUAL: 'VISUAL'>: <NormalizationMode.IDENTITY: 'IDENTITY'>, <FeatureType.STATE: 'STATE'>: <NormalizationMode.MEAN_STD: 'MEAN_STD'>, <FeatureType.ACTION: 'ACTION'>: <NormalizationMode.MEAN_STD: 'MEAN_STD'>}
  action std, own [30.004 54.587 50.924] | swapped [31.194 56.724 53.818]
  preprocessor steps: ['RenameObservationsProcessorStep', 'AddBatchDimensionProcessorStep', 'NewLineTaskProcessorStep', 'TokenizerProcessorStep', 'DeviceProcessorStep', 'NormalizerProcessorStep']



randomized_s1000/pool:   0%|          | 1/734 [00:04<57:42,  4.72s/it]
randomized_s1000/pool:   0%|          | 2/734 [00:05<27:21,  2.24s/it]
randomized_s1000/pool:   0%|          | 3/734 [00:05<15:57,  1.31s/it]
  randomized_s1000 dir 2: 0.38179 / 0.37269 = 1.024

  norm_map: {<FeatureType.VISUAL: 'VISUAL'>: <NormalizationMode.IDENTITY: 'IDENTITY'>, <FeatureType.STATE: 'STATE'>: <NormalizationMode.MEAN_STD: 'MEAN_STD'>, <FeatureType.ACTION: 'ACTION'>: <NormalizationMode.MEAN_STD: 'MEAN_STD'>}
  action std, own [30.004 54.587 50.924] | swapped [31.194 56.724 53.818]
  preprocessor steps: ['RenameObservationsProcessorStep', 'AddBatchDimensionProcessorStep', 'NewLineTaskProcessorStep', 'TokenizerProcessorStep', 'DeviceProcessorStep', 'NormalizerProcessorStep']



randomized_s1000/pool:   0%|          | 1/734 [00:04<50:56,  4.17s/it]
randomized_s1000/pool:   0%|          | 2/734 [00:05<30:31,  2.50s/it]
randomized_s1000/pool:   0%|          | 3/734 [00:05<17:40,  1.45s/it]
  randomized_s1000 dir 3: 0.37572 / 0.37269 = 1.008

  norm_map: {<FeatureType.VISUAL: 'VISUAL'>: <NormalizationMode.IDENTITY: 'IDENTITY'>, <FeatureType.STATE: 'STATE'>: <NormalizationMode.MEAN_STD: 'MEAN_STD'>, <FeatureType.ACTION: 'ACTION'>: <NormalizationMode.MEAN_STD: 'MEAN_STD'>}
  action std, own [30.004 54.587 50.924] | swapped [31.194 56.724 53.818]
  preprocessor steps: ['RenameObservationsProcessorStep', 'AddBatchDimensionProcessorStep', 'NewLineTaskProcessorStep', 'TokenizerProcessorStep', 'DeviceProcessorStep', 'NormalizerProcessorStep']



randomized_s1000/pool:   0%|          | 1/734 [00:03<42:50,  3.51s/it]
randomized_s1000/pool:   0%|          | 2/734 [00:03<20:50,  1.71s/it]
randomized_s1000/pool:   0%|          | 3/734 [00:04<12:26,  1.02s/it]
  randomized_s1000 dir 4: 0.38268 / 0.37269 = 1.027
Loading  HuggingFaceTB/SmolVLM2-500M-Video-Instruct weights ...

Loading weights:   0%|          | 1/489 [00:01<08:55,  1.10s/it]
Reducing the number of VLM layers to 16 ...

  norm_map: {<FeatureType.VISUAL: 'VISUAL'>: <NormalizationMode.IDENTITY: 'IDENTITY'>, <FeatureType.STATE: 'STATE'>: <NormalizationMode.MEAN_STD: 'MEAN_STD'>, <FeatureType.ACTION: 'ACTION'>: <NormalizationMode.MEAN_STD: 'MEAN_STD'>}
  action std, own [30.004 54.587 50.924] | swapped [31.194 56.724 53.818]
  preprocessor steps: ['RenameObservationsProcessorStep', 'AddBatchDimensionProcessorStep', 'NewLineTaskProcessorStep', 'TokenizerProcessorStep', 'DeviceProcessorStep', 'NormalizerProcessorStep']



randomized_s2000/pool:   0%|          | 1/734 [00:03<37:55,  3.10s/it]
randomized_s2000/pool:   0%|          | 2/734 [00:04<22:13,  1.82s/it]
randomized_s2000/pool:   0%|          | 3/734 [00:04<13:09,  1.08s/it]

  norm_map: {<FeatureType.VISUAL: 'VISUAL'>: <NormalizationMode.IDENTITY: 'IDENTITY'>, <FeatureType.STATE: 'STATE'>: <NormalizationMode.MEAN_STD: 'MEAN_STD'>, <FeatureType.ACTION: 'ACTION'>: <NormalizationMode.MEAN_STD: 'MEAN_STD'>}
  action std, own [30.004 54.587 50.924] | swapped [31.194 56.724 53.818]
  preprocessor steps: ['RenameObservationsProcessorStep', 'AddBatchDimensionProcessorStep', 'NewLineTaskProcessorStep', 'TokenizerProcessorStep', 'DeviceProcessorStep', 'NormalizerProcessorStep']



randomized_s2000/pool:   0%|          | 1/734 [00:05<1:01:58,  5.07s/it]
randomized_s2000/pool:   0%|          | 2/734 [00:06<33:13,  2.72s/it]  
randomized_s2000/pool:   0%|          | 3/734 [00:06<19:16,  1.58s/it]
randomized_s2000/pool:   1%|          | 4/734 [00:06<12:43,  1.05s/it]
  randomized_s2000 dir 0: 0.37631 / 0.37536 = 1.003

  norm_map: {<FeatureType.VISUAL: 'VISUAL'>: <NormalizationMode.IDENTITY: 'IDENTITY'>, <FeatureType.STATE: 'STATE'>: <NormalizationMode.MEAN_STD: 'MEAN_STD'>, <FeatureType.ACTION: 'ACTION'>: <NormalizationMode.MEAN_STD: 'MEAN_STD'>}
  action std, own [30.004 54.587 50.924] | swapped [31.194 56.724 53.818]
  preprocessor steps: ['RenameObservationsProcessorStep', 'AddBatchDimensionProcessorStep', 'NewLineTaskProcessorStep', 'TokenizerProcessorStep', 'DeviceProcessorStep', 'NormalizerProcessorStep']



randomized_s2000/pool:   0%|          | 1/734 [00:03<38:41,  3.17s/it]
randomized_s2000/pool:   0%|          | 2/734 [00:04<24:36,  2.02s/it]
randomized_s2000/pool:   0%|          | 3/734 [00:04<14:29,  1.19s/it]
  randomized_s2000 dir 1: 0.37765 / 0.37536 = 1.006

  norm_map: {<FeatureType.VISUAL: 'VISUAL'>: <NormalizationMode.IDENTITY: 'IDENTITY'>, <FeatureType.STATE: 'STATE'>: <NormalizationMode.MEAN_STD: 'MEAN_STD'>, <FeatureType.ACTION: 'ACTION'>: <NormalizationMode.MEAN_STD: 'MEAN_STD'>}
  action std, own [30.004 54.587 50.924] | swapped [31.194 56.724 53.818]
  preprocessor steps: ['RenameObservationsProcessorStep', 'AddBatchDimensionProcessorStep', 'NewLineTaskProcessorStep', 'TokenizerProcessorStep', 'DeviceProcessorStep', 'NormalizerProcessorStep']



randomized_s2000/pool:   0%|          | 1/734 [00:06<1:21:55,  6.71s/it]
randomized_s2000/pool:   0%|          | 2/734 [00:07<37:34,  3.08s/it]  
randomized_s2000/pool:   0%|          | 3/734 [00:07<21:35,  1.77s/it]
randomized_s2000/pool:   1%|          | 4/734 [00:07<14:09,  1.16s/it]
  randomized_s2000 dir 2: 0.38239 / 0.37536 = 1.019

  norm_map: {<FeatureType.VISUAL: 'VISUAL'>: <NormalizationMode.IDENTITY: 'IDENTITY'>, <FeatureType.STATE: 'STATE'>: <NormalizationMode.MEAN_STD: 'MEAN_STD'>, <FeatureType.ACTION: 'ACTION'>: <NormalizationMode.MEAN_STD: 'MEAN_STD'>}
  action std, own [30.004 54.587 50.924] | swapped [31.194 56.724 53.818]
  preprocessor steps: ['RenameObservationsProcessorStep', 'AddBatchDimensionProcessorStep', 'NewLineTaskProcessorStep', 'TokenizerProcessorStep', 'DeviceProcessorStep', 'NormalizerProcessorStep']



randomized_s2000/pool:   0%|          | 1/734 [00:04<1:00:24,  4.95s/it]
randomized_s2000/pool:   0%|          | 2/734 [00:05<30:04,  2.47s/it]  
randomized_s2000/pool:   0%|          | 3/734 [00:05<17:26,  1.43s/it]
  randomized_s2000 dir 3: 0.37828 / 0.37536 = 1.008

  norm_map: {<FeatureType.VISUAL: 'VISUAL'>: <NormalizationMode.IDENTITY: 'IDENTITY'>, <FeatureType.STATE: 'STATE'>: <NormalizationMode.MEAN_STD: 'MEAN_STD'>, <FeatureType.ACTION: 'ACTION'>: <NormalizationMode.MEAN_STD: 'MEAN_STD'>}
  action std, own [30.004 54.587 50.924] | swapped [31.194 56.724 53.818]
  preprocessor steps: ['RenameObservationsProcessorStep', 'AddBatchDimensionProcessorStep', 'NewLineTaskProcessorStep', 'TokenizerProcessorStep', 'DeviceProcessorStep', 'NormalizerProcessorStep']



randomized_s2000/pool:   0%|          | 1/734 [00:03<42:34,  3.49s/it]
randomized_s2000/pool:   0%|          | 2/734 [00:04<22:59,  1.88s/it]
randomized_s2000/pool:   0%|          | 3/734 [00:04<13:38,  1.12s/it]
  randomized_s2000 dir 4: 0.38608 / 0.37536 = 1.029
Loading  HuggingFaceTB/SmolVLM2-500M-Video-Instruct weights ...

Reducing the number of VLM layers to 16 ...

  norm_map: {<FeatureType.VISUAL: 'VISUAL'>: <NormalizationMode.IDENTITY: 'IDENTITY'>, <FeatureType.STATE: 'STATE'>: <NormalizationMode.MEAN_STD: 'MEAN_STD'>, <FeatureType.ACTION: 'ACTION'>: <NormalizationMode.MEAN_STD: 'MEAN_STD'>}
  action std, own [19.067 52.133 47.352] | swapped [31.194 56.724 53.818]
  preprocessor steps: ['RenameObservationsProcessorStep', 'AddBatchDimensionProcessorStep', 'NewLineTaskProcessorStep', 'TokenizerProcessorStep', 'DeviceProcessorStep', 'NormalizerProcessorStep']



recovery_s1000/pool:   0%|          | 1/734 [00:05<1:05:45,  5.38s/it]
recovery_s1000/pool:   0%|          | 2/734 [00:05<28:26,  2.33s/it]  
recovery_s1000/pool:   0%|          | 3/734 [00:05<16:44,  1.37s/it]

  norm_map: {<FeatureType.VISUAL: 'VISUAL'>: <NormalizationMode.IDENTITY: 'IDENTITY'>, <FeatureType.STATE: 'STATE'>: <NormalizationMode.MEAN_STD: 'MEAN_STD'>, <FeatureType.ACTION: 'ACTION'>: <NormalizationMode.MEAN_STD: 'MEAN_STD'>}
  action std, own [19.067 52.133 47.352] | swapped [31.194 56.724 53.818]
  preprocessor steps: ['RenameObservationsProcessorStep', 'AddBatchDimensionProcessorStep', 'NewLineTaskProcessorStep', 'TokenizerProcessorStep', 'DeviceProcessorStep', 'NormalizerProcessorStep']



recovery_s1000/pool:   0%|          | 1/734 [00:05<1:07:39,  5.54s/it]
recovery_s1000/pool:   0%|          | 2/734 [00:06<35:58,  2.95s/it]  
recovery_s1000/pool:   0%|          | 3/734 [00:06<20:46,  1.70s/it]
recovery_s1000/pool:   1%|          | 4/734 [00:07<13:35,  1.12s/it]
  recovery_s1000 dir 0: 0.40374 / 0.40576 = 0.995

  norm_map: {<FeatureType.VISUAL: 'VISUAL'>: <NormalizationMode.IDENTITY: 'IDENTITY'>, <FeatureType.STATE: 'STATE'>: <NormalizationMode.MEAN_STD: 'MEAN_STD'>, <FeatureType.ACTION: 'ACTION'>: <NormalizationMode.MEAN_STD: 'MEAN_STD'>}
  action std, own [19.067 52.133 47.352] | swapped [31.194 56.724 53.818]
  preprocessor steps: ['RenameObservationsProcessorStep', 'AddBatchDimensionProcessorStep', 'NewLineTaskProcessorStep', 'TokenizerProcessorStep', 'DeviceProcessorStep', 'NormalizerProcessorStep']



recovery_s1000/pool:   0%|          | 1/734 [00:07<1:26:05,  7.05s/it]
recovery_s1000/pool:   0%|          | 2/734 [00:07<38:22,  3.15s/it]  
recovery_s1000/pool:   0%|          | 3/734 [00:07<22:09,  1.82s/it]
recovery_s1000/pool:   1%|          | 4/734 [00:07<14:31,  1.19s/it]
  recovery_s1000 dir 1: 0.39923 / 0.40576 = 0.984

  norm_map: {<FeatureType.VISUAL: 'VISUAL'>: <NormalizationMode.IDENTITY: 'IDENTITY'>, <FeatureType.STATE: 'STATE'>: <NormalizationMode.MEAN_STD: 'MEAN_STD'>, <FeatureType.ACTION: 'ACTION'>: <NormalizationMode.MEAN_STD: 'MEAN_STD'>}
  action std, own [19.067 52.133 47.352] | swapped [31.194 56.724 53.818]
  preprocessor steps: ['RenameObservationsProcessorStep', 'AddBatchDimensionProcessorStep', 'NewLineTaskProcessorStep', 'TokenizerProcessorStep', 'DeviceProcessorStep', 'NormalizerProcessorStep']



recovery_s1000/pool:   0%|          | 1/734 [00:05<1:03:17,  5.18s/it]
recovery_s1000/pool:   0%|          | 2/734 [00:06<33:09,  2.72s/it]  
recovery_s1000/pool:   0%|          | 3/734 [00:06<19:11,  1.58s/it]
recovery_s1000/pool:   1%|          | 4/734 [00:06<12:42,  1.04s/it]
  recovery_s1000 dir 2: 0.40680 / 0.40576 = 1.003

  norm_map: {<FeatureType.VISUAL: 'VISUAL'>: <NormalizationMode.IDENTITY: 'IDENTITY'>, <FeatureType.STATE: 'STATE'>: <NormalizationMode.MEAN_STD: 'MEAN_STD'>, <FeatureType.ACTION: 'ACTION'>: <NormalizationMode.MEAN_STD: 'MEAN_STD'>}
  action std, own [19.067 52.133 47.352] | swapped [31.194 56.724 53.818]
  preprocessor steps: ['RenameObservationsProcessorStep', 'AddBatchDimensionProcessorStep', 'NewLineTaskProcessorStep', 'TokenizerProcessorStep', 'DeviceProcessorStep', 'NormalizerProcessorStep']



recovery_s1000/pool:   0%|          | 1/734 [00:03<42:48,  3.50s/it]
recovery_s1000/pool:   0%|          | 2/734 [00:03<19:01,  1.56s/it]
  recovery_s1000 dir 3: 0.41367 / 0.40576 = 1.019

  norm_map: {<FeatureType.VISUAL: 'VISUAL'>: <NormalizationMode.IDENTITY: 'IDENTITY'>, <FeatureType.STATE: 'STATE'>: <NormalizationMode.MEAN_STD: 'MEAN_STD'>, <FeatureType.ACTION: 'ACTION'>: <NormalizationMode.MEAN_STD: 'MEAN_STD'>}
  action std, own [19.067 52.133 47.352] | swapped [31.194 56.724 53.818]
  preprocessor steps: ['RenameObservationsProcessorStep', 'AddBatchDimensionProcessorStep', 'NewLineTaskProcessorStep', 'TokenizerProcessorStep', 'DeviceProcessorStep', 'NormalizerProcessorStep']



recovery_s1000/pool:   0%|          | 1/734 [00:03<39:19,  3.22s/it]
recovery_s1000/pool:   0%|          | 2/734 [00:03<19:49,  1.62s/it]
  recovery_s1000 dir 4: 0.41171 / 0.40576 = 1.015
Loading  HuggingFaceTB/SmolVLM2-500M-Video-Instruct weights ...

Reducing the number of VLM layers to 16 ...

  norm_map: {<FeatureType.VISUAL: 'VISUAL'>: <NormalizationMode.IDENTITY: 'IDENTITY'>, <FeatureType.STATE: 'STATE'>: <NormalizationMode.MEAN_STD: 'MEAN_STD'>, <FeatureType.ACTION: 'ACTION'>: <NormalizationMode.MEAN_STD: 'MEAN_STD'>}
  action std, own [19.067 52.133 47.352] | swapped [31.194 56.724 53.818]
  preprocessor steps: ['RenameObservationsProcessorStep', 'AddBatchDimensionProcessorStep', 'NewLineTaskProcessorStep', 'TokenizerProcessorStep', 'DeviceProcessorStep', 'NormalizerProcessorStep']



recovery_s2000/pool:   0%|          | 1/734 [00:07<1:35:00,  7.78s/it]
recovery_s2000/pool:   0%|          | 2/734 [00:07<40:40,  3.33s/it]  
recovery_s2000/pool:   0%|          | 3/734 [00:08<23:27,  1.93s/it]
recovery_s2000/pool:   1%|          | 4/734 [00:08<15:15,  1.25s/it]

  norm_map: {<FeatureType.VISUAL: 'VISUAL'>: <NormalizationMode.IDENTITY: 'IDENTITY'>, <FeatureType.STATE: 'STATE'>: <NormalizationMode.MEAN_STD: 'MEAN_STD'>, <FeatureType.ACTION: 'ACTION'>: <NormalizationMode.MEAN_STD: 'MEAN_STD'>}
  action std, own [19.067 52.133 47.352] | swapped [31.194 56.724 53.818]
  preprocessor steps: ['RenameObservationsProcessorStep', 'AddBatchDimensionProcessorStep', 'NewLineTaskProcessorStep', 'TokenizerProcessorStep', 'DeviceProcessorStep', 'NormalizerProcessorStep']



recovery_s2000/pool:   0%|          | 1/734 [00:06<1:15:11,  6.15s/it]
recovery_s2000/pool:   0%|          | 2/734 [00:06<32:38,  2.67s/it]  
recovery_s2000/pool:   0%|          | 3/734 [00:06<18:59,  1.56s/it]
recovery_s2000/pool:   1%|          | 4/734 [00:06<12:31,  1.03s/it]
  recovery_s2000 dir 0: 0.39581 / 0.39580 = 1.000

  norm_map: {<FeatureType.VISUAL: 'VISUAL'>: <NormalizationMode.IDENTITY: 'IDENTITY'>, <FeatureType.STATE: 'STATE'>: <NormalizationMode.MEAN_STD: 'MEAN_STD'>, <FeatureType.ACTION: 'ACTION'>: <NormalizationMode.MEAN_STD: 'MEAN_STD'>}
  action std, own [19.067 52.133 47.352] | swapped [31.194 56.724 53.818]
  preprocessor steps: ['RenameObservationsProcessorStep', 'AddBatchDimensionProcessorStep', 'NewLineTaskProcessorStep', 'TokenizerProcessorStep', 'DeviceProcessorStep', 'NormalizerProcessorStep']



recovery_s2000/pool:   0%|          | 1/734 [00:04<53:58,  4.42s/it]
recovery_s2000/pool:   0%|          | 2/734 [00:04<23:41,  1.94s/it]
recovery_s2000/pool:   0%|          | 3/734 [00:04<14:04,  1.15s/it]
  recovery_s2000 dir 1: 0.39058 / 0.39580 = 0.987

  norm_map: {<FeatureType.VISUAL: 'VISUAL'>: <NormalizationMode.IDENTITY: 'IDENTITY'>, <FeatureType.STATE: 'STATE'>: <NormalizationMode.MEAN_STD: 'MEAN_STD'>, <FeatureType.ACTION: 'ACTION'>: <NormalizationMode.MEAN_STD: 'MEAN_STD'>}
  action std, own [19.067 52.133 47.352] | swapped [31.194 56.724 53.818]
  preprocessor steps: ['RenameObservationsProcessorStep', 'AddBatchDimensionProcessorStep', 'NewLineTaskProcessorStep', 'TokenizerProcessorStep', 'DeviceProcessorStep', 'NormalizerProcessorStep']



recovery_s2000/pool:   0%|          | 1/734 [00:03<42:52,  3.51s/it]
recovery_s2000/pool:   0%|          | 2/734 [00:04<23:25,  1.92s/it]
recovery_s2000/pool:   0%|          | 3/734 [00:04<13:48,  1.13s/it]
  recovery_s2000 dir 2: 0.39887 / 0.39580 = 1.008

  norm_map: {<FeatureType.VISUAL: 'VISUAL'>: <NormalizationMode.IDENTITY: 'IDENTITY'>, <FeatureType.STATE: 'STATE'>: <NormalizationMode.MEAN_STD: 'MEAN_STD'>, <FeatureType.ACTION: 'ACTION'>: <NormalizationMode.MEAN_STD: 'MEAN_STD'>}
  action std, own [19.067 52.133 47.352] | swapped [31.194 56.724 53.818]
  preprocessor steps: ['RenameObservationsProcessorStep', 'AddBatchDimensionProcessorStep', 'NewLineTaskProcessorStep', 'TokenizerProcessorStep', 'DeviceProcessorStep', 'NormalizerProcessorStep']



recovery_s2000/pool:   0%|          | 1/734 [00:03<38:51,  3.18s/it]
recovery_s2000/pool:   0%|          | 2/734 [00:03<20:04,  1.65s/it]
  recovery_s2000 dir 3: 0.40587 / 0.39580 = 1.025

  norm_map: {<FeatureType.VISUAL: 'VISUAL'>: <NormalizationMode.IDENTITY: 'IDENTITY'>, <FeatureType.STATE: 'STATE'>: <NormalizationMode.MEAN_STD: 'MEAN_STD'>, <FeatureType.ACTION: 'ACTION'>: <NormalizationMode.MEAN_STD: 'MEAN_STD'>}
  action std, own [19.067 52.133 47.352] | swapped [31.194 56.724 53.818]
  preprocessor steps: ['RenameObservationsProcessorStep', 'AddBatchDimensionProcessorStep', 'NewLineTaskProcessorStep', 'TokenizerProcessorStep', 'DeviceProcessorStep', 'NormalizerProcessorStep']



recovery_s2000/pool:   0%|          | 1/734 [00:03<45:50,  3.75s/it]
recovery_s2000/pool:   0%|          | 2/734 [00:03<20:15,  1.66s/it]
  recovery_s2000 dir 4: 0.40168 / 0.39580 = 1.015
Loading  HuggingFaceTB/SmolVLM2-500M-Video-Instruct weights ...

Loading weights:   0%|          | 1/489 [00:01<09:33,  1.18s/it]
Reducing the number of VLM layers to 16 ...

  norm_map: {<FeatureType.VISUAL: 'VISUAL'>: <NormalizationMode.IDENTITY: 'IDENTITY'>, <FeatureType.STATE: 'STATE'>: <NormalizationMode.MEAN_STD: 'MEAN_STD'>, <FeatureType.ACTION: 'ACTION'>: <NormalizationMode.MEAN_STD: 'MEAN_STD'>}
  action std, own [16.921 56.121 53.273] | swapped [31.194 56.724 53.818]
  preprocessor steps: ['RenameObservationsProcessorStep', 'AddBatchDimensionProcessorStep', 'NewLineTaskProcessorStep', 'TokenizerProcessorStep', 'DeviceProcessorStep', 'NormalizerProcessorStep']



color_s1000/pool:   0%|          | 1/734 [00:07<1:27:10,  7.14s/it]
color_s1000/pool:   0%|          | 2/734 [00:08<42:14,  3.46s/it]  
color_s1000/pool:   0%|          | 3/734 [00:08<24:08,  1.98s/it]
color_s1000/pool:   1%|          | 4/734 [00:08<15:44,  1.29s/it]

  norm_map: {<FeatureType.VISUAL: 'VISUAL'>: <NormalizationMode.IDENTITY: 'IDENTITY'>, <FeatureType.STATE: 'STATE'>: <NormalizationMode.MEAN_STD: 'MEAN_STD'>, <FeatureType.ACTION: 'ACTION'>: <NormalizationMode.MEAN_STD: 'MEAN_STD'>}
  action std, own [16.921 56.121 53.273] | swapped [31.194 56.724 53.818]
  preprocessor steps: ['RenameObservationsProcessorStep', 'AddBatchDimensionProcessorStep', 'NewLineTaskProcessorStep', 'TokenizerProcessorStep', 'DeviceProcessorStep', 'NormalizerProcessorStep']



color_s1000/pool:   0%|          | 1/734 [00:06<1:19:52,  6.54s/it]
color_s1000/pool:   0%|          | 2/734 [00:07<38:05,  3.12s/it]  
color_s1000/pool:   0%|          | 3/734 [00:07<21:51,  1.79s/it]
color_s1000/pool:   1%|          | 4/734 [00:07<14:22,  1.18s/it]
  color_s1000 dir 0: 0.68215 / 0.67751 = 1.007

  norm_map: {<FeatureType.VISUAL: 'VISUAL'>: <NormalizationMode.IDENTITY: 'IDENTITY'>, <FeatureType.STATE: 'STATE'>: <NormalizationMode.MEAN_STD: 'MEAN_STD'>, <FeatureType.ACTION: 'ACTION'>: <NormalizationMode.MEAN_STD: 'MEAN_STD'>}
  action std, own [16.921 56.121 53.273] | swapped [31.194 56.724 53.818]
  preprocessor steps: ['RenameObservationsProcessorStep', 'AddBatchDimensionProcessorStep', 'NewLineTaskProcessorStep', 'TokenizerProcessorStep', 'DeviceProcessorStep', 'NormalizerProcessorStep']



color_s1000/pool:   0%|          | 1/734 [00:03<42:21,  3.47s/it]
color_s1000/pool:   0%|          | 2/734 [00:03<18:51,  1.55s/it]
  color_s1000 dir 1: 0.67497 / 0.67751 = 0.996

  norm_map: {<FeatureType.VISUAL: 'VISUAL'>: <NormalizationMode.IDENTITY: 'IDENTITY'>, <FeatureType.STATE: 'STATE'>: <NormalizationMode.MEAN_STD: 'MEAN_STD'>, <FeatureType.ACTION: 'ACTION'>: <NormalizationMode.MEAN_STD: 'MEAN_STD'>}
  action std, own [16.921 56.121 53.273] | swapped [31.194 56.724 53.818]
  preprocessor steps: ['RenameObservationsProcessorStep', 'AddBatchDimensionProcessorStep', 'NewLineTaskProcessorStep', 'TokenizerProcessorStep', 'DeviceProcessorStep', 'NormalizerProcessorStep']



color_s1000/pool:   0%|          | 1/734 [00:04<1:01:04,  5.00s/it]
color_s1000/pool:   0%|          | 2/734 [00:06<32:17,  2.65s/it]  
color_s1000/pool:   0%|          | 3/734 [00:06<18:38,  1.53s/it]
color_s1000/pool:   1%|          | 4/734 [00:06<12:21,  1.02s/it]
  color_s1000 dir 2: 0.67970 / 0.67751 = 1.003

  norm_map: {<FeatureType.VISUAL: 'VISUAL'>: <NormalizationMode.IDENTITY: 'IDENTITY'>, <FeatureType.STATE: 'STATE'>: <NormalizationMode.MEAN_STD: 'MEAN_STD'>, <FeatureType.ACTION: 'ACTION'>: <NormalizationMode.MEAN_STD: 'MEAN_STD'>}
  action std, own [16.921 56.121 53.273] | swapped [31.194 56.724 53.818]
  preprocessor steps: ['RenameObservationsProcessorStep', 'AddBatchDimensionProcessorStep', 'NewLineTaskProcessorStep', 'TokenizerProcessorStep', 'DeviceProcessorStep', 'NormalizerProcessorStep']



color_s1000/pool:   0%|          | 1/734 [00:04<57:36,  4.72s/it]
color_s1000/pool:   0%|          | 2/734 [00:05<28:13,  2.31s/it]
color_s1000/pool:   0%|          | 3/734 [00:05<16:24,  1.35s/it]
  color_s1000 dir 3: 0.68411 / 0.67751 = 1.010

  norm_map: {<FeatureType.VISUAL: 'VISUAL'>: <NormalizationMode.IDENTITY: 'IDENTITY'>, <FeatureType.STATE: 'STATE'>: <NormalizationMode.MEAN_STD: 'MEAN_STD'>, <FeatureType.ACTION: 'ACTION'>: <NormalizationMode.MEAN_STD: 'MEAN_STD'>}
  action std, own [16.921 56.121 53.273] | swapped [31.194 56.724 53.818]
  preprocessor steps: ['RenameObservationsProcessorStep', 'AddBatchDimensionProcessorStep', 'NewLineTaskProcessorStep', 'TokenizerProcessorStep', 'DeviceProcessorStep', 'NormalizerProcessorStep']



color_s1000/pool:   0%|          | 1/734 [00:04<1:00:50,  4.98s/it]
color_s1000/pool:   0%|          | 2/734 [00:06<33:47,  2.77s/it]  
color_s1000/pool:   0%|          | 3/734 [00:06<19:31,  1.60s/it]
color_s1000/pool:   1%|          | 4/734 [00:06<12:51,  1.06s/it]
  color_s1000 dir 4: 0.68628 / 0.67751 = 1.013
Loading  HuggingFaceTB/SmolVLM2-500M-Video-Instruct weights ...

Loading weights:   0%|          | 1/489 [00:01<10:04,  1.24s/it]
Reducing the number of VLM layers to 16 ...

  norm_map: {<FeatureType.VISUAL: 'VISUAL'>: <NormalizationMode.IDENTITY: 'IDENTITY'>, <FeatureType.STATE: 'STATE'>: <NormalizationMode.MEAN_STD: 'MEAN_STD'>, <FeatureType.ACTION: 'ACTION'>: <NormalizationMode.MEAN_STD: 'MEAN_STD'>}
  action std, own [16.921 56.121 53.273] | swapped [31.194 56.724 53.818]
  preprocessor steps: ['RenameObservationsProcessorStep', 'AddBatchDimensionProcessorStep', 'NewLineTaskProcessorStep', 'TokenizerProcessorStep', 'DeviceProcessorStep', 'NormalizerProcessorStep']



color_s2000/pool:   0%|          | 1/734 [00:05<1:06:08,  5.41s/it]
color_s2000/pool:   0%|          | 2/734 [00:05<28:38,  2.35s/it]  
color_s2000/pool:   0%|          | 3/734 [00:05<16:43,  1.37s/it]

  norm_map: {<FeatureType.VISUAL: 'VISUAL'>: <NormalizationMode.IDENTITY: 'IDENTITY'>, <FeatureType.STATE: 'STATE'>: <NormalizationMode.MEAN_STD: 'MEAN_STD'>, <FeatureType.ACTION: 'ACTION'>: <NormalizationMode.MEAN_STD: 'MEAN_STD'>}
  action std, own [16.921 56.121 53.273] | swapped [31.194 56.724 53.818]
  preprocessor steps: ['RenameObservationsProcessorStep', 'AddBatchDimensionProcessorStep', 'NewLineTaskProcessorStep', 'TokenizerProcessorStep', 'DeviceProcessorStep', 'NormalizerProcessorStep']



color_s2000/pool:   0%|          | 1/734 [00:07<1:26:38,  7.09s/it]
color_s2000/pool:   0%|          | 2/734 [00:07<37:07,  3.04s/it]  
color_s2000/pool:   0%|          | 3/734 [00:07<21:29,  1.76s/it]
color_s2000/pool:   1%|          | 4/734 [00:07<14:00,  1.15s/it]
  color_s2000 dir 0: 0.68144 / 0.67515 = 1.009

  norm_map: {<FeatureType.VISUAL: 'VISUAL'>: <NormalizationMode.IDENTITY: 'IDENTITY'>, <FeatureType.STATE: 'STATE'>: <NormalizationMode.MEAN_STD: 'MEAN_STD'>, <FeatureType.ACTION: 'ACTION'>: <NormalizationMode.MEAN_STD: 'MEAN_STD'>}
  action std, own [16.921 56.121 53.273] | swapped [31.194 56.724 53.818]
  preprocessor steps: ['RenameObservationsProcessorStep', 'AddBatchDimensionProcessorStep', 'NewLineTaskProcessorStep', 'TokenizerProcessorStep', 'DeviceProcessorStep', 'NormalizerProcessorStep']



color_s2000/pool:   0%|          | 1/734 [00:04<56:20,  4.61s/it]
color_s2000/pool:   0%|          | 2/734 [00:05<31:07,  2.55s/it]
color_s2000/pool:   0%|          | 3/734 [00:05<18:03,  1.48s/it]
  color_s2000 dir 1: 0.67252 / 0.67515 = 0.996

  norm_map: {<FeatureType.VISUAL: 'VISUAL'>: <NormalizationMode.IDENTITY: 'IDENTITY'>, <FeatureType.STATE: 'STATE'>: <NormalizationMode.MEAN_STD: 'MEAN_STD'>, <FeatureType.ACTION: 'ACTION'>: <NormalizationMode.MEAN_STD: 'MEAN_STD'>}
  action std, own [16.921 56.121 53.273] | swapped [31.194 56.724 53.818]
  preprocessor steps: ['RenameObservationsProcessorStep', 'AddBatchDimensionProcessorStep', 'NewLineTaskProcessorStep', 'TokenizerProcessorStep', 'DeviceProcessorStep', 'NormalizerProcessorStep']



color_s2000/pool:   0%|          | 1/734 [00:07<1:26:39,  7.09s/it]
color_s2000/pool:   0%|          | 2/734 [00:07<37:16,  3.06s/it]  
color_s2000/pool:   0%|          | 3/734 [00:07<21:26,  1.76s/it]
color_s2000/pool:   1%|          | 4/734 [00:07<13:57,  1.15s/it]
  color_s2000 dir 2: 0.67843 / 0.67515 = 1.005

  norm_map: {<FeatureType.VISUAL: 'VISUAL'>: <NormalizationMode.IDENTITY: 'IDENTITY'>, <FeatureType.STATE: 'STATE'>: <NormalizationMode.MEAN_STD: 'MEAN_STD'>, <FeatureType.ACTION: 'ACTION'>: <NormalizationMode.MEAN_STD: 'MEAN_STD'>}
  action std, own [16.921 56.121 53.273] | swapped [31.194 56.724 53.818]
  preprocessor steps: ['RenameObservationsProcessorStep', 'AddBatchDimensionProcessorStep', 'NewLineTaskProcessorStep', 'TokenizerProcessorStep', 'DeviceProcessorStep', 'NormalizerProcessorStep']



color_s2000/pool:   0%|          | 1/734 [00:04<54:46,  4.48s/it]
color_s2000/pool:   0%|          | 2/734 [00:05<27:54,  2.29s/it]
color_s2000/pool:   0%|          | 3/734 [00:05<16:15,  1.33s/it]
  color_s2000 dir 3: 0.68131 / 0.67515 = 1.009

  norm_map: {<FeatureType.VISUAL: 'VISUAL'>: <NormalizationMode.IDENTITY: 'IDENTITY'>, <FeatureType.STATE: 'STATE'>: <NormalizationMode.MEAN_STD: 'MEAN_STD'>, <FeatureType.ACTION: 'ACTION'>: <NormalizationMode.MEAN_STD: 'MEAN_STD'>}
  action std, own [16.921 56.121 53.273] | swapped [31.194 56.724 53.818]
  preprocessor steps: ['RenameObservationsProcessorStep', 'AddBatchDimensionProcessorStep', 'NewLineTaskProcessorStep', 'TokenizerProcessorStep', 'DeviceProcessorStep', 'NormalizerProcessorStep']



color_s2000/pool:   0%|          | 1/734 [00:05<1:04:44,  5.30s/it]
color_s2000/pool:   0%|          | 2/734 [00:05<28:49,  2.36s/it]  
color_s2000/pool:   0%|          | 3/734 [00:05<16:47,  1.38s/it]
  color_s2000 dir 4: 0.68595 / 0.67515 = 1.016
Loading  HuggingFaceTB/SmolVLM2-500M-Video-Instruct weights ...

Loading weights:   0%|          | 1/489 [00:01<08:57,  1.10s/it]
Reducing the number of VLM layers to 16 ...

  norm_map: {<FeatureType.VISUAL: 'VISUAL'>: <NormalizationMode.IDENTITY: 'IDENTITY'>, <FeatureType.STATE: 'STATE'>: <NormalizationMode.MEAN_STD: 'MEAN_STD'>, <FeatureType.ACTION: 'ACTION'>: <NormalizationMode.MEAN_STD: 'MEAN_STD'>}
  action std, own [17.338 53.606 48.092] | swapped [31.194 56.724 53.818]
  preprocessor steps: ['RenameObservationsProcessorStep', 'AddBatchDimensionProcessorStep', 'NewLineTaskProcessorStep', 'TokenizerProcessorStep', 'DeviceProcessorStep', 'NormalizerProcessorStep']



color_slowpace/pool:   0%|          | 1/734 [00:06<1:23:44,  6.85s/it]
color_slowpace/pool:   0%|          | 2/734 [00:07<41:19,  3.39s/it]  
color_slowpace/pool:   0%|          | 3/734 [00:08<23:35,  1.94s/it]
color_slowpace/pool:   1%|          | 4/734 [00:08<15:18,  1.26s/it]

  norm_map: {<FeatureType.VISUAL: 'VISUAL'>: <NormalizationMode.IDENTITY: 'IDENTITY'>, <FeatureType.STATE: 'STATE'>: <NormalizationMode.MEAN_STD: 'MEAN_STD'>, <FeatureType.ACTION: 'ACTION'>: <NormalizationMode.MEAN_STD: 'MEAN_STD'>}
  action std, own [17.338 53.606 48.092] | swapped [31.194 56.724 53.818]
  preprocessor steps: ['RenameObservationsProcessorStep', 'AddBatchDimensionProcessorStep', 'NewLineTaskProcessorStep', 'TokenizerProcessorStep', 'DeviceProcessorStep', 'NormalizerProcessorStep']



color_slowpace/pool:   0%|          | 1/734 [00:06<1:17:49,  6.37s/it]
color_slowpace/pool:   0%|          | 2/734 [00:06<33:27,  2.74s/it]  
color_slowpace/pool:   0%|          | 3/734 [00:06<19:23,  1.59s/it]
color_slowpace/pool:   1%|          | 4/734 [00:07<12:43,  1.05s/it]
  color_slowpace dir 0: 0.55277 / 0.54948 = 1.006

  norm_map: {<FeatureType.VISUAL: 'VISUAL'>: <NormalizationMode.IDENTITY: 'IDENTITY'>, <FeatureType.STATE: 'STATE'>: <NormalizationMode.MEAN_STD: 'MEAN_STD'>, <FeatureType.ACTION: 'ACTION'>: <NormalizationMode.MEAN_STD: 'MEAN_STD'>}
  action std, own [17.338 53.606 48.092] | swapped [31.194 56.724 53.818]
  preprocessor steps: ['RenameObservationsProcessorStep', 'AddBatchDimensionProcessorStep', 'NewLineTaskProcessorStep', 'TokenizerProcessorStep', 'DeviceProcessorStep', 'NormalizerProcessorStep']



color_slowpace/pool:   0%|          | 1/734 [00:06<1:20:07,  6.56s/it]
color_slowpace/pool:   0%|          | 2/734 [00:06<34:33,  2.83s/it]  
color_slowpace/pool:   0%|          | 3/734 [00:07<20:02,  1.65s/it]
color_slowpace/pool:   1%|          | 4/734 [00:07<13:03,  1.07s/it]
  color_slowpace dir 1: 0.54344 / 0.54948 = 0.989

  norm_map: {<FeatureType.VISUAL: 'VISUAL'>: <NormalizationMode.IDENTITY: 'IDENTITY'>, <FeatureType.STATE: 'STATE'>: <NormalizationMode.MEAN_STD: 'MEAN_STD'>, <FeatureType.ACTION: 'ACTION'>: <NormalizationMode.MEAN_STD: 'MEAN_STD'>}
  action std, own [17.338 53.606 48.092] | swapped [31.194 56.724 53.818]
  preprocessor steps: ['RenameObservationsProcessorStep', 'AddBatchDimensionProcessorStep', 'NewLineTaskProcessorStep', 'TokenizerProcessorStep', 'DeviceProcessorStep', 'NormalizerProcessorStep']



color_slowpace/pool:   0%|          | 1/734 [00:06<1:20:44,  6.61s/it]
color_slowpace/pool:   0%|          | 2/734 [00:07<36:20,  2.98s/it]  
color_slowpace/pool:   0%|          | 3/734 [00:07<20:50,  1.71s/it]
color_slowpace/pool:   1%|          | 4/734 [00:07<13:37,  1.12s/it]
  color_slowpace dir 2: 0.55552 / 0.54948 = 1.011

  norm_map: {<FeatureType.VISUAL: 'VISUAL'>: <NormalizationMode.IDENTITY: 'IDENTITY'>, <FeatureType.STATE: 'STATE'>: <NormalizationMode.MEAN_STD: 'MEAN_STD'>, <FeatureType.ACTION: 'ACTION'>: <NormalizationMode.MEAN_STD: 'MEAN_STD'>}
  action std, own [17.338 53.606 48.092] | swapped [31.194 56.724 53.818]
  preprocessor steps: ['RenameObservationsProcessorStep', 'AddBatchDimensionProcessorStep', 'NewLineTaskProcessorStep', 'TokenizerProcessorStep', 'DeviceProcessorStep', 'NormalizerProcessorStep']



color_slowpace/pool:   0%|          | 1/734 [00:06<1:15:45,  6.20s/it]
color_slowpace/pool:   0%|          | 2/734 [00:07<40:06,  3.29s/it]  
color_slowpace/pool:   0%|          | 3/734 [00:07<23:01,  1.89s/it]
color_slowpace/pool:   1%|          | 4/734 [00:07<15:01,  1.23s/it]
  color_slowpace dir 3: 0.56282 / 0.54948 = 1.024

  norm_map: {<FeatureType.VISUAL: 'VISUAL'>: <NormalizationMode.IDENTITY: 'IDENTITY'>, <FeatureType.STATE: 'STATE'>: <NormalizationMode.MEAN_STD: 'MEAN_STD'>, <FeatureType.ACTION: 'ACTION'>: <NormalizationMode.MEAN_STD: 'MEAN_STD'>}
  action std, own [17.338 53.606 48.092] | swapped [31.194 56.724 53.818]
  preprocessor steps: ['RenameObservationsProcessorStep', 'AddBatchDimensionProcessorStep', 'NewLineTaskProcessorStep', 'TokenizerProcessorStep', 'DeviceProcessorStep', 'NormalizerProcessorStep']



color_slowpace/pool:   0%|          | 1/734 [00:02<36:20,  2.97s/it]
color_slowpace/pool:   0%|          | 2/734 [00:03<21:22,  1.75s/it]
color_slowpace/pool:   0%|          | 3/734 [00:04<12:47,  1.05s/it]
  color_slowpace dir 4: 0.55757 / 0.54948 = 1.015
Loading  HuggingFaceTB/SmolVLM2-500M-Video-Instruct weights ...

Reducing the number of VLM layers to 16 ...

  norm_map: {<FeatureType.VISUAL: 'VISUAL'>: <NormalizationMode.IDENTITY: 'IDENTITY'>, <FeatureType.STATE: 'STATE'>: <NormalizationMode.MEAN_STD: 'MEAN_STD'>, <FeatureType.ACTION: 'ACTION'>: <NormalizationMode.MEAN_STD: 'MEAN_STD'>}
  action std, own [20.046 52.496 49.821] | swapped [31.194 56.724 53.818]
  preprocessor steps: ['RenameObservationsProcessorStep', 'AddBatchDimensionProcessorStep', 'NewLineTaskProcessorStep', 'TokenizerProcessorStep', 'DeviceProcessorStep', 'NormalizerProcessorStep']



density/pool:   0%|          | 1/734 [00:06<1:20:51,  6.62s/it]
density/pool:   0%|          | 2/734 [00:06<34:38,  2.84s/it]  
density/pool:   0%|          | 3/734 [00:07<20:01,  1.64s/it]
density/pool:   1%|          | 4/734 [00:07<13:02,  1.07s/it]

  norm_map: {<FeatureType.VISUAL: 'VISUAL'>: <NormalizationMode.IDENTITY: 'IDENTITY'>, <FeatureType.STATE: 'STATE'>: <NormalizationMode.MEAN_STD: 'MEAN_STD'>, <FeatureType.ACTION: 'ACTION'>: <NormalizationMode.MEAN_STD: 'MEAN_STD'>}
  action std, own [20.046 52.496 49.821] | swapped [31.194 56.724 53.818]
  preprocessor steps: ['RenameObservationsProcessorStep', 'AddBatchDimensionProcessorStep', 'NewLineTaskProcessorStep', 'TokenizerProcessorStep', 'DeviceProcessorStep', 'NormalizerProcessorStep']



density/pool:   0%|          | 1/734 [00:06<1:21:11,  6.65s/it]
density/pool:   0%|          | 2/734 [00:07<39:01,  3.20s/it]  
density/pool:   0%|          | 3/734 [00:07<22:22,  1.84s/it]
density/pool:   1%|          | 4/734 [00:07<14:40,  1.21s/it]
  density dir 0: 0.52210 / 0.51173 = 1.020

  norm_map: {<FeatureType.VISUAL: 'VISUAL'>: <NormalizationMode.IDENTITY: 'IDENTITY'>, <FeatureType.STATE: 'STATE'>: <NormalizationMode.MEAN_STD: 'MEAN_STD'>, <FeatureType.ACTION: 'ACTION'>: <NormalizationMode.MEAN_STD: 'MEAN_STD'>}
  action std, own [20.046 52.496 49.821] | swapped [31.194 56.724 53.818]
  preprocessor steps: ['RenameObservationsProcessorStep', 'AddBatchDimensionProcessorStep', 'NewLineTaskProcessorStep', 'TokenizerProcessorStep', 'DeviceProcessorStep', 'NormalizerProcessorStep']



density/pool:   0%|          | 1/734 [00:06<1:22:04,  6.72s/it]
density/pool:   0%|          | 2/734 [00:06<35:16,  2.89s/it]  
density/pool:   0%|          | 3/734 [00:07<20:25,  1.68s/it]
density/pool:   1%|          | 4/734 [00:07<13:26,  1.10s/it]
  density dir 1: 0.52646 / 0.51173 = 1.029

  norm_map: {<FeatureType.VISUAL: 'VISUAL'>: <NormalizationMode.IDENTITY: 'IDENTITY'>, <FeatureType.STATE: 'STATE'>: <NormalizationMode.MEAN_STD: 'MEAN_STD'>, <FeatureType.ACTION: 'ACTION'>: <NormalizationMode.MEAN_STD: 'MEAN_STD'>}
  action std, own [20.046 52.496 49.821] | swapped [31.194 56.724 53.818]
  preprocessor steps: ['RenameObservationsProcessorStep', 'AddBatchDimensionProcessorStep', 'NewLineTaskProcessorStep', 'TokenizerProcessorStep', 'DeviceProcessorStep', 'NormalizerProcessorStep']



density/pool:   0%|          | 1/734 [00:06<1:13:43,  6.04s/it]
density/pool:   0%|          | 2/734 [00:07<39:21,  3.23s/it]  
density/pool:   0%|          | 3/734 [00:07<22:33,  1.85s/it]
density/pool:   1%|          | 4/734 [00:07<14:43,  1.21s/it]
  density dir 2: 0.51750 / 0.51173 = 1.011

  norm_map: {<FeatureType.VISUAL: 'VISUAL'>: <NormalizationMode.IDENTITY: 'IDENTITY'>, <FeatureType.STATE: 'STATE'>: <NormalizationMode.MEAN_STD: 'MEAN_STD'>, <FeatureType.ACTION: 'ACTION'>: <NormalizationMode.MEAN_STD: 'MEAN_STD'>}
  action std, own [20.046 52.496 49.821] | swapped [31.194 56.724 53.818]
  preprocessor steps: ['RenameObservationsProcessorStep', 'AddBatchDimensionProcessorStep', 'NewLineTaskProcessorStep', 'TokenizerProcessorStep', 'DeviceProcessorStep', 'NormalizerProcessorStep']



density/pool:   0%|          | 1/734 [00:06<1:20:26,  6.59s/it]
density/pool:   0%|          | 2/734 [00:06<34:45,  2.85s/it]  
density/pool:   0%|          | 3/734 [00:07<20:16,  1.66s/it]
density/pool:   1%|          | 4/734 [00:07<13:15,  1.09s/it]
  density dir 3: 0.51250 / 0.51173 = 1.002

  norm_map: {<FeatureType.VISUAL: 'VISUAL'>: <NormalizationMode.IDENTITY: 'IDENTITY'>, <FeatureType.STATE: 'STATE'>: <NormalizationMode.MEAN_STD: 'MEAN_STD'>, <FeatureType.ACTION: 'ACTION'>: <NormalizationMode.MEAN_STD: 'MEAN_STD'>}
  action std, own [20.046 52.496 49.821] | swapped [31.194 56.724 53.818]
  preprocessor steps: ['RenameObservationsProcessorStep', 'AddBatchDimensionProcessorStep', 'NewLineTaskProcessorStep', 'TokenizerProcessorStep', 'DeviceProcessorStep', 'NormalizerProcessorStep']



density/pool:   0%|          | 1/734 [00:06<1:17:35,  6.35s/it]
density/pool:   0%|          | 2/734 [00:06<36:09,  2.96s/it]  
density/pool:   0%|          | 3/734 [00:07<20:51,  1.71s/it]
density/pool:   1%|          | 4/734 [00:07<13:45,  1.13s/it]
  density dir 4: 0.52085 / 0.51173 = 1.018

          policy dataset  n_episodes  ref_loss  mean_ratio  sd_ratio  common  rho
     clean_s1000    pool          20    0.5870      1.0067    0.0159    True  0.1
     clean_s2000    pool          20    0.5795      1.0078    0.0164    True  0.1
randomized_s1000    pool          20    0.3727      1.0133    0.0102    True  0.1
randomized_s2000    pool          20    0.3754      1.0127    0.0096    True  0.1
  recovery_s1000    pool          20    0.4058      1.0031    0.0129    True  0.1
  recovery_s2000    pool          20    0.3958      1.0070    0.0131    True  0.1
     color_s1000    pool          20    0.6775      1.0058    0.0057    True  0.1
     color_s2000    pool          20    0.6752      1.0071    0.0065    True  0.1
  color_slowpace    pool          20    0.5495      1.0090    0.0117    True  0.1
         density    pool          20    0.5117      1.0159    0.0091    True  0.1

wrote analysis/out_loss/sharpness_rho0.1_common.json
