training episodes: [19, 20, 28, 32, 33, 55, 68, 72, 73, 86, 127, 135, 141, 174, 176, 191, 204, 229, 230, 257]

Loading  HuggingFaceTB/SmolVLM2-500M-Video-Instruct weights ...
`torch_dtype` is deprecated! Use `dtype` instead!

Loading weights:   0%|          | 1/489 [00:01<09:28,  1.17s/it]
Reducing the number of VLM layers to 16 ...
  preprocessor steps: ['RenameObservationsProcessorStep', 'AddBatchDimensionProcessorStep', 'NewLineTaskProcessorStep', 'TokenizerProcessorStep', 'DeviceProcessorStep', 'NormalizerProcessorStep']



Fetching 12 files:  58%|█████▊    | 7/12 [00:05<00:05,  1.05s/it]

density5_s1000/pool:   0%|          | 1/740 [00:05<1:11:30,  5.81s/it]
density5_s1000/pool:   0%|          | 2/740 [00:06<31:03,  2.52s/it]  
density5_s1000/pool:   0%|          | 3/740 [00:06<17:57,  1.46s/it]
    density5_s1000 on pool        masked 0.04689 ± 0.00111   reported 0.04592   (20 eps, 11836 frames)
Loading  HuggingFaceTB/SmolVLM2-500M-Video-Instruct weights ...

Reducing the number of VLM layers to 16 ...
  preprocessor steps: ['RenameObservationsProcessorStep', 'AddBatchDimensionProcessorStep', 'NewLineTaskProcessorStep', 'TokenizerProcessorStep', 'DeviceProcessorStep', 'NormalizerProcessorStep']



density5_s2000/pool:   0%|          | 1/740 [00:06<1:16:59,  6.25s/it]
density5_s2000/pool:   0%|          | 2/740 [00:07<37:16,  3.03s/it]  
density5_s2000/pool:   0%|          | 3/740 [00:07<21:21,  1.74s/it]
density5_s2000/pool:   1%|          | 4/740 [00:07<13:56,  1.14s/it]
    density5_s2000 on pool        masked 0.04703 ± 0.00115   reported 0.04608   (20 eps, 11836 frames)
Loading  HuggingFaceTB/SmolVLM2-500M-Video-Instruct weights ...

Reducing the number of VLM layers to 16 ...
  preprocessor steps: ['RenameObservationsProcessorStep', 'AddBatchDimensionProcessorStep', 'NewLineTaskProcessorStep', 'TokenizerProcessorStep', 'DeviceProcessorStep', 'NormalizerProcessorStep']



density10_s1000/pool:   0%|          | 1/740 [00:04<56:16,  4.57s/it]
density10_s1000/pool:   0%|          | 2/740 [00:04<24:36,  2.00s/it]
density10_s1000/pool:   0%|          | 3/740 [00:04<14:32,  1.18s/it]
   density10_s1000 on pool        masked 0.04716 ± 0.00100   reported 0.04627   (20 eps, 11836 frames)
Loading  HuggingFaceTB/SmolVLM2-500M-Video-Instruct weights ...

Loading weights:   0%|          | 1/489 [00:01<08:24,  1.03s/it]
Reducing the number of VLM layers to 16 ...
  preprocessor steps: ['RenameObservationsProcessorStep', 'AddBatchDimensionProcessorStep', 'NewLineTaskProcessorStep', 'TokenizerProcessorStep', 'DeviceProcessorStep', 'NormalizerProcessorStep']



density10_s2000/pool:   0%|          | 1/740 [00:05<1:06:20,  5.39s/it]
density10_s2000/pool:   0%|          | 2/740 [00:05<28:49,  2.34s/it]  
density10_s2000/pool:   0%|          | 3/740 [00:05<16:57,  1.38s/it]
   density10_s2000 on pool        masked 0.04700 ± 0.00101   reported 0.04611   (20 eps, 11836 frames)
Loading  HuggingFaceTB/SmolVLM2-500M-Video-Instruct weights ...

Reducing the number of VLM layers to 16 ...
  preprocessor steps: ['RenameObservationsProcessorStep', 'AddBatchDimensionProcessorStep', 'NewLineTaskProcessorStep', 'TokenizerProcessorStep', 'DeviceProcessorStep', 'NormalizerProcessorStep']



density25_s1000/pool:   0%|          | 1/740 [00:03<46:17,  3.76s/it]
density25_s1000/pool:   0%|          | 2/740 [00:04<23:15,  1.89s/it]
density25_s1000/pool:   0%|          | 3/740 [00:04<13:46,  1.12s/it]
   density25_s1000 on pool        masked 0.05048 ± 0.00116   reported 0.04957   (20 eps, 11836 frames)
Loading  HuggingFaceTB/SmolVLM2-500M-Video-Instruct weights ...

Reducing the number of VLM layers to 16 ...
  preprocessor steps: ['RenameObservationsProcessorStep', 'AddBatchDimensionProcessorStep', 'NewLineTaskProcessorStep', 'TokenizerProcessorStep', 'DeviceProcessorStep', 'NormalizerProcessorStep']



density25_s2000/pool:   0%|          | 1/740 [00:04<54:20,  4.41s/it]
density25_s2000/pool:   0%|          | 2/740 [00:04<23:50,  1.94s/it]
density25_s2000/pool:   0%|          | 3/740 [00:04<14:10,  1.15s/it]
   density25_s2000 on pool        masked 0.05003 ± 0.00115   reported 0.04912   (20 eps, 11836 frames)
Loading  HuggingFaceTB/SmolVLM2-500M-Video-Instruct weights ...

Loading weights:   0%|          | 1/489 [00:01<08:40,  1.07s/it]
Reducing the number of VLM layers to 16 ...
  preprocessor steps: ['RenameObservationsProcessorStep', 'AddBatchDimensionProcessorStep', 'NewLineTaskProcessorStep', 'TokenizerProcessorStep', 'DeviceProcessorStep', 'NormalizerProcessorStep']



density50_s1000/pool:   0%|          | 1/740 [00:04<53:17,  4.33s/it]
density50_s1000/pool:   0%|          | 2/740 [00:05<27:54,  2.27s/it]
density50_s1000/pool:   0%|          | 3/740 [00:05<16:17,  1.33s/it]
   density50_s1000 on pool        masked 0.05467 ± 0.00145   reported 0.05374   (20 eps, 11836 frames)
Loading  HuggingFaceTB/SmolVLM2-500M-Video-Instruct weights ...

Reducing the number of VLM layers to 16 ...
  preprocessor steps: ['RenameObservationsProcessorStep', 'AddBatchDimensionProcessorStep', 'NewLineTaskProcessorStep', 'TokenizerProcessorStep', 'DeviceProcessorStep', 'NormalizerProcessorStep']



density50_s2000/pool:   0%|          | 1/740 [00:06<1:17:19,  6.28s/it]
density50_s2000/pool:   0%|          | 2/740 [00:06<34:02,  2.77s/it]  
density50_s2000/pool:   0%|          | 3/740 [00:06<19:42,  1.60s/it]
density50_s2000/pool:   1%|          | 4/740 [00:07<13:00,  1.06s/it]
   density50_s2000 on pool        masked 0.05464 ± 0.00150   reported 0.05374   (20 eps, 11836 frames)
Loading  HuggingFaceTB/SmolVLM2-500M-Video-Instruct weights ...

Loading weights:   0%|          | 1/489 [00:01<08:30,  1.05s/it]
Reducing the number of VLM layers to 16 ...
  preprocessor steps: ['RenameObservationsProcessorStep', 'AddBatchDimensionProcessorStep', 'NewLineTaskProcessorStep', 'TokenizerProcessorStep', 'DeviceProcessorStep', 'NormalizerProcessorStep']



density25_fixedstep/pool:   0%|          | 1/740 [00:04<58:10,  4.72s/it]
density25_fixedstep/pool:   0%|          | 2/740 [00:04<25:23,  2.06s/it]
density25_fixedstep/pool:   0%|          | 3/740 [00:05<14:58,  1.22s/it]
density25_fixedstep on pool        masked 0.09129 ± 0.00293   reported 0.09012   (20 eps, 11836 frames)
Loading  HuggingFaceTB/SmolVLM2-500M-Video-Instruct weights ...

Reducing the number of VLM layers to 16 ...
  preprocessor steps: ['RenameObservationsProcessorStep', 'AddBatchDimensionProcessorStep', 'NewLineTaskProcessorStep', 'TokenizerProcessorStep', 'DeviceProcessorStep', 'NormalizerProcessorStep']



density50_fixedstep/pool:   0%|          | 1/740 [00:03<48:30,  3.94s/it]
density50_fixedstep/pool:   0%|          | 2/740 [00:04<21:24,  1.74s/it]
density50_fixedstep/pool:   0%|          | 3/740 [00:04<12:50,  1.05s/it]
density50_fixedstep on pool        masked 0.10003 ± 0.00368   reported 0.09886   (20 eps, 11836 frames)

policy                train    held-out  ratio
density5_s1000       0.04689  0.20001  4.27
density5_s2000       0.04703  0.20167  4.29
density10_s1000      0.04716  0.16915  3.59
density10_s2000      0.04700  0.17161  3.65
density25_s1000      0.05048  0.14517  2.88
density25_s2000      0.05003  0.14541  2.91
density50_s1000      0.05467  0.13034  2.38
density50_s2000      0.05464  0.12957  2.37
density25_fixedstep  0.09129  0.10760  1.18
density50_fixedstep  0.10003  0.10271  1.03

wrote analysis/out_loss/train_side.json
